00:00 +0: loading C:/Projects/VeraProb/test/application/adapters/realtime_data_provider_connection_test.dart
00:00 +0: C:/Projects/VeraProb/test/application/adapters/realtime_data_provider_connection_test.dart: RealtimeDataProvider Connection Coverage isConnected initial state
00:00 +1: C:/Projects/VeraProb/test/application/adapters/realtime_data_provider_test.dart: RealtimeDataProvider onPayloadReceived ignores empty payload
00:00 +2: C:/Projects/VeraProb/test/application/adapters/realtime_data_provider_test.dart: RealtimeDataProvider onPayloadReceived parses and buffers position successfully
[TELEMETRY] Payload received | trip=trip1 | buffer=1 vehicles
00:00 +3: C:/Projects/VeraProb/test/application/adapters/realtime_data_provider_test.dart: RealtimeDataProvider onPayloadReceived swallows parsing errors gently
[TELEMETRY] Error parsing payload: type 'String' is not a subtype of type 'num' in type cast
00:00 +4: C:/Projects/VeraProb/test/application/adapters/realtime_data_provider_test.dart: RealtimeDataProvider onPayloadReceived deduplicates: does not emit identical snapshot
[TELEMETRY] Payload received | trip=trip1 | buffer=1 vehicles
[TELEMETRY] Payload received | trip=trip1 | buffer=1 vehicles
00:00 +5: C:/Projects/VeraProb/test/application/adapters/realtime_data_provider_test.dart: RealtimeDataProvider onPayloadReceived evicts stale entries from buffer
[TELEMETRY] Payload received | trip=trip-fresh | buffer=1 vehicles
[TELEMETRY] Payload received | trip=trip-old | buffer=1 vehicles
[TELEMETRY] Payload received | trip=trip-fresh-2 | buffer=2 vehicles
00:00 +6: C:/Projects/VeraProb/test/application/adapters/simulation_data_provider_test.dart: SimulationDataProvider isConnected is false before connect()
00:00 +7: C:/Projects/VeraProb/test/application/adapters/simulation_data_provider_test.dart: SimulationDataProvider isConnected is true after connect()
00:00 +8: C:/Projects/VeraProb/test/application/adapters/simulation_data_provider_test.dart: SimulationDataProvider positionStream forwards emissions from FleetSimulationService
00:00 +9: C:/Projects/VeraProb/test/application/adapters/simulation_data_provider_test.dart: SimulationDataProvider connect() is idempotent ÔÇö calling twice does not throw
00:00 +10: C:/Projects/VeraProb/test/application/adapters/simulation_data_provider_test.dart: SimulationDataProvider disconnect() sets isConnected to false
00:00 +11: C:/Projects/VeraProb/test/application/adapters/simulation_data_provider_test.dart: SimulationDataProvider disconnect() when not connected is safe (no throw)
00:01 +12: C:/Projects/VeraProb/test/application/admin/accept_invitation_handler_test.dart: (setUpAll)
00:01 +12: C:/Projects/VeraProb/test/application/admin/accept_invitation_handler_test.dart: AcceptInvitationHandler Token vazio lan├ºa DomainException sem chamar RPC
00:01 +13: C:/Projects/VeraProb/test/application/admin/accept_invitation_handler_test.dart: AcceptInvitationHandler UserId vazio lan├ºa DomainException sem chamar RPC
00:01 +14: C:/Projects/VeraProb/test/application/admin/accept_invitation_handler_test.dart: AcceptInvitationHandler Token e userId v├ílidos delegam para commandService
00:01 +15: C:/Projects/VeraProb/test/application/admin/accept_invitation_handler_test.dart: (tearDownAll)
00:01 +15: C:/Projects/VeraProb/test/application/admin/change_user_role_handler_test.dart: (setUpAll)
00:01 +15: C:/Projects/VeraProb/test/application/admin/change_user_role_handler_test.dart: ChangeUserRoleHandler Rejeita n├úo-admin (operator/auditor)
00:01 +16: C:/Projects/VeraProb/test/application/admin/change_user_role_handler_test.dart: ChangeUserRoleHandler Passa para admin v├ílido
00:01 +17: C:/Projects/VeraProb/test/application/admin/change_user_role_handler_test.dart: (tearDownAll)
00:01 +17: C:/Projects/VeraProb/test/application/admin/invite_user_handler_test.dart: (setUpAll)
00:01 +17: C:/Projects/VeraProb/test/application/admin/invite_user_handler_test.dart: InviteUserHandler Rejeita operator ÔÇö n├úo tem canInviteUsers
00:01 +18: C:/Projects/VeraProb/test/application/admin/invite_user_handler_test.dart: InviteUserHandler Rejeita auditor ÔÇö n├úo tem canInviteUsers
00:01 +19: C:/Projects/VeraProb/test/application/admin/invite_user_handler_test.dart: InviteUserHandler Rejeita email sem @
00:01 +20: C:/Projects/VeraProb/test/application/admin/invite_user_handler_test.dart: InviteUserHandler Rejeita email em branco
00:01 +21: C:/Projects/VeraProb/test/application/admin/invite_user_handler_test.dart: InviteUserHandler Admin convida com sucesso ÔÇö retorna token n├úo-vazio
00:01 +22: C:/Projects/VeraProb/test/application/admin/invite_user_handler_test.dart: InviteUserHandler Tokens gerados em duas invoca├º├Áes s├úo distintos
00:01 +23: C:/Projects/VeraProb/test/application/admin/invite_user_handler_test.dart: InviteUserHandler Email ├® normalizado para lowercase
00:01 +24: C:/Projects/VeraProb/test/application/admin/invite_user_handler_test.dart: (tearDownAll)
00:02 +24: C:/Projects/VeraProb/test/application/admin/remove_member_handler_test.dart: RemoveMemberHandler Rejeita n├úo-admin (operator/auditor)
00:02 +25: C:/Projects/VeraProb/test/application/admin/remove_member_handler_test.dart: RemoveMemberHandler Rejeita remo├º├úo do ├║ltimo admin
00:02 +26: C:/Projects/VeraProb/test/application/admin/remove_member_handler_test.dart: RemoveMemberHandler Passa quando ÔëÑ 1 admin restante
00:02 +27: C:/Projects/VeraProb/test/application/admin/remove_member_handler_test.dart: RemoveMemberHandler Erro quando membro n├úo encontrado
00:02 +28: C:/Projects/VeraProb/test/application/admin/revoke_invitation_handler_test.dart: (setUpAll)
00:02 +28: C:/Projects/VeraProb/test/application/admin/revoke_invitation_handler_test.dart: RevokeInvitationHandler Rejeita operator ÔÇö n├úo tem canManageUsers
00:02 +29: C:/Projects/VeraProb/test/application/admin/revoke_invitation_handler_test.dart: RevokeInvitationHandler Rejeita auditor ÔÇö n├úo tem canManageUsers
00:02 +30: C:/Projects/VeraProb/test/application/admin/revoke_invitation_handler_test.dart: RevokeInvitationHandler Admin revoga com sucesso ÔÇö delega para commandService
00:02 +31: C:/Projects/VeraProb/test/application/admin/revoke_invitation_handler_test.dart: (tearDownAll)
00:02 +31: C:/Projects/VeraProb/test/application/admin/update_org_settings_handler_test.dart: (setUpAll)
00:02 +31: C:/Projects/VeraProb/test/application/admin/update_org_settings_handler_test.dart: UpdateOrgSettingsHandler Rejeita operator/auditor
00:02 +32: C:/Projects/VeraProb/test/application/admin/update_org_settings_handler_test.dart: UpdateOrgSettingsHandler Passa para admin com args corretos
00:02 +33: C:/Projects/VeraProb/test/application/admin/update_org_settings_handler_test.dart: UpdateOrgSettingsHandler Erro quando organiza├º├úo n├úo existe
00:02 +34: C:/Projects/VeraProb/test/application/admin/update_org_settings_handler_test.dart: (tearDownAll)
00:03 +34: C:/Projects/VeraProb/test/application/audit/audit_service_test.dart: InMemoryAuditService logAction records securely and chronologically
2026-03-29T00:10:41.783665Z [Audit] [AUDIT] Action: RESOLVE_ALERT by Operator: op1 on Entity: e1. From: PENDING -> To: RESOLVED. Reason: Test action
00:03 +35: C:/Projects/VeraProb/test/application/audit/audit_service_test.dart: InMemoryAuditService getLogsForEntity filters properly and sorts latest first
2026-03-29T00:10:41.799533Z [Audit] [AUDIT] Action: A1 by Operator: op1 on Entity: e1. From: null -> To: null. Reason: null
2026-03-29T00:10:41.813833Z [Audit] [AUDIT] Action: A2 by Operator: op1 on Entity: e1. From: null -> To: null. Reason: null
2026-03-29T00:10:41.815911Z [Audit] [AUDIT] Action: A3 by Operator: op1 on Entity: e2. From: null -> To: null. Reason: null
00:03 +36: C:/Projects/VeraProb/test/application/audit/audit_service_test.dart: InMemoryAuditService getRecentLogs limits by parameters
2026-03-29T00:10:41.821817Z [Audit] [AUDIT] Action: A0 by Operator: op1 on Entity: e1. From: null -> To: null. Reason: null
2026-03-29T00:10:41.821817Z [Audit] [AUDIT] Action: A1 by Operator: op1 on Entity: e1. From: null -> To: null. Reason: null
2026-03-29T00:10:41.821817Z [Audit] [AUDIT] Action: A2 by Operator: op1 on Entity: e1. From: null -> To: null. Reason: null
2026-03-29T00:10:41.821817Z [Audit] [AUDIT] Action: A3 by Operator: op1 on Entity: e1. From: null -> To: null. Reason: null
2026-03-29T00:10:41.821817Z [Audit] [AUDIT] Action: A4 by Operator: op1 on Entity: e1. From: null -> To: null. Reason: null
2026-03-29T00:10:41.821817Z [Audit] [AUDIT] Action: A5 by Operator: op1 on Entity: e1. From: null -> To: null. Reason: null
2026-03-29T00:10:41.821817Z [Audit] [AUDIT] Action: A6 by Operator: op1 on Entity: e1. From: null -> To: null. Reason: null
2026-03-29T00:10:41.821817Z [Audit] [AUDIT] Action: A7 by Operator: op1 on Entity: e1. From: null -> To: null. Reason: null
2026-03-29T00:10:41.821817Z [Audit] [AUDIT] Action: A8 by Operator: op1 on Entity: e1. From: null -> To: null. Reason: null
2026-03-29T00:10:41.823567Z [Audit] [AUDIT] Action: A9 by Operator: op1 on Entity: e1. From: null -> To: null. Reason: null
00:03 +37: C:/Projects/VeraProb/test/application/intelligence/detectors/delay_detector_test.dart: DelayDetector Rules canDetect is true for active or scheduled trips
00:03 +38: C:/Projects/VeraProb/test/application/intelligence/detectors/delay_detector_test.dart: DelayDetector Rules evaluate returns null for delay < 3 minutes
00:03 +39: C:/Projects/VeraProb/test/application/intelligence/detectors/delay_detector_test.dart: DelayDetector Rules evaluate returns risk warning for delay between 3 and 9 minutes
00:03 +40: C:/Projects/VeraProb/test/application/intelligence/detectors/delay_detector_test.dart: DelayDetector Rules evaluate returns critical warning for delay >= 10 minutes
00:03 +41: C:/Projects/VeraProb/test/application/intelligence/detectors/off_route_detector_test.dart: OffRouteDetector canDetect is true for active trips
00:03 +42: C:/Projects/VeraProb/test/application/intelligence/detectors/off_route_detector_test.dart: OffRouteDetector canDetect is false for completed trips
00:03 +43: C:/Projects/VeraProb/test/application/intelligence/detectors/off_route_detector_test.dart: OffRouteDetector evaluate returns null when state is null
00:03 +44: C:/Projects/VeraProb/test/application/intelligence/detectors/off_route_detector_test.dart: OffRouteDetector evaluate returns warning when offRoute
00:03 +45: C:/Projects/VeraProb/test/application/intelligence/detectors/off_route_detector_test.dart: OffRouteDetector evaluate returns null when onRoute
00:03 +46: C:/Projects/VeraProb/test/application/intelligence/detectors/off_route_detector_test.dart: OffRouteDetector evaluate returns null when minorDeviation
00:04 +47: C:/Projects/VeraProb/test/application/intelligence/detectors/signal_loss_detector_test.dart: SignalLossDetector canDetect is true for active trips
00:04 +48: C:/Projects/VeraProb/test/application/intelligence/detectors/signal_loss_detector_test.dart: SignalLossDetector canDetect is false for completed trips
00:04 +49: C:/Projects/VeraProb/test/application/intelligence/detectors/signal_loss_detector_test.dart: SignalLossDetector evaluate returns null when state is null
00:04 +50: C:/Projects/VeraProb/test/application/intelligence/detectors/signal_loss_detector_test.dart: SignalLossDetector evaluate returns warning when signal is lost
00:04 +51: C:/Projects/VeraProb/test/application/intelligence/detectors/signal_loss_detector_test.dart: SignalLossDetector warning metadata includes last_ping_at and seconds_offline
00:04 +52: C:/Projects/VeraProb/test/application/intelligence/detectors/signal_loss_detector_test.dart: SignalLossDetector evaluate returns null when signal is healthy
00:04 +53: C:/Projects/VeraProb/test/application/intelligence/detectors/signal_loss_detector_test.dart: SignalLossDetector evaluate returns null when signal is degraded
00:04 +54: C:/Projects/VeraProb/test/application/intelligence/detectors/stopped_vehicle_detector_test.dart: StoppedVehicleDetector Rules canDetect is true only for active trips
00:04 +55: C:/Projects/VeraProb/test/application/intelligence/detectors/stopped_vehicle_detector_test.dart: StoppedVehicleDetector Rules evaluate returns severe warning for interrupted trips
00:04 +56: C:/Projects/VeraProb/test/application/intelligence/detectors/stopped_vehicle_detector_test.dart: StoppedVehicleDetector Rules evaluate returns null for normally flowing trips
00:05 +57: C:/Projects/VeraProb/test/application/intelligence/situation_engine_test.dart: SituationEngine (The Brain) Rules Trip with multiple problems sums severity up to a cap (100)
00:05 +58: C:/Projects/VeraProb/test/application/intelligence/situation_engine_test.dart: SituationEngine (The Brain) Rules Severity is capped at 100 even with extreme anomalies
00:05 +59: C:/Projects/VeraProb/test/application/intelligence/situation_engine_test.dart: SituationEngine (The Brain) Rules Normal trips have 0 severity and no warnings
00:05 +60: C:/Projects/VeraProb/test/application/intelligence/situation_engine_test.dart: SituationEngine (The Brain) Rules If problem is resolved, severity resets to 0
00:05 +61: C:/Projects/VeraProb/test/application/intelligence/suggestion_engine_test.dart: SuggestionEngine Rules Trip without attention required returns null suggestion
00:05 +62: C:/Projects/VeraProb/test/application/intelligence/suggestion_engine_test.dart: SuggestionEngine Rules Returns Cancellation suggestion for stopped vehicle
00:05 +63: C:/Projects/VeraProb/test/application/intelligence/suggestion_engine_test.dart: SuggestionEngine Rules Returns Interruption suggestion for critical delay
00:05 +64: C:/Projects/VeraProb/test/application/intelligence/suggestion_engine_test.dart: SuggestionEngine Rules Returns Regularization suggestion for simple delay
00:05 +65: C:/Projects/VeraProb/test/application/intelligence/telemetry_normalizer_test.dart: TelemetryNormalizer (The Purgatory) Discards ping with terrible accuracy
00:05 +66: C:/Projects/VeraProb/test/application/intelligence/telemetry_normalizer_test.dart: TelemetryNormalizer (The Purgatory) Accepts first good ping
00:05 +67: C:/Projects/VeraProb/test/application/intelligence/telemetry_normalizer_test.dart: TelemetryNormalizer (The Purgatory) Discards ping implying impossible speed jump (Haversine jump)
00:05 +68: C:/Projects/VeraProb/test/application/intelligence/telemetry_normalizer_test.dart: TelemetryNormalizer (The Purgatory) Accepts valid sequential pings
00:05 +69: C:/Projects/VeraProb/test/application/intelligence/telemetry_normalizer_test.dart: TelemetryNormalizer (The Purgatory) QA M├│dulo 15 - Rejects time-travel glitch (moved 100m in 0 seconds)
00:06 +70: C:/Projects/VeraProb/test/application/normalization/models/normalization_models_test.dart: Normalization Models Coverage MotionState.label and isStationary
00:06 +71: C:/Projects/VeraProb/test/application/normalization/models/normalization_models_test.dart: Normalization Models Coverage RouteAdherence.label and requiresAttention
00:06 +72: C:/Projects/VeraProb/test/application/normalization/models/normalization_models_test.dart: Normalization Models Coverage TripStatusView.label and isActive
00:06 +73: C:/Projects/VeraProb/test/application/normalization/models/vehicle_operational_state_test.dart: VehicleOperationalState copyWith updates fields correctly
00:06 +74: C:/Projects/VeraProb/test/application/normalization/models/vehicle_operational_state_test.dart: VehicleOperationalState requiresAttention returns true for lost signal or off route
00:06 +75: C:/Projects/VeraProb/test/application/normalization/models/vehicle_operational_state_test.dart: VehicleOperationalState props returns correct equatable items
00:07 +76: C:/Projects/VeraProb/test/application/normalization/operational_state_normalizer_test.dart: debounces frequent updates within threshold
00:07 +77: C:/Projects/VeraProb/test/application/normalization/operational_state_normalizer_test.dart: filters impossible jumps (teleportation)
00:07 +78: C:/Projects/VeraProb/test/application/normalization/operational_state_normalizer_test.dart: applies spatial smoothing to latest positions
00:07 +79: C:/Projects/VeraProb/test/application/normalization/operational_state_normalizer_test.dart: transitions to dwellingAtStop based on geofence
00:07 +80: C:/Projects/VeraProb/test/application/normalization/operational_state_normalizer_test.dart: handles missing vehicles by degrading connectivity state
00:07 +81: C:/Projects/VeraProb/test/application/normalization/operational_state_normalizer_test.dart: reset() clears internal state
00:07 +82: C:/Projects/VeraProb/test/application/normalization/operational_state_normalizer_test.dart: transitions to slowTraffic state
00:07 +83: C:/Projects/VeraProb/test/application/normalization/operational_state_normalizer_test.dart: exercises buffer eviction when length > 3
00:07 +84: C:/Projects/VeraProb/test/application/normalization/operational_state_normalizer_test.dart: exercises line 73 by passing now as null
00:07 +85: C:/Projects/VeraProb/test/application/operational_control/operational_control_facade_test.dart: (setUpAll)
00:07 +85: C:/Projects/VeraProb/test/application/operational_control/operational_control_facade_test.dart: OperationalControlFacade & Exceptions Coverage resolveAlert success
====== UI DISPATCHING: Resolve Alert on t1 ======
====== UI RECEIVED: Success! Update Screen. ======
00:07 +86: C:/Projects/VeraProb/test/application/operational_control/operational_control_facade_test.dart: OperationalControlFacade & Exceptions Coverage resolveAlert error
====== UI DISPATCHING: Resolve Alert on t1 ======
====== UI RECEIVED: ERROR! Policy Blocked. ======
Reason: denied
00:07 +87: C:/Projects/VeraProb/test/application/operational_control/operational_control_facade_test.dart: OperationalControlFacade & Exceptions Coverage createTripEvent success
====== UI DISPATCHING: Create Trip Event on t1 ======
====== UI RECEIVED: Success! Update Screen. ======
00:07 +88: C:/Projects/VeraProb/test/application/operational_control/operational_control_facade_test.dart: OperationalControlFacade & Exceptions Coverage createTripEvent error
====== UI DISPATCHING: Create Trip Event on t1 ======
====== UI RECEIVED: ERROR! Policy Blocked. ======
Reason: denied
00:07 +89: C:/Projects/VeraProb/test/application/operational_control/operational_control_facade_test.dart: OperationalControlFacade & Exceptions Coverage UnauthorizedActionException toString
00:07 +90: C:/Projects/VeraProb/test/application/operational_control/operational_control_facade_test.dart: (tearDownAll)
00:07 +90: C:/Projects/VeraProb/test/application/projections/models/attention_state_test.dart: deriveAttentionState signal lost ÔåÆ CRITICAL regardless of other signals
00:07 +91: C:/Projects/VeraProb/test/application/projections/models/attention_state_test.dart: deriveAttentionState off-route ÔåÆ CRITICAL even when status is normal
00:07 +92: C:/Projects/VeraProb/test/application/projections/models/attention_state_test.dart: deriveAttentionState status interrupted ÔåÆ CRITICAL
00:07 +93: C:/Projects/VeraProb/test/application/projections/models/attention_state_test.dart: deriveAttentionState status noShow ÔåÆ CRITICAL
00:07 +94: C:/Projects/VeraProb/test/application/projections/models/attention_state_test.dart: deriveAttentionState status maintenance ÔåÆ CRITICAL
00:07 +95: C:/Projects/VeraProb/test/application/projections/models/attention_state_test.dart: deriveAttentionState severity score exactly 50 ÔåÆ CRITICAL
00:07 +96: C:/Projects/VeraProb/test/application/projections/models/attention_state_test.dart: deriveAttentionState severity score above 50 ÔåÆ CRITICAL
00:07 +97: C:/Projects/VeraProb/test/application/projections/models/attention_state_test.dart: deriveAttentionState signal lost overrides delayed status ÔåÆ CRITICAL not WARNING
00:07 +98: C:/Projects/VeraProb/test/application/projections/models/attention_state_test.dart: deriveAttentionState off-route overrides delayed status ÔåÆ CRITICAL not WARNING
00:07 +99: C:/Projects/VeraProb/test/application/projections/models/attention_state_test.dart: deriveAttentionState status delayed ÔåÆ WARNING
00:07 +100: C:/Projects/VeraProb/test/application/projections/models/attention_state_test.dart: deriveAttentionState severity score exactly 30 ÔåÆ WARNING
00:07 +101: C:/Projects/VeraProb/test/application/projections/models/attention_state_test.dart: deriveAttentionState severity score between 30 and 49 ÔåÆ WARNING
00:07 +102: C:/Projects/VeraProb/test/application/projections/models/attention_state_test.dart: deriveAttentionState severity score 29 ÔåÆ NORMAL (below warning threshold)
00:07 +103: C:/Projects/VeraProb/test/application/projections/models/attention_state_test.dart: deriveAttentionState all normal signals ÔåÆ NORMAL
00:07 +104: C:/Projects/VeraProb/test/application/projections/models/attention_state_test.dart: deriveAttentionState minor deviation with healthy connectivity and low severity ÔåÆ NORMAL
00:07 +105: C:/Projects/VeraProb/test/application/projections/models/attention_state_test.dart: deriveAttentionState degraded connectivity alone does not trigger WARNING or CRITICAL
00:07 +106: C:/Projects/VeraProb/test/application/projections/models/attention_state_test.dart: deriveAttentionState completed status with score 0 ÔåÆ NORMAL
00:08 +107: C:/Projects/VeraProb/test/application/projections/providers/command_center_filter_provider_test.dart: CommandCenterFilterProvider Coverage initial state
00:08 +108: C:/Projects/VeraProb/test/application/projections/providers/command_center_filter_provider_test.dart: CommandCenterFilterProvider Coverage setStatusFilter toggles or sets
00:08 +109: C:/Projects/VeraProb/test/application/projections/providers/command_center_filter_provider_test.dart: CommandCenterFilterProvider Coverage setSeverityFilter
00:08 +110: C:/Projects/VeraProb/test/application/projections/providers/command_center_filter_provider_test.dart: CommandCenterFilterProvider Coverage setFollowVehicleId
00:08 +111: C:/Projects/VeraProb/test/application/projections/providers/command_center_filter_provider_test.dart: CommandCenterFilterProvider Coverage copyWith manually
00:08 +112: C:/Projects/VeraProb/test/application/projections/providers/fleet_attention_projection_provider_test.dart: FleetAttentionProjectionProvider derives correct state
00:08 +113: C:/Projects/VeraProb/test/application/projections/providers/fleet_attention_projection_provider_test.dart: FleetAttentionProjectionProvider activates focus mode when critical
00:08 +114: C:/Projects/VeraProb/test/application/projections/providers/fleet_attention_projection_provider_test.dart: dimming occurs for normal vehicles when critical exists
00:09 +115: C:/Projects/VeraProb/test/application/simulation_control_service_test.dart: (setUpAll)
00:09 +115: C:/Projects/VeraProb/test/application/simulation_control_service_test.dart: SimulationControlService Actions Regularizar updates status to enRoute and clears delay via simulation
00:09 +116: C:/Projects/VeraProb/test/application/simulation_control_service_test.dart: SimulationControlService Actions Cancelar updates status and dispatches contractual evidence
00:09 +117: C:/Projects/VeraProb/test/application/simulation_control_service_test.dart: SimulationControlService Actions Interruption dispatches contractual evidence
00:09 +118: C:/Projects/VeraProb/test/application/simulation_control_service_test.dart: SimulationControlService Actions resolveAlert calls updateTripStatus
00:09 +119: C:/Projects/VeraProb/test/application/simulation_control_service_test.dart: SimulationControlService Actions getEventsForTrip and getTripById delegation
00:09 +120: C:/Projects/VeraProb/test/application/simulation_control_service_test.dart: SimulationControlService Actions logAction error handling
Failed to log audit action: Exception: audit error
Failed to log audit action: Exception: audit error
00:09 +121: C:/Projects/VeraProb/test/application/simulation_control_service_test.dart: (tearDownAll)
00:09 +121: C:/Projects/VeraProb/test/application/sla_audit/accept_by_contractor_handler_test.dart: (setUpAll)
00:09 +121: C:/Projects/VeraProb/test/application/sla_audit/accept_by_contractor_handler_test.dart: AcceptByContractorHandler Token vazio ÔÇö lan├ºa DomainException sem chamar o RPC
00:09 +122: C:/Projects/VeraProb/test/application/sla_audit/accept_by_contractor_handler_test.dart: AcceptByContractorHandler Token s├│ espa├ºos ÔÇö lan├ºa DomainException sem chamar o RPC
00:09 +123: C:/Projects/VeraProb/test/application/sla_audit/accept_by_contractor_handler_test.dart: AcceptByContractorHandler Token v├ílido ÔÇö RPC chamado 1x, ledger appendado 1x
00:09 +124: C:/Projects/VeraProb/test/application/sla_audit/accept_by_contractor_handler_test.dart: AcceptByContractorHandler RPC lan├ºa (token expirado) ÔÇö exce├º├úo propaga ao caller
00:09 +125: C:/Projects/VeraProb/test/application/sla_audit/accept_by_contractor_handler_test.dart: (tearDownAll)
00:09 +125: C:/Projects/VeraProb/test/application/sla_audit/alert_derivation_service_test.dart: AlertDerivationService.deriveFrom noShow state ÔåÆ CRITICAL alert type NO_SHOW
00:09 +126: C:/Projects/VeraProb/test/application/sla_audit/alert_derivation_service_test.dart: AlertDerivationService.deriveFrom evidenceGap state ÔåÆ WARNING alert type EVIDENCE_GAP
00:09 +127: C:/Projects/VeraProb/test/application/sla_audit/alert_derivation_service_test.dart: AlertDerivationService.deriveFrom executed with penalty ÔåÆ HIGH alert type PENALTY_APPLIED
00:09 +128: C:/Projects/VeraProb/test/application/sla_audit/alert_derivation_service_test.dart: AlertDerivationService.deriveFrom executed with no penalty ÔåÆ null (no alert)
00:09 +129: C:/Projects/VeraProb/test/application/sla_audit/alert_derivation_service_test.dart: AlertDerivationService.deriveFrom pending state ÔåÆ null (no alert)
00:09 +130: C:/Projects/VeraProb/test/application/sla_audit/alert_derivation_service_test.dart: AlertDerivationService.deriveFrom alert has correct organizationId and contractId
00:09 +131: C:/Projects/VeraProb/test/application/sla_audit/alert_impact_calculator_test.dart: AlertImpactCalculator forDelay computes impact for delay beyond tolerance
00:09 +132: C:/Projects/VeraProb/test/application/sla_audit/alert_impact_calculator_test.dart: AlertImpactCalculator forDelay returns zero impact when delay is within tolerance
00:09 +133: C:/Projects/VeraProb/test/application/sla_audit/alert_impact_calculator_test.dart: AlertImpactCalculator forDelay returns zero impact when delay equals tolerance
00:09 +134: C:/Projects/VeraProb/test/application/sla_audit/alert_impact_calculator_test.dart: AlertImpactCalculator forDelay handles zero tolerance correctly
00:09 +135: C:/Projects/VeraProb/test/application/sla_audit/alert_impact_calculator_test.dart: AlertImpactCalculator forNoShow computes impact as baseTripValue ├ù multiplier
00:09 +136: C:/Projects/VeraProb/test/application/sla_audit/alert_impact_calculator_test.dart: AlertImpactCalculator forNoShow critical tier for high-value no-show
00:09 +137: C:/Projects/VeraProb/test/application/sla_audit/alert_impact_calculator_test.dart: AlertImpactCalculator forKinematicAnomaly returns exposure at risk from affected trip value
00:10 +138: C:/Projects/VeraProb/test/application/sla_audit/alert_service_test.dart: AlertService.acknowledge throws StateError when alert not found
00:10 +139: C:/Projects/VeraProb/test/application/sla_audit/alert_service_test.dart: AlertService.acknowledge throws StateError when alert is not ACTIVE
00:10 +140: C:/Projects/VeraProb/test/application/sla_audit/alert_service_test.dart: AlertService.acknowledge acknowledges ACTIVE alert successfully
00:10 +141: C:/Projects/VeraProb/test/application/sla_audit/alert_service_test.dart: AlertService.resolve throws StateError when alert not found
00:10 +142: C:/Projects/VeraProb/test/application/sla_audit/alert_service_test.dart: AlertService.resolve throws StateError when alert is not ACKNOWLEDGED
00:10 +143: C:/Projects/VeraProb/test/application/sla_audit/alert_service_test.dart: AlertService.resolve resolves ACKNOWLEDGED alert successfully
00:10 +144: C:/Projects/VeraProb/test/application/sla_audit/approve_sanction_handler_test.dart: RBAC throws DomainException for operator role
00:10 +145: C:/Projects/VeraProb/test/application/sla_audit/approve_sanction_handler_test.dart: RBAC throws DomainException for contractorViewer role
00:10 +146: C:/Projects/VeraProb/test/application/sla_audit/approve_sanction_handler_test.dart: RBAC allows auditor role
00:10 +147: C:/Projects/VeraProb/test/application/sla_audit/approve_sanction_handler_test.dart: RBAC allows admin role
00:10 +148: C:/Projects/VeraProb/test/application/sla_audit/approve_sanction_handler_test.dart: Idempotency (INV-24) throws DomainException if entry already applied
00:10 +149: C:/Projects/VeraProb/test/application/sla_audit/approve_sanction_handler_test.dart: Tenant isolation (INV-6) throws DomainException if orgId does not match
00:10 +150: C:/Projects/VeraProb/test/application/sla_audit/approve_sanction_handler_test.dart: Happy path appends SANCTION_APPLIED to ledger
00:10 +151: C:/Projects/VeraProb/test/application/sla_audit/approve_sanction_handler_test.dart: Happy path updates queue entry status to applied
00:10 +152: C:/Projects/VeraProb/test/application/sla_audit/audit_package_service_test.dart: AuditPackageService.createDraftAndSeal persists TWO rows: draft (row A) then sealed (row B) ÔÇö D1-Canonical
00:10 +153: C:/Projects/VeraProb/test/application/sla_audit/audit_package_service_test.dart: AuditPackageService.createDraftAndSeal draft and sealed rows have DIFFERENT IDs (D1-Canonical: two-row strategy)
00:10 +154: C:/Projects/VeraProb/test/application/sla_audit/audit_package_service_test.dart: AuditPackageService.createDraftAndSeal reportLedgerBoundary = max(snapshot.lastLedgerEntryId) across snapshots
00:10 +155: C:/Projects/VeraProb/test/application/sla_audit/audit_package_service_test.dart: AuditPackageService.createDraftAndSeal reportLedgerBoundary = 0 when all snapshots have null lastLedgerEntryId
00:10 +156: C:/Projects/VeraProb/test/application/sla_audit/audit_package_service_test.dart: AuditPackageService.createDraftAndSeal same inputs ÔåÆ identical packageHash (determinism)
00:10 +157: C:/Projects/VeraProb/test/application/sla_audit/audit_package_service_test.dart: AuditPackageService.createDraftAndSeal idempotency guard: returns existing sealed package if already exists
00:10 +158: C:/Projects/VeraProb/test/application/sla_audit/audit_package_service_test.dart: AuditPackageService.createDraftAndSeal sealed package passes verifyIntegrity()
00:10 +159: C:/Projects/VeraProb/test/application/sla_audit/audit_package_service_test.dart: AuditPackageService.createDraftAndSeal organizationId scoping: packages from different orgs are isolated
00:10 +160: C:/Projects/VeraProb/test/application/sla_audit/audit_package_service_test.dart: AuditPackageService.supersede saves superseded row with correct lineage and reason (INV-1)
00:10 +161: C:/Projects/VeraProb/test/application/sla_audit/audit_package_service_test.dart: AuditPackageService.supersede throws DomainException when package not found
00:10 +162: C:/Projects/VeraProb/test/application/sla_audit/audit_package_service_test.dart: AuditPackageService.supersede throws DomainException when trying to supersede a draft
00:10 +163: C:/Projects/VeraProb/test/application/sla_audit/audit_package_service_test.dart: AuditPackageService.listSealedPackages returns only sealed packages for the organization
00:10 +164: C:/Projects/VeraProb/test/application/sla_audit/audit_package_service_test.dart: AuditPackageService.listSealedPackages does not return packages from other organizations
00:11 +165: C:/Projects/VeraProb/test/application/sla_audit/b2b_domain_test.dart: Phase 5.10 - In-Memory B2B Domain & Projection Validation Scenario 5.5 & 5.6: Determinism and Indempotency (Generation)
00:11 +166: C:/Projects/VeraProb/test/application/sla_audit/b2b_domain_test.dart: Phase 5.10 - In-Memory B2B Domain & Projection Validation Scenario 5.8: Invalid Timezone throws DomainException
00:11 +167: C:/Projects/VeraProb/test/application/sla_audit/b2b_domain_test.dart: Phase 5.10 - In-Memory B2B Domain & Projection Validation Scenario 5.11: Extreme Timezone Offset (+14) normalization
00:11 +168: C:/Projects/VeraProb/test/application/sla_audit/clone_contract_handler_test.dart: CloneContractHandler ÔÇö happy path creates a new draft contract with a distinct UUID
00:11 +169: C:/Projects/VeraProb/test/application/sla_audit/clone_contract_handler_test.dart: CloneContractHandler ÔÇö happy path cloned contract records clonedFromContractId for audit
00:11 +170: C:/Projects/VeraProb/test/application/sla_audit/clone_contract_handler_test.dart: CloneContractHandler ÔÇö happy path clone emits its own ContractCreatedEvent (distinct aggregate)
00:11 +171: C:/Projects/VeraProb/test/application/sla_audit/clone_contract_handler_test.dart: CloneContractHandler ÔÇö happy path clone is persisted and retrievable
00:11 +172: C:/Projects/VeraProb/test/application/sla_audit/clone_contract_handler_test.dart: CloneContractHandler ÔÇö happy path contracts created without cloning have null clonedFromContractId
00:11 +173: C:/Projects/VeraProb/test/application/sla_audit/clone_contract_handler_test.dart: CloneContractHandler ÔÇö tenant isolation (QA invariant) throws DomainException when source belongs to a different org
00:11 +174: C:/Projects/VeraProb/test/application/sla_audit/clone_contract_handler_test.dart: CloneContractHandler ÔÇö tenant isolation (QA invariant) throws DomainException when source does not exist
00:11 +175: C:/Projects/VeraProb/test/application/sla_audit/clone_contract_handler_test.dart: CloneContractHandler ÔÇö domain invariants throws DomainException for invalid date range (until before from)
00:11 +176: C:/Projects/VeraProb/test/application/sla_audit/clone_contract_handler_test.dart: CloneContractHandler ÔÇö domain invariants throws DomainException for empty name
00:11 +177: C:/Projects/VeraProb/test/application/sla_audit/clone_sla_template_handler_test.dart: CloneSlaTemplateHandler clona preset do sistema para org
00:11 +178: C:/Projects/VeraProb/test/application/sla_audit/clone_sla_template_handler_test.dart: CloneSlaTemplateHandler clona template existente da org
00:11 +179: C:/Projects/VeraProb/test/application/sla_audit/clone_sla_template_handler_test.dart: CloneSlaTemplateHandler permite override de nome
00:11 +180: C:/Projects/VeraProb/test/application/sla_audit/clone_sla_template_handler_test.dart: CloneSlaTemplateHandler lan├ºa DomainException se source n├úo existe
00:11 +181: C:/Projects/VeraProb/test/application/sla_audit/clone_sla_template_handler_test.dart: CloneSlaTemplateHandler lan├ºa DomainException se preset ID inv├ílido
00:11 +182: C:/Projects/VeraProb/test/application/sla_audit/clone_sla_template_handler_test.dart: CloneSlaTemplateHandler n├úo acessa template de outra org
00:12 +183: C:/Projects/VeraProb/test/application/sla_audit/close_contract_handler_test.dart: CloseContractHandler closes a draft contract ÔÇö appends CONTRACT_CLOSED to ledger
00:12 +184: C:/Projects/VeraProb/test/application/sla_audit/close_contract_handler_test.dart: CloseContractHandler throws DomainException when contract not found
00:12 +185: C:/Projects/VeraProb/test/application/sla_audit/close_contract_handler_test.dart: CloseContractHandler throws DomainException for wrong organization (tenant isolation)
00:12 +186: C:/Projects/VeraProb/test/application/sla_audit/close_contract_handler_test.dart: CloseContractHandler throws DomainException when closing an already-closed contract
00:12 +187: C:/Projects/VeraProb/test/application/sla_audit/close_contract_handler_test.dart: CloseContractHandler throws DomainException for empty closedByUserId
00:12 +188: C:/Projects/VeraProb/test/application/sla_audit/close_contract_handler_test.dart: CloseContractHandler throws DomainException for blank reason
00:12 +189: C:/Projects/VeraProb/test/application/sla_audit/close_contract_handler_test.dart: CloseContractHandler RBAC: auditor is rejected before any I/O
00:12 +190: C:/Projects/VeraProb/test/application/sla_audit/close_contract_handler_test.dart: CloseContractHandler RBAC: operator is authorized to close contracts
00:12 +191: C:/Projects/VeraProb/test/application/sla_audit/close_contract_handler_test.dart: CloseContractHandler RBAC: admin is authorized to close contracts
00:12 +192: C:/Projects/VeraProb/test/application/sla_audit/contractual_evaluation_engine_test.dart: (setUpAll)
00:12 +192: C:/Projects/VeraProb/test/application/sla_audit/contractual_evaluation_engine_test.dart: ContractualEvaluationEngine binding occurs after 30s continuous dwell inside geofence
00:12 +193: C:/Projects/VeraProb/test/application/sla_audit/contractual_evaluation_engine_test.dart: ContractualEvaluationEngine no binding if vehicle leaves geofence before 30s
00:12 +194: C:/Projects/VeraProb/test/application/sla_audit/contractual_evaluation_engine_test.dart: ContractualEvaluationEngine plannedVehicleId is respected ÔÇö wrong vehicle ignored
00:12 +195: C:/Projects/VeraProb/test/application/sla_audit/contractual_evaluation_engine_test.dart: ContractualEvaluationEngine sweepExpiredObligations marks NoShow correctly
00:12 +196: C:/Projects/VeraProb/test/application/sla_audit/contractual_evaluation_engine_test.dart: ContractualEvaluationEngine finalized states are not reprocessed
00:12 +197: C:/Projects/VeraProb/test/application/sla_audit/contractual_evaluation_engine_test.dart: ContractualEvaluationEngine multiple execution states do not interfere
00:12 +198: C:/Projects/VeraProb/test/application/sla_audit/contractual_evaluation_engine_test.dart: ContractualEvaluationEngine idempotency: same payload twice does not duplicate processing
00:12 +199: C:/Projects/VeraProb/test/application/sla_audit/contractual_evaluation_engine_test.dart: ContractualEvaluationEngine out-of-order telemetry: older timestamp does not break dwell if already started
00:12 +200: C:/Projects/VeraProb/test/application/sla_audit/contractual_evaluation_engine_test.dart: ContractualEvaluationEngine sweepExpiredObligations is idempotent for prolonged absence
00:12 +201: C:/Projects/VeraProb/test/application/sla_audit/contractual_evaluation_engine_test.dart: ContractualEvaluationEngine delayed execution is rejected if already marked as no-show
00:12 +202: C:/Projects/VeraProb/test/application/sla_audit/contractual_evaluation_engine_test.dart: ContractualEvaluationEngine concurrent events for same setid do not duplicate execution
00:12 +203: C:/Projects/VeraProb/test/application/sla_audit/contractual_evaluation_engine_test.dart: ContractualEvaluationEngine gracePeriodMinutes (7.5) SET inside grace period is skipped ÔÇö no binding occurs
00:12 +204: C:/Projects/VeraProb/test/application/sla_audit/contractual_evaluation_engine_test.dart: ContractualEvaluationEngine gracePeriodMinutes (7.5) SET after grace period is evaluated ÔÇö binding occurs normally
00:12 +205: C:/Projects/VeraProb/test/application/sla_audit/contractual_evaluation_engine_test.dart: ContractualEvaluationEngine gracePeriodMinutes (7.5) grace period 0 ÔÇö SET evaluated immediately (no suppression)
00:12 +206: C:/Projects/VeraProb/test/application/sla_audit/contractual_evaluation_engine_test.dart: ContractualEvaluationEngine Rules Evaluation minGeofenceCoverage updates requiredDwell from config
00:12 +207: C:/Projects/VeraProb/test/application/sla_audit/contractual_evaluation_engine_test.dart: ContractualEvaluationEngine Rules Evaluation excessiveSpeed rule triggers SANCTION_RECOMMENDED
00:12 +208: C:/Projects/VeraProb/test/application/sla_audit/contractual_evaluation_engine_test.dart: ContractualEvaluationEngine Rules Evaluation rules are processed in evaluationOrder (sorting logic)
00:12 +209: C:/Projects/VeraProb/test/application/sla_audit/contractual_evaluation_engine_test.dart: ContractualEvaluationEngine INV-23: VerdictEvidence & SANCTION_RECOMMENDED sweep emits SANCTION_RECOMMENDED when penalty rule present
00:12 +210: C:/Projects/VeraProb/test/application/sla_audit/contractual_evaluation_engine_test.dart: ContractualEvaluationEngine INV-23: VerdictEvidence & SANCTION_RECOMMENDED SANCTION_RECOMMENDED payload has non-null verdict_evidence
00:12 +211: C:/Projects/VeraProb/test/application/sla_audit/contractual_evaluation_engine_test.dart: ContractualEvaluationEngine INV-23: VerdictEvidence & SANCTION_RECOMMENDED engine NEVER emits SANCTION_APPLIED directly (human-in-loop)
00:12 +212: C:/Projects/VeraProb/test/application/sla_audit/contractual_evaluation_engine_test.dart: ContractualEvaluationEngine INV-23: VerdictEvidence & SANCTION_RECOMMENDED no SANCTION_RECOMMENDED without penalty rule
00:12 +213: C:/Projects/VeraProb/test/application/sla_audit/contractual_evaluation_engine_test.dart: (tearDownAll)
00:12 +213: C:/Projects/VeraProb/test/application/sla_audit/contractual_evaluation_subscriber_test.dart: ContractualEvaluationSubscriber processes single vehicle from stream
00:12 +214: C:/Projects/VeraProb/test/application/sla_audit/contractual_evaluation_subscriber_test.dart: ContractualEvaluationSubscriber processes multiple vehicles from stream
00:13 +215: C:/Projects/VeraProb/test/application/sla_audit/contractual_evaluation_subscriber_test.dart: ContractualEvaluationSubscriber sweep timer calls sweepExpiredObligations
00:13 +216: C:/Projects/VeraProb/test/application/sla_audit/contractual_evaluation_subscriber_test.dart: ContractualEvaluationSubscriber sweep timer calls sweepExpiredObligations
00:13 +217: C:/Projects/VeraProb/test/application/sla_audit/contractual_evaluation_subscriber_test.dart: ContractualEvaluationSubscriber sweep timer calls sweepExpiredObligations
00:13 +218: C:/Projects/VeraProb/test/application/sla_audit/contractual_evaluation_subscriber_test.dart: ContractualEvaluationSubscriber stop() cancels subscription and timer
00:13 +219: C:/Projects/VeraProb/test/application/sla_audit/contractual_evaluation_subscriber_test.dart: ContractualEvaluationSubscriber start() does not create duplicate subscriptions
00:13 +220: C:/Projects/VeraProb/test/application/sla_audit/contractual_evaluation_subscriber_test.dart: ContractualEvaluationSubscriber engine error does not cancel the subscription
00:13 +221: C:/Projects/VeraProb/test/application/sla_audit/contractual_evaluation_subscriber_test.dart: ContractualEvaluationSubscriber ignores duplicate telemetry to avoid redundant processing
00:13 +222: C:/Projects/VeraProb/test/application/sla_audit/contractual_financial_impact_query_service_test.dart: ContractualFinancialImpactQueryService (snapshot-based) empty repository returns zero Money values
00:13 +223: C:/Projects/VeraProb/test/application/sla_audit/contractual_financial_impact_query_service_test.dart: ContractualFinancialImpactQueryService (snapshot-based) returns latest snapshot as current impact
00:13 +224: C:/Projects/VeraProb/test/application/sla_audit/contractual_financial_impact_query_service_test.dart: ContractualFinancialImpactQueryService (snapshot-based) filters by contractId
00:13 +225: C:/Projects/VeraProb/test/application/sla_audit/contractual_financial_snapshot_generator_test.dart: ContractualFinancialSnapshotGenerator empty repo generates snapshot with zero values
00:13 +226: C:/Projects/VeraProb/test/application/sla_audit/contractual_financial_snapshot_generator_test.dart: ContractualFinancialSnapshotGenerator generates correct snapshot for executed states
00:13 +227: C:/Projects/VeraProb/test/application/sla_audit/contractual_financial_snapshot_generator_test.dart: ContractualFinancialSnapshotGenerator generates correct snapshot for mixed statuses
00:13 +228: C:/Projects/VeraProb/test/application/sla_audit/contractual_financial_snapshot_generator_test.dart: ContractualFinancialSnapshotGenerator is idempotent (does not create duplicate snapshots)
00:13 +229: C:/Projects/VeraProb/test/application/sla_audit/contractual_financial_snapshot_generator_test.dart: ContractualFinancialSnapshotGenerator filters by contractId
00:14 +230: C:/Projects/VeraProb/test/application/sla_audit/contractual_financial_trend_query_service_test.dart: ContractualFinancialTrendQueryService (snapshot-based) empty repository returns empty list
00:14 +231: C:/Projects/VeraProb/test/application/sla_audit/contractual_financial_trend_query_service_test.dart: ContractualFinancialTrendQueryService (snapshot-based) single snapshot returns one trend point
00:14 +232: C:/Projects/VeraProb/test/application/sla_audit/contractual_financial_trend_query_service_test.dart: ContractualFinancialTrendQueryService (snapshot-based) multiple snapshots are sorted by date ascending
00:14 +233: C:/Projects/VeraProb/test/application/sla_audit/contractual_financial_trend_query_service_test.dart: ContractualFinancialTrendQueryService (snapshot-based) filters by contractId
00:14 +234: C:/Projects/VeraProb/test/application/sla_audit/contract_rules_validation_test.dart: Phase 2 Validation: Contract Rules & Configurable Determinism Scenario 2.1: The Rule Time-Travel Test (Deterministic Replay)
00:14 +235: C:/Projects/VeraProb/test/application/sla_audit/contract_rules_validation_test.dart: Phase 2 Validation: Contract Rules & Configurable Determinism Scenario 2.2: Dual-Tenant Rule Isolation
00:15 +236: C:/Projects/VeraProb/test/application/sla_audit/create_contract_handler_test.dart: CreateContractHandler happy path ÔÇö aggregate created in draft, persisted, ledger updated
00:15 +237: C:/Projects/VeraProb/test/application/sla_audit/create_contract_handler_test.dart: CreateContractHandler with optional description
00:15 +238: C:/Projects/VeraProb/test/application/sla_audit/create_contract_handler_test.dart: CreateContractHandler two contracts produce distinct IDs
00:15 +239: C:/Projects/VeraProb/test/application/sla_audit/create_contract_handler_test.dart: CreateContractHandler DomainException ÔÇö nothing persisted on invalid input
00:15 +240: C:/Projects/VeraProb/test/application/sla_audit/create_contract_handler_test.dart: CreateContractHandler tenant isolation ÔÇö findById returns null for wrong org
00:15 +241: C:/Projects/VeraProb/test/application/sla_audit/create_contract_handler_test.dart: CreateContractHandler findByOrganization ÔÇö filters by status
00:15 +242: C:/Projects/VeraProb/test/application/sla_audit/csv_export_service_test.dart: CsvExportService.generateCsv ÔÇö INV-19 Attestation Mandate output starts with UTF-8 BOM (\uFEFF) for Excel compatibility
00:15 +243: C:/Projects/VeraProb/test/application/sla_audit/csv_export_service_test.dart: CsvExportService.generateCsv ÔÇö INV-19 Attestation Mandate attestation comment block present ÔÇö Report ID line
00:15 +244: C:/Projects/VeraProb/test/application/sla_audit/csv_export_service_test.dart: CsvExportService.generateCsv ÔÇö INV-19 Attestation Mandate attestation comment block contains Package ID
00:15 +245: C:/Projects/VeraProb/test/application/sla_audit/csv_export_service_test.dart: CsvExportService.generateCsv ÔÇö INV-19 Attestation Mandate attestation contains SHA-256 package hash (INV-18)
00:15 +246: C:/Projects/VeraProb/test/application/sla_audit/csv_export_service_test.dart: CsvExportService.generateCsv ÔÇö INV-19 Attestation Mandate attestation contains tenant name and CNPJ
00:15 +247: C:/Projects/VeraProb/test/application/sla_audit/csv_export_service_test.dart: CsvExportService.generateCsv ÔÇö INV-19 Attestation Mandate attestation contains period start and end (UTC)
00:15 +248: C:/Projects/VeraProb/test/application/sla_audit/csv_export_service_test.dart: CsvExportService.generateCsv ÔÇö INV-19 Attestation Mandate attestation contains ledger boundary entry number
00:15 +249: C:/Projects/VeraProb/test/application/sla_audit/csv_export_service_test.dart: CsvExportService.generateCsv ÔÇö INV-19 Attestation Mandate attestation contains immutability guarantee text
00:15 +250: C:/Projects/VeraProb/test/application/sla_audit/csv_export_service_test.dart: CsvExportService.generateCsv ÔÇö INV-19 Attestation Mandate legal notice referencing CPC Art. 369 is present
00:15 +251: C:/Projects/VeraProb/test/application/sla_audit/csv_export_service_test.dart: CsvExportService.generateCsv ÔÇö Data correctness column headers are present in semicolon-delimited format
00:15 +252: C:/Projects/VeraProb/test/application/sla_audit/csv_export_service_test.dart: CsvExportService.generateCsv ÔÇö Data correctness snapshot rows contain correct cents values
00:15 +253: C:/Projects/VeraProb/test/application/sla_audit/csv_export_service_test.dart: CsvExportService.generateCsv ÔÇö Data correctness TOTAL PERIODO row is present at end of data section
00:15 +254: C:/Projects/VeraProb/test/application/sla_audit/csv_export_service_test.dart: CsvExportService.generateCsv ÔÇö Data correctness totals row aggregates multiple snapshots correctly
00:15 +255: C:/Projects/VeraProb/test/application/sla_audit/csv_export_service_test.dart: CsvExportService.generateCsv ÔÇö Data correctness compliance percentage is correct for 9/10 executed
00:15 +256: C:/Projects/VeraProb/test/application/sla_audit/csv_export_service_test.dart: CsvExportService.generateCsv ÔÇö Data correctness date format is ISO date only (no time component) in data rows
00:15 +257: C:/Projects/VeraProb/test/application/sla_audit/csv_export_service_test.dart: CsvExportService.generateCsv ÔÇö INV-18 enforcement throws DomainException if package is not sealed
00:15 +258: C:/Projects/VeraProb/test/application/sla_audit/csv_export_service_test.dart: CsvExportService.generateCsv ÔÇö INV-18 enforcement throws DomainException if report ID does not match package
00:15 +259: C:/Projects/VeraProb/test/application/sla_audit/csv_export_service_test.dart: CsvExportService.generateCsv ÔÇö INV-18 enforcement throws DomainException if sealed package has null hash (data integrity)
00:15 +260: C:/Projects/VeraProb/test/application/sla_audit/declare_contractual_plan_handler_test.dart: DeclareContractualPlanHandler happy path ÔÇö aggregate created, persisted, event in ledger
00:15 +261: C:/Projects/VeraProb/test/application/sla_audit/declare_contractual_plan_handler_test.dart: DeclareContractualPlanHandler persistence ÔÇö findById returns saved aggregate
00:15 +262: C:/Projects/VeraProb/test/application/sla_audit/declare_contractual_plan_handler_test.dart: DeclareContractualPlanHandler findByContract ÔÇö returns all declarations for a contract
00:15 +263: C:/Projects/VeraProb/test/application/sla_audit/declare_contractual_plan_handler_test.dart: DeclareContractualPlanHandler DomainException propagation ÔÇö nothing persisted on invalid input
00:15 +264: C:/Projects/VeraProb/test/application/sla_audit/declare_contractual_plan_handler_test.dart: DeclareContractualPlanHandler multiple services ÔÇö all SETs created from inputs
00:15 +265: C:/Projects/VeraProb/test/application/sla_audit/declare_contractual_plan_handler_test.dart: DeclareContractualPlanHandler INV-18 Engine Activation Gate throws DomainException when no operational zones exist for the org
00:15 +266: C:/Projects/VeraProb/test/application/sla_audit/declare_contractual_plan_handler_test.dart: DeclareContractualPlanHandler INV-18 Engine Activation Gate throws DomainException when shift-based plan declared with no active vehicles
00:15 +267: C:/Projects/VeraProb/test/application/sla_audit/delete_contractor_handler_test.dart: DeleteContractorHandler Rejeita auditor
00:15 +268: C:/Projects/VeraProb/test/application/sla_audit/delete_contractor_handler_test.dart: DeleteContractorHandler Passa para admin e operator (chama repo com args corretos)
00:16 +269: C:/Projects/VeraProb/test/application/sla_audit/phase5_contract_lifecycle_compliance_test.dart: Phase 5 Compliance ÔÇö Contract & Plan Lifecycle full lifecycle: create ÔåÆ plan v1 ÔåÆ plan v2 ÔåÆ close ÔåÆ rejected plan
00:16 +270: C:/Projects/VeraProb/test/application/sla_audit/phase5_contract_lifecycle_compliance_test.dart: Phase 5 Compliance ÔÇö Contract & Plan Lifecycle ledger is append-only ÔÇö entry types are immutable strings
00:16 +271: C:/Projects/VeraProb/test/application/sla_audit/phase5_contract_lifecycle_compliance_test.dart: Phase 5 Compliance ÔÇö Contract & Plan Lifecycle multi-tenant isolation ÔÇö two orgs with same contract id cannot interfere
00:16 +272: C:/Projects/VeraProb/test/application/sla_audit/projections/contractual_financial_impact_test.dart: ContractualFinancialImpact props equality ÔÇö same values are equal
00:16 +273: C:/Projects/VeraProb/test/application/sla_audit/projections/contractual_financial_impact_test.dart: ContractualFinancialImpact marginErosionPercent null is handled
00:16 +274: C:/Projects/VeraProb/test/application/sla_audit/projections/contractual_financial_impact_test.dart: ContractualFinancialImpact marginErosionPercent non-null is stored
00:16 +275: C:/Projects/VeraProb/test/application/sla_audit/projections/contractual_financial_impact_test.dart: ContractualFinancialImpact contractId null is handled
00:16 +276: C:/Projects/VeraProb/test/application/sla_audit/projections/contractual_financial_impact_test.dart: ContractualFinancialImpact props inequality ÔÇö different lossPercentage
00:17 +277: C:/Projects/VeraProb/test/application/sla_audit/projections/contractual_financial_trend_point_test.dart: ContractualFinancialTrendPoint props equality ÔÇö same values
00:17 +278: C:/Projects/VeraProb/test/application/sla_audit/projections/contractual_financial_trend_point_test.dart: ContractualFinancialTrendPoint props inequality ÔÇö different date
00:17 +279: C:/Projects/VeraProb/test/application/sla_audit/projections/contractual_financial_trend_point_test.dart: ContractualFinancialTrendPoint all 9 props fields are stored correctly
00:17 +280: C:/Projects/VeraProb/test/application/sla_audit/projections/contract_detail_view_test.dart: ContractDetailView id forwards from summary
00:17 +281: C:/Projects/VeraProb/test/application/sla_audit/projections/contract_detail_view_test.dart: ContractDetailView name forwards from summary
00:17 +282: C:/Projects/VeraProb/test/application/sla_audit/projections/contract_detail_view_test.dart: ContractDetailView contractorName forwards from summary
00:17 +283: C:/Projects/VeraProb/test/application/sla_audit/projections/contract_detail_view_test.dart: ContractDetailView props equality works
00:17 +284: C:/Projects/VeraProb/test/application/sla_audit/projections/contract_query_service_in_memory_test.dart: ContractQueryServiceInMemory Coverage listContracts success
00:17 +285: C:/Projects/VeraProb/test/application/sla_audit/projections/contract_query_service_in_memory_test.dart: ContractQueryServiceInMemory Coverage getContractDetail success
00:17 +286: C:/Projects/VeraProb/test/application/sla_audit/projections/contract_query_service_in_memory_test.dart: ContractQueryServiceInMemory Coverage getContractDetail not found
00:18 +287: C:/Projects/VeraProb/test/application/sla_audit/projections/contract_status_view_test.dart: ContractStatusView Coverage ContractStatusView.label
00:18 +288: C:/Projects/VeraProb/test/application/sla_audit/projections/contract_summary_view_test.dart: ContractSummaryView props includes all fields
00:18 +289: C:/Projects/VeraProb/test/application/sla_audit/projections/contract_summary_view_test.dart: ContractSummaryView different status produces inequality
00:18 +290: C:/Projects/VeraProb/test/application/sla_audit/projections/contract_summary_view_test.dart: ContractSummaryView activatedAtUtc null is handled correctly
00:18 +291: C:/Projects/VeraProb/test/application/sla_audit/projections/contract_summary_view_test.dart: ContractSummaryView financialCeilingCents null is handled correctly
00:18 +292: C:/Projects/VeraProb/test/application/sla_audit/projections/contract_summary_view_test.dart: ContractSummaryView slaHealthPercentage is stored correctly
00:18 +293: C:/Projects/VeraProb/test/application/sla_audit/projections/dashboard_risk_feed_node_test.dart: DashboardRiskFeedNode.evaluate severity noShow status ÔåÆ critical severity
00:18 +294: C:/Projects/VeraProb/test/application/sla_audit/projections/dashboard_risk_feed_node_test.dart: DashboardRiskFeedNode.evaluate severity evidenceGap status ÔåÆ critical severity
00:18 +295: C:/Projects/VeraProb/test/application/sla_audit/projections/dashboard_risk_feed_node_test.dart: DashboardRiskFeedNode.evaluate severity pending execution + CRITICAL alert ÔåÆ critical severity
00:18 +296: C:/Projects/VeraProb/test/application/sla_audit/projections/dashboard_risk_feed_node_test.dart: DashboardRiskFeedNode.evaluate severity pending execution + WARNING alert ÔåÆ warning severity
00:18 +297: C:/Projects/VeraProb/test/application/sla_audit/projections/dashboard_risk_feed_node_test.dart: DashboardRiskFeedNode.evaluate severity pending execution + no alerts ÔåÆ pending severity
00:18 +298: C:/Projects/VeraProb/test/application/sla_audit/projections/dashboard_risk_feed_node_test.dart: DashboardRiskFeedNode.evaluate severity executed + no alerts ÔåÆ onTime severity
00:18 +299: C:/Projects/VeraProb/test/application/sla_audit/projections/dashboard_risk_feed_node_test.dart: DashboardRiskFeedNode.evaluate severity stores execution and alerts on the node
00:19 +300: C:/Projects/VeraProb/test/application/sla_audit/projections/sanction_queue_item_view_test.dart: SanctionQueueItemView formattedFine formats R$ 1.500,00 correctly
00:19 +301: C:/Projects/VeraProb/test/application/sla_audit/projections/sanction_queue_item_view_test.dart: SanctionQueueItemView formattedFine formats R$ 500,00 (no thousands separator)
00:19 +302: C:/Projects/VeraProb/test/application/sla_audit/projections/sanction_queue_item_view_test.dart: SanctionQueueItemView formattedFine formats R$ 10.000,00
00:19 +303: C:/Projects/VeraProb/test/application/sla_audit/projections/sanction_queue_item_view_test.dart: SanctionQueueItemView formattedFine formats R$ 1.500,50
00:19 +304: C:/Projects/VeraProb/test/application/sla_audit/projections/sanction_queue_item_view_test.dart: SanctionQueueItemView shortEvidenceHash returns first 12 characters
00:19 +305: C:/Projects/VeraProb/test/application/sla_audit/projections/sanction_queue_item_view_test.dart: SanctionQueueItemView formattedConfidence includes percentage sign
00:19 +306: C:/Projects/VeraProb/test/application/sla_audit/projections/sanction_queue_item_view_test.dart: SanctionQueueItemView fromEntry maps all fields correctly
00:19 +307: C:/Projects/VeraProb/test/application/sla_audit/projections/sanction_queue_item_view_test.dart: SanctionQueueItemView fromRow parses all required fields
00:19 +308: C:/Projects/VeraProb/test/application/sla_audit/projections/sanction_queue_item_view_test.dart: SanctionQueueItemView fromRow with reviewed fields
00:19 +309: C:/Projects/VeraProb/test/application/sla_audit/projections/sla_execution_item_view_test.dart: SlaExecutionItemView calculatedPenalty = contractualValue * multiplier
00:19 +310: C:/Projects/VeraProb/test/application/sla_audit/projections/sla_execution_item_view_test.dart: SlaExecutionItemView calculatedPenalty with multiplier 2.0
00:19 +311: C:/Projects/VeraProb/test/application/sla_audit/projections/sla_execution_item_view_test.dart: SlaExecutionItemView props equality ÔÇö same values are equal
00:19 +312: C:/Projects/VeraProb/test/application/sla_audit/projections/sla_execution_item_view_test.dart: SlaExecutionItemView props inequality ÔÇö different status
00:19 +313: C:/Projects/VeraProb/test/application/sla_audit/projections/sla_execution_item_view_test.dart: SlaExecutionItemView optional fields are nullable
00:19 +314: C:/Projects/VeraProb/test/application/sla_audit/projections/sla_execution_summary_test.dart: SlaExecutionSummary total calculates correctly
00:19 +315: C:/Projects/VeraProb/test/application/sla_audit/projections/sla_execution_summary_test.dart: SlaExecutionSummary default properties are assigned
00:19 +316: C:/Projects/VeraProb/test/application/sla_audit/projections/sla_execution_summary_test.dart: SlaExecutionSummary props computes identical states as equal
00:20 +317: C:/Projects/VeraProb/test/application/sla_audit/reject_sanction_handler_test.dart: RBAC throws DomainException for operator role
00:20 +318: C:/Projects/VeraProb/test/application/sla_audit/reject_sanction_handler_test.dart: Rejection reason validation throws DomainException for reason shorter than 10 chars
00:20 +319: C:/Projects/VeraProb/test/application/sla_audit/reject_sanction_handler_test.dart: Rejection reason validation throws DomainException for reason that is only whitespace
00:20 +320: C:/Projects/VeraProb/test/application/sla_audit/reject_sanction_handler_test.dart: Rejection reason validation accepts reason with exactly 10 chars after trim
00:20 +321: C:/Projects/VeraProb/test/application/sla_audit/reject_sanction_handler_test.dart: Idempotency (INV-24) throws DomainException if already rejected
00:20 +322: C:/Projects/VeraProb/test/application/sla_audit/reject_sanction_handler_test.dart: Happy path appends SANCTION_REJECTED to ledger with reason
00:20 +323: C:/Projects/VeraProb/test/application/sla_audit/reject_sanction_handler_test.dart: Happy path updates queue entry status to rejected
00:20 +324: C:/Projects/VeraProb/test/application/sla_audit/sanction_simulation_service_test.dart: SanctionSimulationService simulateSpeedViolation throws when no contracts exist for the org
Error in SanctionSimulationService: Exception: Nenhum contrato encontrado para esta organiza├º├úo. Crie um contrato primeiro.
00:20 +325: C:/Projects/VeraProb/test/application/sla_audit/sanction_simulation_service_test.dart: SanctionSimulationService simulateSpeedViolation appends a SANCTION_RECOMMENDED entry to the ledger
00:20 +326: C:/Projects/VeraProb/test/application/sla_audit/sanction_simulation_service_test.dart: SanctionSimulationService seedActiveSanctions appends two ledger entries
00:20 +327: C:/Projects/VeraProb/test/application/sla_audit/sanction_simulation_service_test.dart: SanctionSimulationService seedActiveSanctions appends two ledger entries
00:20 +328: C:/Projects/VeraProb/test/application/sla_audit/sanction_simulation_service_test.dart: SanctionSimulationService seedActiveSanctions appends two ledger entries
00:20 +329: C:/Projects/VeraProb/test/application/sla_audit/sanction_simulation_service_test.dart: SanctionSimulationService seedActiveSanctions appends two ledger entries
00:20 +330: C:/Projects/VeraProb/test/application/sla_audit/sanction_simulation_service_test.dart: SanctionSimulationService seedActiveSanctions appends two ledger entries
00:20 +331: C:/Projects/VeraProb/test/application/sla_audit/sanction_simulation_service_test.dart: SanctionSimulationService seedActiveSanctions appends two ledger entries
00:20 +332: C:/Projects/VeraProb/test/application/sla_audit/save_sla_template_handler_test.dart: SaveSlaTemplateHandler cria template e persiste no reposit├│rio
00:20 +333: C:/Projects/VeraProb/test/application/sla_audit/save_sla_template_handler_test.dart: SaveSlaTemplateHandler preserva vertical quando informado
00:20 +334: C:/Projects/VeraProb/test/application/sla_audit/save_sla_template_handler_test.dart: SaveSlaTemplateHandler preserva description quando informado
00:20 +335: C:/Projects/VeraProb/test/application/sla_audit/save_sla_template_handler_test.dart: SaveSlaTemplateHandler lan├ºa DomainException se name vazio
00:20 +336: C:/Projects/VeraProb/test/application/sla_audit/save_sla_template_handler_test.dart: SaveSlaTemplateHandler lan├ºa DomainException se organizationId vazio
00:21 +337: C:/Projects/VeraProb/test/application/sla_audit/shadow_mode_service_test.dart: ShadowModeService.runSimulation ÔÇö ROI computation persists simulation to repository
00:21 +338: C:/Projects/VeraProb/test/application/sla_audit/shadow_mode_service_test.dart: ShadowModeService.runSimulation ÔÇö ROI computation simulatedLostRevenue = actualLost ├ù (1 - disputeRate/100)
00:21 +339: C:/Projects/VeraProb/test/application/sla_audit/shadow_mode_service_test.dart: ShadowModeService.runSimulation ÔÇö ROI computation revenueProtectedByPlatform includes labor cost savings
00:21 +340: C:/Projects/VeraProb/test/application/sla_audit/shadow_mode_service_test.dart: ShadowModeService.runSimulation ÔÇö ROI computation roiPercentage = (protected / subscriptionCost) ├ù 100
00:21 +341: C:/Projects/VeraProb/test/application/sla_audit/shadow_mode_service_test.dart: ShadowModeService.runSimulation ÔÇö ROI computation same parameters ÔåÆ same ROI (idempotency)
00:21 +342: C:/Projects/VeraProb/test/application/sla_audit/shadow_mode_service_test.dart: ShadowModeService.runSimulation ÔÇö Evidence quality from canonical_facts evidenceQualityRate = 100% when no facts exist (empty period)
00:21 +343: C:/Projects/VeraProb/test/application/sla_audit/shadow_mode_service_test.dart: ShadowModeService.runSimulation ÔÇö Evidence quality from canonical_facts evidenceQualityRate computed from OK / total canonical_facts
00:21 +344: C:/Projects/VeraProb/test/application/sla_audit/shadow_mode_service_test.dart: ShadowModeService.runSimulation ÔÇö Evidence quality from canonical_facts evidenceQualityAttribution does NOT mention veraprob as cause when quality is low
00:21 +345: C:/Projects/VeraProb/test/application/sla_audit/shadow_mode_service_test.dart: ShadowModeService.runSimulation ÔÇö Evidence quality from canonical_facts evidenceQualityAttribution praises good quality when >= 95%
00:21 +346: C:/Projects/VeraProb/test/application/sla_audit/shadow_mode_service_test.dart: ShadowModeService.listSimulations returns simulations for the organization ordered by date DESC
00:21 +347: C:/Projects/VeraProb/test/application/sla_audit/shadow_mode_service_test.dart: ShadowModeService.listSimulations does not return simulations from other organizations
00:21 +348: C:/Projects/VeraProb/test/application/sla_audit/shift_projection_service_test.dart: (setUpAll)
00:21 +348: C:/Projects/VeraProb/test/application/sla_audit/shift_projection_service_test.dart: ShiftProjectionService 5.1 ÔÇö projectDays returns empty list for non-shift-based plan
00:21 +349: C:/Projects/VeraProb/test/application/sla_audit/shift_projection_service_test.dart: ShiftProjectionService 5.2 ÔÇö projectDays generates a SET for each matching weekday
00:21 +350: C:/Projects/VeraProb/test/application/sla_audit/shift_projection_service_test.dart: ShiftProjectionService 5.3 ÔÇö determinism: same plan + pattern + date ÔåÆ same setId
00:21 +351: C:/Projects/VeraProb/test/application/sla_audit/shift_projection_service_test.dart: ShiftProjectionService 5.4 ÔÇö idempotency: saveProjectedSets twice does not duplicate
00:21 +352: C:/Projects/VeraProb/test/application/sla_audit/shift_projection_service_test.dart: ShiftProjectionService 5.5 ÔÇö zone coordinate snapshot: zone update after projection does not affect existing SET
00:21 +353: C:/Projects/VeraProb/test/application/sla_audit/shift_projection_service_test.dart: ShiftProjectionService 5.6 ÔÇö SLA penalties are snapshotted onto projected SET
00:21 +354: C:/Projects/VeraProb/test/application/sla_audit/shift_projection_service_test.dart: ShiftProjectionService 5.7 ÔÇö detectAndAlertGaps raises PROJECTION_GAP for each past missing day
00:21 +355: C:/Projects/VeraProb/test/application/sla_audit/shift_projection_service_test.dart: ShiftProjectionService 5.8 ÔÇö detectAndAlertGaps is idempotent (no duplicate alerts)
00:21 +356: C:/Projects/VeraProb/test/application/sla_audit/shift_projection_service_test.dart: ShiftProjectionService 5.9 ÔÇö skip days when zone not found returns null (no crash)
00:21 +357: C:/Projects/VeraProb/test/application/sla_audit/shift_projection_service_test.dart: ShiftProjectionService 5.10 ÔÇö overnight shift: isOvernight is true when departure > arrival
00:21 +358: C:/Projects/VeraProb/test/application/sla_audit/shift_projection_service_test.dart: ShiftProjectionService 5.11 ÔÇö daytime shift: isOvernight is false when departure < arrival
00:21 +359: C:/Projects/VeraProb/test/application/sla_audit/shift_projection_service_test.dart: ShiftProjectionService 5.12 ÔÇö zero-duration shift throws DomainException
00:21 +360: C:/Projects/VeraProb/test/application/sla_audit/shift_projection_service_test.dart: ShiftProjectionService 5.14 ÔÇö SLAPenalties: new fields have correct defaults and survive JSON roundtrip
00:21 +361: C:/Projects/VeraProb/test/application/sla_audit/shift_projection_service_test.dart: ShiftProjectionService 5.13 ÔÇö overnight D+1: projected SET ends on next day in UTC
00:21 +362: C:/Projects/VeraProb/test/application/sla_audit/shift_projection_service_test.dart: (tearDownAll)
00:21 +362: C:/Projects/VeraProb/test/application/sla_audit/sla_execution_query_service_test.dart: SlaExecutionQueryService (in-memory) getSummary reflects correct counts by status
00:21 +363: C:/Projects/VeraProb/test/application/sla_audit/sla_execution_query_service_test.dart: SlaExecutionQueryService (in-memory) getSummary filters by contractId
00:21 +364: C:/Projects/VeraProb/test/application/sla_audit/sla_execution_query_service_test.dart: SlaExecutionQueryService (in-memory) listByStatus returns only matching status
00:21 +365: C:/Projects/VeraProb/test/application/sla_audit/sla_execution_query_service_test.dart: SlaExecutionQueryService (in-memory) listByStatus orders by windowStartUtc ascending
00:21 +366: C:/Projects/VeraProb/test/application/sla_audit/sla_execution_query_service_test.dart: SlaExecutionQueryService (in-memory) finalized and pending states are correctly separated
00:21 +367: C:/Projects/VeraProb/test/application/sla_audit/sla_execution_query_service_test.dart: SlaExecutionQueryService (in-memory) listByWindow returns states whose windowStart falls in the range
00:21 +368: C:/Projects/VeraProb/test/application/sla_audit/sla_execution_query_service_test.dart: SlaExecutionQueryService (in-memory) listByWindow respects contractId filter
00:21 +369: C:/Projects/VeraProb/test/application/sla_audit/sla_execution_query_service_test.dart: SlaExecutionQueryService (in-memory) listByStatus respects contractId filter
00:21 +370: C:/Projects/VeraProb/test/application/sla_audit/sla_execution_query_service_test.dart: SlaExecutionQueryService (in-memory) getSummary calculates financial projections correctly without fall-through
00:22 +371: C:/Projects/VeraProb/test/application/sla_audit/sla_ledger_mapper_test.dart: SlaLedgerMapper - EvidenceEvents Verification OccurrenceRegisteredEvidence maps gracefully without validation faults
00:22 +372: C:/Projects/VeraProb/test/application/sla_audit/sla_ledger_mapper_test.dart: SlaLedgerMapper - EvidenceEvents Verification TripInterruptedEvidence maps gracefully
00:22 +373: C:/Projects/VeraProb/test/application/sla_audit/sla_ledger_mapper_test.dart: SlaLedgerMapper - EvidenceEvents Verification TripCancelledEvidence maps gracefully
00:22 +374: C:/Projects/VeraProb/test/application/sla_audit/sla_ledger_mapper_test.dart: SlaLedgerMapper - EvidenceGapDeclaredEvent EvidenceGapDeclaredEvent maps to EVIDENCE_GAP_DECLARED entry
00:22 +375: C:/Projects/VeraProb/test/application/sla_audit/sla_ledger_mapper_test.dart: SlaLedgerMapper - SanctionDisputedEvent SanctionDisputedEvent maps to SANCTION_DISPUTED entry
00:22 +376: C:/Projects/VeraProb/test/application/sla_audit/sla_ledger_mapper_test.dart: SlaLedgerMapper - unknown event fallback unrecognised event maps to UNKNOWN_EVENT entry
00:22 +377: C:/Projects/VeraProb/test/application/sla_audit/sla_template_presets_test.dart: SlaTemplatePresets retorna um preset por vertical n├úo-custom
00:22 +378: C:/Projects/VeraProb/test/application/sla_audit/sla_template_presets_test.dart: SlaTemplatePresets todos os IDs come├ºam com preset:
00:22 +379: C:/Projects/VeraProb/test/application/sla_audit/sla_template_presets_test.dart: SlaTemplatePresets nenhum ID duplicado
00:22 +380: C:/Projects/VeraProb/test/application/sla_audit/sla_template_presets_test.dart: SlaTemplatePresets cada preset tem vertical n├úo-null
00:22 +381: C:/Projects/VeraProb/test/application/sla_audit/sla_template_presets_test.dart: SlaTemplatePresets cada preset tem nome n├úo-vazio
00:22 +382: C:/Projects/VeraProb/test/application/sla_audit/sla_template_presets_test.dart: SlaTemplatePresets cada preset tem penalties com valores v├ílidos
00:22 +383: C:/Projects/VeraProb/test/application/sla_audit/sla_template_presets_test.dart: SlaTemplatePresets findById retorna preset existente
00:22 +384: C:/Projects/VeraProb/test/application/sla_audit/sla_template_presets_test.dart: SlaTemplatePresets findById retorna null para ID inexistente
00:22 +385: C:/Projects/VeraProb/test/application/sla_audit/sla_template_presets_test.dart: SlaTemplatePresets findById retorna null para ID sem prefixo preset:
00:22 +386: C:/Projects/VeraProb/test/application/sla_audit/sla_template_presets_test.dart: SlaTemplatePresets isPreset diferencia presets de org templates
00:22 +387: C:/Projects/VeraProb/test/application/sla_audit/submit_contract_for_approval_handler_test.dart: (setUpAll)
00:22 +387: C:/Projects/VeraProb/test/application/sla_audit/submit_contract_for_approval_handler_test.dart: SubmitContractForApprovalHandler Rejeita operator ÔÇö n├úo tem canApproveContractAcceptance
00:23 +388: C:/Projects/VeraProb/test/application/sla_audit/submit_contract_for_approval_handler_test.dart: SubmitContractForApprovalHandler Rejeita auditor ÔÇö n├úo tem canApproveContractAcceptance
00:23 +389: C:/Projects/VeraProb/test/application/sla_audit/submit_contract_for_approval_handler_test.dart: SubmitContractForApprovalHandler Contrato n├úo encontrado ÔÇö lan├ºa DomainException
00:23 +390: C:/Projects/VeraProb/test/application/sla_audit/submit_contract_for_approval_handler_test.dart: SubmitContractForApprovalHandler Contrato active ÔÇö domain guard lan├ºa DomainException
00:23 +391: C:/Projects/VeraProb/test/application/sla_audit/submit_contract_for_approval_handler_test.dart: SubmitContractForApprovalHandler Contrato closed ÔÇö domain guard lan├ºa DomainException
00:23 +392: C:/Projects/VeraProb/test/application/sla_audit/submit_contract_for_approval_handler_test.dart: SubmitContractForApprovalHandler Contrato awaitingContractorAcceptance ÔÇö domain guard lan├ºa DomainException
00:23 +393: C:/Projects/VeraProb/test/application/sla_audit/submit_contract_for_approval_handler_test.dart: SubmitContractForApprovalHandler Admin + draft ÔÇö retorna token n├úo-vazio, RPC chamado 1x, ledger appendado 1x
00:23 +394: C:/Projects/VeraProb/test/application/sla_audit/submit_contract_for_approval_handler_test.dart: SubmitContractForApprovalHandler Duas invoca├º├Áes retornam tokens distintos (INV-7)
00:23 +395: C:/Projects/VeraProb/test/application/sla_audit/submit_contract_for_approval_handler_test.dart: (tearDownAll)
00:23 +395: C:/Projects/VeraProb/test/application/sla_audit/telemetry_ingestion_pipeline_test.dart: (setUpAll)
00:23 +395: C:/Projects/VeraProb/test/application/sla_audit/telemetry_ingestion_pipeline_test.dart: 6.5.2 ÔÇö Chronological Chaos Tolerance facts arrive out-of-order but are processed chronologically
00:23 +396: C:/Projects/VeraProb/test/application/sla_audit/telemetry_ingestion_pipeline_test.dart: 6.5.2 ÔÇö Chronological Chaos Tolerance late arrival facts (gpsTimestamp 4h before received) are processed
00:23 +397: C:/Projects/VeraProb/test/application/sla_audit/telemetry_ingestion_pipeline_test.dart: 6.5.2 ÔÇö Chronological Chaos Tolerance futureTimestamp facts are skipped
00:23 +398: C:/Projects/VeraProb/test/application/sla_audit/telemetry_ingestion_pipeline_test.dart: 6.5.2 ÔÇö Chronological Chaos Tolerance nullIsland facts are skipped
00:23 +399: C:/Projects/VeraProb/test/application/sla_audit/telemetry_ingestion_pipeline_test.dart: 6.5.2 ÔÇö Chronological Chaos Tolerance result totals: processed + skipped = totalReceived
00:23 +400: C:/Projects/VeraProb/test/application/sla_audit/telemetry_ingestion_pipeline_test.dart: 6.5.3 ÔÇö Asset State Machine MAINTENANCE asset: facts are skipped, zero SLA penalties
00:23 +401: C:/Projects/VeraProb/test/application/sla_audit/telemetry_ingestion_pipeline_test.dart: 6.5.3 ÔÇö Asset State Machine OFF_DUTY asset: facts are skipped
00:23 +402: C:/Projects/VeraProb/test/application/sla_audit/telemetry_ingestion_pipeline_test.dart: 6.5.3 ÔÇö Asset State Machine ACTIVE asset (default ÔÇö no events): facts are processed normally
00:23 +403: C:/Projects/VeraProb/test/application/sla_audit/telemetry_ingestion_pipeline_test.dart: 6.5.3 ÔÇö Asset State Machine AssetStatusEvent: throws on same-status transition
00:23 +404: C:/Projects/VeraProb/test/application/sla_audit/telemetry_ingestion_pipeline_test.dart: 6.5.3 ÔÇö Asset State Machine AssetStatusEvent: throws on non-UTC timestamp
00:23 +405: C:/Projects/VeraProb/test/application/sla_audit/telemetry_ingestion_pipeline_test.dart: 6.5.3 ÔÇö Asset State Machine status history replay: last event wins
00:23 +406: C:/Projects/VeraProb/test/application/sla_audit/telemetry_ingestion_pipeline_test.dart: 6.5.4 ÔÇö Kinematic Noise Filter (sequential Haversine) GPS jitter jump of ~200m is discarded, surrounding valid points pass
00:23 +407: C:/Projects/VeraProb/test/application/sla_audit/telemetry_ingestion_pipeline_test.dart: 6.5.4 ÔÇö Kinematic Noise Filter (sequential Haversine) same timestamp but displaced > 5m is discarded
00:23 +408: C:/Projects/VeraProb/test/application/sla_audit/telemetry_ingestion_pipeline_test.dart: 6.5.4 ÔÇö Kinematic Noise Filter (sequential Haversine) normal movement at 80 km/h passes the filter
00:23 +409: C:/Projects/VeraProb/test/application/sla_audit/telemetry_ingestion_pipeline_test.dart: 6.5.4 ÔÇö Kinematic Noise Filter (sequential Haversine) different devices do not share kinematic state
00:23 +410: C:/Projects/VeraProb/test/application/sla_audit/telemetry_ingestion_pipeline_test.dart: 6.5.4 ÔÇö Kinematic Noise Filter (sequential Haversine) 8.8 ÔÇö Anti-Spoofing Detector (INV-21) suspected spoofing batch is flagged and audited, not processed
00:23 +411: C:/Projects/VeraProb/test/application/sla_audit/telemetry_ingestion_pipeline_test.dart: 6.5.4 ÔÇö Kinematic Noise Filter (sequential Haversine) 8.8 ÔÇö Anti-Spoofing Detector (INV-21) manual confirmed spoofing flag skips processing
00:23 +412: C:/Projects/VeraProb/test/application/sla_audit/telemetry_ingestion_pipeline_test.dart: (tearDownAll)
00:23 +412: C:/Projects/VeraProb/test/application/sla_audit/update_contractual_rule_handler_test.dart: UpdateContractualRuleHandler operator role is denied ÔÇö canEditSlaRules is admin-only
00:23 +413: C:/Projects/VeraProb/test/application/sla_audit/update_contractual_rule_handler_test.dart: UpdateContractualRuleHandler auditor role is denied ÔÇö canEditSlaRules is admin-only
00:23 +414: C:/Projects/VeraProb/test/application/sla_audit/update_contractual_rule_handler_test.dart: UpdateContractualRuleHandler admin creates first version ÔÇö returns new rule UUID
00:23 +415: C:/Projects/VeraProb/test/application/sla_audit/update_contractual_rule_handler_test.dart: UpdateContractualRuleHandler admin updates existing version ÔÇö passes oldRuleId to service
00:23 +416: C:/Projects/VeraProb/test/application/sla_audit/update_contractual_rule_handler_test.dart: UpdateContractualRuleHandler MIN_GEOFENCE_COVERAGE with wrong key throws DomainException
00:23 +417: C:/Projects/VeraProb/test/application/sla_audit/update_contractual_rule_handler_test.dart: UpdateContractualRuleHandler MAX_TOLERANCE_DELAY with correct key passes validation
00:23 +418: C:/Projects/VeraProb/test/application/sla_audit/update_contractual_rule_handler_test.dart: UpdateContractualRuleHandler NO_SHOW_PENALTY with correct key passes validation
00:23 +419: C:/Projects/VeraProb/test/application/sla_audit/update_contractual_rule_handler_test.dart: UpdateContractualRuleHandler MAX_EVIDENCE_GAP with correct key passes validation
00:24 +420: C:/Projects/VeraProb/test/application/super_admin/create_organization_handler_test.dart: (setUpAll)
00:24 +420: C:/Projects/VeraProb/test/application/super_admin/create_organization_handler_test.dart: CreateOrganizationHandler CNPJ validation throws DomainException for CNPJ with fewer than 14 digits
00:24 +421: C:/Projects/VeraProb/test/application/super_admin/create_organization_handler_test.dart: CreateOrganizationHandler CNPJ validation throws DomainException for CNPJ with more than 14 digits
00:24 +422: C:/Projects/VeraProb/test/application/super_admin/create_organization_handler_test.dart: CreateOrganizationHandler CNPJ validation strips formatting before counting (00.000.000/0001-99 has 14 digits)
00:24 +423: C:/Projects/VeraProb/test/application/super_admin/create_organization_handler_test.dart: CreateOrganizationHandler CNPJ validation throws for empty CNPJ
00:24 +424: C:/Projects/VeraProb/test/application/super_admin/create_organization_handler_test.dart: CreateOrganizationHandler required field validation throws DomainException for empty legalName
00:24 +425: C:/Projects/VeraProb/test/application/super_admin/create_organization_handler_test.dart: CreateOrganizationHandler required field validation throws DomainException for whitespace-only legalName
00:24 +426: C:/Projects/VeraProb/test/application/super_admin/create_organization_handler_test.dart: CreateOrganizationHandler required field validation throws DomainException for empty tradeName
00:24 +427: C:/Projects/VeraProb/test/application/super_admin/create_organization_handler_test.dart: CreateOrganizationHandler email validation throws DomainException for email without @
00:24 +428: C:/Projects/VeraProb/test/application/super_admin/create_organization_handler_test.dart: CreateOrganizationHandler email validation throws DomainException for empty email
00:24 +429: C:/Projects/VeraProb/test/application/super_admin/create_organization_handler_test.dart: CreateOrganizationHandler email validation throws DomainException for whitespace-only email
00:24 +430: C:/Projects/VeraProb/test/application/super_admin/create_organization_handler_test.dart: CreateOrganizationHandler RBAC gate CNPJ error is thrown before repo is called
00:24 +431: C:/Projects/VeraProb/test/application/super_admin/create_organization_handler_test.dart: CreateOrganizationHandler RBAC gate email error is thrown before repo is called
00:24 +432: C:/Projects/VeraProb/test/application/super_admin/create_organization_handler_test.dart: (tearDownAll)
00:24 +432: C:/Projects/VeraProb/test/application/super_admin/mfa_challenge_handler_test.dart: MfaChallengeHandler createChallenge creates challenge when enrolled and not locked
00:24 +433: C:/Projects/VeraProb/test/application/super_admin/mfa_challenge_handler_test.dart: MfaChallengeHandler createChallenge throws when no factor enrolled
00:24 +434: C:/Projects/VeraProb/test/application/super_admin/mfa_challenge_handler_test.dart: MfaChallengeHandler createChallenge throws when account is locked out
00:24 +435: C:/Projects/VeraProb/test/application/super_admin/mfa_challenge_handler_test.dart: MfaChallengeHandler verify delegates to verifyChallenge on repository
00:24 +436: C:/Projects/VeraProb/test/application/super_admin/mfa_challenge_handler_test.dart: MfaChallengeHandler verify returns failure with lockout details
00:24 +437: C:/Projects/VeraProb/test/application/super_admin/mfa_enrollment_handler_test.dart: MfaEnrollmentHandler delegates to enrollTotp when no factor enrolled
00:24 +438: C:/Projects/VeraProb/test/application/super_admin/mfa_enrollment_handler_test.dart: MfaEnrollmentHandler throws DomainException when factor already enrolled
00:25 +439: C:/Projects/VeraProb/test/compliance/phase3_compliance_test.dart: Phase 3 Compliance Review C3-01: binding evaluation persists exactly one trace
00:25 +440: C:/Projects/VeraProb/test/compliance/phase3_compliance_test.dart: Phase 3 Compliance Review C3-02: sweep NoShow evaluation persists a trace
00:25 +441: C:/Projects/VeraProb/test/compliance/phase3_compliance_test.dart: Phase 3 Compliance Review C3-03: triggeringEventId matches a persisted ledger UUID
00:25 +442: C:/Projects/VeraProb/test/compliance/phase3_compliance_test.dart: Phase 3 Compliance Review C3-04: identical inputs produce identical trace decisions
00:25 +443: C:/Projects/VeraProb/test/compliance/phase3_compliance_test.dart: Phase 3 Compliance Review C3-05: all traces carry centralized engine version
00:25 +444: C:/Projects/VeraProb/test/compliance/phase3_compliance_test.dart: Phase 3 Compliance Review C3-06: each EvaluationDecision has all required fields
00:25 +445: C:/Projects/VeraProb/test/compliance/phase3_compliance_test.dart: Phase 3 Compliance Review C3-07: EvaluationTrace and EvaluationDecision are pure Dart
00:25 +446: C:/Projects/VeraProb/test/compliance/phase3_compliance_test.dart: Phase 3 Compliance Review C3-08: trace repository exposes no update or delete operations
00:25 +447: C:/Projects/VeraProb/test/compliance/phase4_compliance_test.dart: Phase 4 Compliance Review C4-01: NoShow produces CRITICAL alert
00:25 +448: C:/Projects/VeraProb/test/compliance/phase4_compliance_test.dart: Phase 4 Compliance Review C4-02: successful binding does NOT produce alert
00:25 +449: C:/Projects/VeraProb/test/compliance/phase4_compliance_test.dart: Phase 4 Compliance Review C4-03: alert references ledger event and trace
00:25 +450: C:/Projects/VeraProb/test/compliance/phase4_compliance_test.dart: Phase 4 Compliance Review C4-04: duplicate alert from same ledger event is suppressed
00:25 +451: C:/Projects/VeraProb/test/compliance/phase4_compliance_test.dart: Phase 4 Compliance Review C4-05: ACTIVE ÔåÆ ACKNOWLEDGED ÔåÆ RESOLVED lifecycle
00:25 +452: C:/Projects/VeraProb/test/compliance/phase4_compliance_test.dart: Phase 4 Compliance Review C4-06: invalid lifecycle transitions are rejected
00:25 +453: C:/Projects/VeraProb/test/compliance/phase4_compliance_test.dart: Phase 4 Compliance Review C4-07: findActive scopes alerts by organization
00:25 +454: C:/Projects/VeraProb/test/compliance/phase4_compliance_test.dart: Phase 4 Compliance Review C4-08: OperationalAlert is pure Dart
00:25 +455: C:/Projects/VeraProb/test/compliance/phase4_compliance_test.dart: Phase 4 Compliance Review C4-09: AlertDerivationService maps correct types and severities
00:25 +456: C:/Projects/VeraProb/test/compliance/phase4_compliance_test.dart: Phase 4 Compliance Review C4-10: alerts originate exclusively from engine pipeline
00:25 +457: C:/Projects/VeraProb/test/core/config/environment_test.dart: EnvironmentConfig Coverage AppEnvironment.fromString
00:26 +458: C:/Projects/VeraProb/test/core/config/environment_test.dart: EnvironmentConfig Coverage EnvironmentConfig getters (default values)
00:26 +459: C:/Projects/VeraProb/test/core/services/logger_service_test.dart: LoggerService Coverage singleton instance
00:26 +460: C:/Projects/VeraProb/test/core/services/logger_service_test.dart: LoggerService Coverage log message
2026-03-29T00:11:05.172172Z [App] test log
2026-03-29T00:11:05.176570Z [TestComponent] test log
00:26 +461: C:/Projects/VeraProb/test/core/services/logger_service_test.dart: LoggerService Coverage error message
­ƒö┤ 2026-03-29T00:11:05.181689Z [ERROR] test error
­ƒö┤ 2026-03-29T00:11:05.185248Z [ERROR] test error
Error: some error
­ƒö┤ 2026-03-29T00:11:05.185248Z [ERROR] test error
Error: some error
StackTrace: #0      main.<anonymous closure>.<anonymous closure> (file:///C:/Projects/VeraProb/test/core/services/logger_service_test.dart:28:32)
#1      Declarer.test.<anonymous closure>.<anonymous closure> (package:test_api/src/backend/declarer.dart:242:19)
<asynchronous suspension>
#2      Declarer.test.<anonymous closure> (package:test_api/src/backend/declarer.dart:240:7)
<asynchronous suspension>
#3      Invoker._waitForOutstandingCallbacks.<anonymous closure> (package:test_api/src/backend/invoker.dart:282:9)
<asynchronous suspension>

00:26 +462: C:/Projects/VeraProb/test/core/services/logger_service_test.dart: LoggerService Coverage security message
­ƒöÆ 2026-03-29T00:11:05.201673Z [SECURITY] test security event
00:26 +463: C:/Projects/VeraProb/test/core/theme/app_theme_test.dart: AppTheme Coverage (setUpAll)
00:26 +463: C:/Projects/VeraProb/test/core/theme/app_theme_test.dart: AppTheme Coverage VeraProbColors access
00:26 +464: C:/Projects/VeraProb/test/core/theme/app_theme_test.dart: AppTheme Coverage VeraProbSpacing access
00:26 +465: C:/Projects/VeraProb/test/core/theme/app_theme_test.dart: AppTheme Coverage VeraProbTypography access
00:27 +466: C:/Projects/VeraProb/test/core/theme/app_theme_test.dart: AppTheme Coverage AppTheme.darkTheme properties
00:27 +466: C:/Projects/VeraProb/test/core/theme/app_theme_test.dart: AppTheme Coverage VeraProbTypography access
Error: google_fonts was unable to load font Inter-Regular because the following exception occurred:
Exception: Failed to load font with url: https://fonts.gstatic.com/s/a/ecdb53099b1a68cd24c6900ea5beeafec81bd3c8cb9d0f3c51b9986583ba3982.ttf

There is likely something wrong with your test. Please see https://github.com/flutter/packages/blob/main/packages/google_fonts/example/test for examples of how to test with google_fonts.
If troubleshooting doesn't solve the problem, please file an issue at https://github.com/flutter/flutter/issues/new/choose.

00:27 +465 -1: C:/Projects/VeraProb/test/core/theme/app_theme_test.dart: AppTheme Coverage AppTheme.darkTheme properties
00:27 +465 -1: C:/Projects/VeraProb/test/core/theme/app_theme_test.dart: AppTheme Coverage VeraProbTypography access [E]
  Exception: Failed to load font with url: https://fonts.gstatic.com/s/a/ecdb53099b1a68cd24c6900ea5beeafec81bd3c8cb9d0f3c51b9986583ba3982.ttf
  package:google_fonts/src/google_fonts_base.dart 288:5              _httpFetchFontAndSaveToDevice
  ===== asynchronous gap ===========================
  dart:async                                                         _CustomZone.registerBinaryCallback
  package:google_fonts/src/google_fonts_base.dart 147:23             loadFontIfNecessary
  package:google_fonts/src/google_fonts_base.dart 110:38             googleFontsTextStyle
  package:google_fonts/src/google_fonts_parts/part_i.g.dart 4533:12  PartI.inter
  package:veraprob/core/theme/app_theme.dart 75:49                   VeraProbTypography.base
  package:veraprob/core/theme/app_theme.dart 77:36                   VeraProbTypography.kpiValue
  test\core\theme\app_theme_test.dart 32:33                          main.<fn>.<fn>
  
Warning: At least one test in this suite creates an HttpClient. When running a test suite that uses
TestWidgetsFlutterBinding, all HTTP requests will return status code 400, and no network request
will actually be made. Any test expecting a real network connection and status code will fail.
To test code that needs an HttpClient, provide your own HttpClient implementation to the code under
test, so that your test can consistently provide a testable response to the code under test.
  This test failed after it had already completed.
  Make sure to use a matching library which informs the test runner
  of pending async work.
  package:google_fonts/src/google_fonts_base.dart 288:5              _httpFetchFontAndSaveToDevice
  ===== asynchronous gap ===========================
  dart:async                                                         _CustomZone.registerBinaryCallback
  package:google_fonts/src/google_fonts_base.dart 147:23             loadFontIfNecessary
  package:google_fonts/src/google_fonts_base.dart 110:38             googleFontsTextStyle
  package:google_fonts/src/google_fonts_parts/part_i.g.dart 4533:12  PartI.inter
  package:veraprob/core/theme/app_theme.dart 75:49                   VeraProbTypography.base
  package:veraprob/core/theme/app_theme.dart 77:36                   VeraProbTypography.kpiValue
  test\core\theme\app_theme_test.dart 32:33                          main.<fn>.<fn>
  
00:27 +466 -1: C:/Projects/VeraProb/test/core/theme/app_theme_test.dart: AppTheme Coverage AppTheme.darkTheme properties
Error: google_fonts was unable to load font Inter-Regular because the following exception occurred:
Exception: Failed to load font with url: https://fonts.gstatic.com/s/a/ecdb53099b1a68cd24c6900ea5beeafec81bd3c8cb9d0f3c51b9986583ba3982.ttf

There is likely something wrong with your test. Please see https://github.com/flutter/packages/blob/main/packages/google_fonts/example/test for examples of how to test with google_fonts.
If troubleshooting doesn't solve the problem, please file an issue at https://github.com/flutter/flutter/issues/new/choose.

00:27 +465 -2: C:/Projects/VeraProb/test/core/theme/app_theme_test.dart: AppTheme Coverage AppTheme.darkTheme properties [E]
  Exception: Failed to load font with url: https://fonts.gstatic.com/s/a/ecdb53099b1a68cd24c6900ea5beeafec81bd3c8cb9d0f3c51b9986583ba3982.ttf
  package:google_fonts/src/google_fonts_base.dart 288:5              _httpFetchFontAndSaveToDevice
  ===== asynchronous gap ===========================
  dart:async                                                         _CustomZone.registerBinaryCallback
  package:google_fonts/src/google_fonts_base.dart 155:9              loadFontIfNecessary
  package:google_fonts/src/google_fonts_base.dart 110:38             googleFontsTextStyle
  package:google_fonts/src/google_fonts_parts/part_i.g.dart 4533:12  PartI.inter
  package:veraprob/core/theme/app_theme.dart 147:34                  AppTheme.darkTheme
  package:veraprob/core/theme/app_theme.dart                         AppTheme.darkTheme
  test\core\theme\app_theme_test.dart 44:30                          main.<fn>.<fn>
  
  This test failed after it had already completed.
  Make sure to use a matching library which informs the test runner
  of pending async work.
  package:google_fonts/src/google_fonts_base.dart 288:5              _httpFetchFontAndSaveToDevice
  ===== asynchronous gap ===========================
  dart:async                                                         _CustomZone.registerBinaryCallback
  package:google_fonts/src/google_fonts_base.dart 155:9              loadFontIfNecessary
  package:google_fonts/src/google_fonts_base.dart 110:38             googleFontsTextStyle
  package:google_fonts/src/google_fonts_parts/part_i.g.dart 4533:12  PartI.inter
  package:veraprob/core/theme/app_theme.dart 147:34                  AppTheme.darkTheme
  package:veraprob/core/theme/app_theme.dart                         AppTheme.darkTheme
  test\core\theme\app_theme_test.dart 44:30                          main.<fn>.<fn>
  
Error: google_fonts was unable to load font Inter-Bold because the following exception occurred:
Exception: Failed to load font with url: https://fonts.gstatic.com/s/a/b7e339223d56e8c4210c86f1ba87b3d43d6c47e03956ea56f0a7a938ae61b2a3.ttf

There is likely something wrong with your test. Please see https://github.com/flutter/packages/blob/main/packages/google_fonts/example/test for examples of how to test with google_fonts.
If troubleshooting doesn't solve the problem, please file an issue at https://github.com/flutter/flutter/issues/new/choose.

  Exception: Failed to load font with url: https://fonts.gstatic.com/s/a/b7e339223d56e8c4210c86f1ba87b3d43d6c47e03956ea56f0a7a938ae61b2a3.ttf
  package:google_fonts/src/google_fonts_base.dart 288:5              _httpFetchFontAndSaveToDevice
  ===== asynchronous gap ===========================
  dart:async                                                         _CustomZone.registerBinaryCallback
  package:google_fonts/src/google_fonts_base.dart 155:9              loadFontIfNecessary
  package:google_fonts/src/google_fonts_base.dart 110:38             googleFontsTextStyle
  package:google_fonts/src/google_fonts_parts/part_i.g.dart 4533:12  PartI.inter
  package:google_fonts/src/google_fonts_parts/part_i.g.dart 4570:23  PartI.interTextTheme
  package:veraprob/core/theme/app_theme.dart 161:42                  AppTheme.darkTheme
  package:veraprob/core/theme/app_theme.dart                         AppTheme.darkTheme
  test\core\theme\app_theme_test.dart 44:30                          main.<fn>.<fn>
  
Error: google_fonts was unable to load font Inter-SemiBold because the following exception occurred:
Exception: Failed to load font with url: https://fonts.gstatic.com/s/a/d7ba633bab7f40576e539a7e934a1301d7618dceea59c743de477c2c493462fc.ttf

There is likely something wrong with your test. Please see https://github.com/flutter/packages/blob/main/packages/google_fonts/example/test for examples of how to test with google_fonts.
If troubleshooting doesn't solve the problem, please file an issue at https://github.com/flutter/flutter/issues/new/choose.

  Exception: Failed to load font with url: https://fonts.gstatic.com/s/a/d7ba633bab7f40576e539a7e934a1301d7618dceea59c743de477c2c493462fc.ttf
  package:google_fonts/src/google_fonts_base.dart 288:5              _httpFetchFontAndSaveToDevice
  ===== asynchronous gap ===========================
  dart:async                                                         _CustomZone.registerBinaryCallback
  package:google_fonts/src/google_fonts_base.dart 155:9              loadFontIfNecessary
  package:google_fonts/src/google_fonts_base.dart 110:38             googleFontsTextStyle
  package:google_fonts/src/google_fonts_parts/part_i.g.dart 4533:12  PartI.inter
  package:google_fonts/src/google_fonts_parts/part_i.g.dart 4572:19  PartI.interTextTheme
  package:veraprob/core/theme/app_theme.dart 161:42                  AppTheme.darkTheme
  package:veraprob/core/theme/app_theme.dart                         AppTheme.darkTheme
  test\core\theme\app_theme_test.dart 44:30                          main.<fn>.<fn>
  
00:27 +465 -2: C:/Projects/VeraProb/test/core/theme/app_theme_test.dart: AppTheme Coverage AppTheme.lightTheme properties
00:27 +466 -2: C:/Projects/VeraProb/test/core/theme/app_theme_test.dart: AppTheme Coverage AppTheme.lightTheme properties
Error: google_fonts was unable to load font Inter-Regular because the following exception occurred:
Exception: Failed to load font with url: https://fonts.gstatic.com/s/a/ecdb53099b1a68cd24c6900ea5beeafec81bd3c8cb9d0f3c51b9986583ba3982.ttf

There is likely something wrong with your test. Please see https://github.com/flutter/packages/blob/main/packages/google_fonts/example/test for examples of how to test with google_fonts.
If troubleshooting doesn't solve the problem, please file an issue at https://github.com/flutter/flutter/issues/new/choose.

00:27 +466 -2: C:/Projects/VeraProb/test/core/theme/app_theme_test.dart: AppTheme Coverage AppTheme helpers
00:27 +465 -3: C:/Projects/VeraProb/test/core/theme/app_theme_test.dart: AppTheme Coverage AppTheme helpers
00:27 +465 -3: C:/Projects/VeraProb/test/core/theme/app_theme_test.dart: AppTheme Coverage AppTheme.lightTheme properties [E]
  Exception: Failed to load font with url: https://fonts.gstatic.com/s/a/ecdb53099b1a68cd24c6900ea5beeafec81bd3c8cb9d0f3c51b9986583ba3982.ttf
  package:google_fonts/src/google_fonts_base.dart 288:5              _httpFetchFontAndSaveToDevice
  ===== asynchronous gap ===========================
  dart:async                                                         _CustomZone.registerBinaryCallback
  package:google_fonts/src/google_fonts_base.dart 155:9              loadFontIfNecessary
  package:google_fonts/src/google_fonts_base.dart 110:38             googleFontsTextStyle
  package:google_fonts/src/google_fonts_parts/part_i.g.dart 4533:12  PartI.inter
  package:veraprob/core/theme/app_theme.dart 302:34                  AppTheme.lightTheme
  package:veraprob/core/theme/app_theme.dart                         AppTheme.lightTheme
  test\core\theme\app_theme_test.dart 51:30                          main.<fn>.<fn>
  
  This test failed after it had already completed.
  Make sure to use a matching library which informs the test runner
  of pending async work.
  package:google_fonts/src/google_fonts_base.dart 288:5              _httpFetchFontAndSaveToDevice
  ===== asynchronous gap ===========================
  dart:async                                                         _CustomZone.registerBinaryCallback
  package:google_fonts/src/google_fonts_base.dart 155:9              loadFontIfNecessary
  package:google_fonts/src/google_fonts_base.dart 110:38             googleFontsTextStyle
  package:google_fonts/src/google_fonts_parts/part_i.g.dart 4533:12  PartI.inter
  package:veraprob/core/theme/app_theme.dart 302:34                  AppTheme.lightTheme
  package:veraprob/core/theme/app_theme.dart                         AppTheme.lightTheme
  test\core\theme\app_theme_test.dart 51:30                          main.<fn>.<fn>
  
00:27 +466 -3: C:/Projects/VeraProb/test/core/theme/app_theme_test.dart: AppTheme Coverage (tearDownAll)
00:27 +466 -3: C:/Projects/VeraProb/test/core/utils/data_seeder_test.dart: DataSeeder Integration Tests (setUpAll)
00:27 +467 -3: C:/Projects/VeraProb/test/core/utils/data_seeder_test.dart: DataSeeder Integration Tests (setUpAll)
00:27 +468 -3: C:/Projects/VeraProb/test/core/utils/data_seeder_test.dart: DataSeeder Integration Tests (setUpAll)
00:27 +469 -3: C:/Projects/VeraProb/test/core/utils/data_seeder_test.dart: DataSeeder Integration Tests (setUpAll)
00:27 +470 -3: C:/Projects/VeraProb/test/core/utils/data_seeder_test.dart: DataSeeder Integration Tests (setUpAll)
00:27 +471 -3: C:/Projects/VeraProb/test/core/utils/data_seeder_test.dart: DataSeeder Integration Tests (setUpAll)
00:27 +472 -3: C:/Projects/VeraProb/test/core/utils/data_seeder_test.dart: DataSeeder Integration Tests (setUpAll)
00:27 +473 -3: C:/Projects/VeraProb/test/core/utils/data_seeder_test.dart: DataSeeder Integration Tests (setUpAll)
00:27 +474 -3: C:/Projects/VeraProb/test/core/utils/data_seeder_test.dart: DataSeeder Integration Tests (setUpAll)
supabase.supabase_flutter: INFO: ***** Supabase init completed ***** 
00:28 +474 -4: C:/Projects/VeraProb/test/core/utils/data_seeder_test.dart: DataSeeder Integration Tests (setUpAll) [E]
  PostgrestException(message: sla_audit_ledger_v2 is immutable (INV-1). Operation: DELETE, id: 7fa795cb-ccda-42ef-937b-70560788bd8a, code: 23001, details: Bad Request, hint: null)
  package:postgrest/src/postgrest_builder.dart 299:7   PostgrestBuilder._parseResponse
  package:postgrest/src/postgrest_builder.dart 174:14  PostgrestBuilder._execute
  
00:28 +474 -4: C:/Projects/VeraProb/test/core/utils/data_seeder_test.dart: DataSeeder Integration Tests (tearDownAll)
00:28 +474 -4: C:/Projects/VeraProb/test/core/utils/jwt_utils_test.dart: decodeJwtPayload decodes a well-formed JWT payload
00:28 +475 -4: C:/Projects/VeraProb/test/core/utils/jwt_utils_test.dart: decodeJwtPayload returns empty map for token with fewer than 3 parts
00:28 +476 -4: C:/Projects/VeraProb/test/core/utils/jwt_utils_test.dart: decodeJwtPayload returns empty map for token with more than 3 parts
00:28 +477 -4: C:/Projects/VeraProb/test/core/utils/jwt_utils_test.dart: decodeJwtPayload handles unpadded base64url payload
00:29 +478 -4: C:/Projects/VeraProb/test/data/services/fleet_simulation_service_test.dart: FleetSimulationService currentTrips returns non-empty list by default
00:29 +479 -4: C:/Projects/VeraProb/test/data/services/fleet_simulation_service_test.dart: FleetSimulationService currentTrips are initialized on first call
00:29 +480 -4: C:/Projects/VeraProb/test/data/services/fleet_simulation_service_test.dart: FleetSimulationService currentTrips are consistent across calls
00:29 +481 -4: C:/Projects/VeraProb/test/data/services/fleet_simulation_service_test.dart: FleetSimulationService all trips have non-empty ids
00:29 +482 -4: C:/Projects/VeraProb/test/data/services/fleet_simulation_service_test.dart: FleetSimulationService currentPositions returns list for active trips
00:29 +483 -4: C:/Projects/VeraProb/test/data/services/fleet_simulation_service_test.dart: FleetSimulationService all positions have valid latitude/longitude ranges
00:29 +484 -4: C:/Projects/VeraProb/test/data/services/fleet_simulation_service_test.dart: FleetSimulationService getTripById returns null for unknown id
00:29 +485 -4: C:/Projects/VeraProb/test/data/services/fleet_simulation_service_test.dart: FleetSimulationService getTripById returns trip for existing id
00:29 +486 -4: C:/Projects/VeraProb/test/data/services/fleet_simulation_service_test.dart: FleetSimulationService updateTripStatus returns null for unknown trip
00:29 +487 -4: C:/Projects/VeraProb/test/data/services/fleet_simulation_service_test.dart: FleetSimulationService updateTripStatus returns old status and updates trip
00:29 +488 -4: C:/Projects/VeraProb/test/data/services/fleet_simulation_service_test.dart: FleetSimulationService updateTripStatus with delaySeconds sets delay
00:29 +489 -4: C:/Projects/VeraProb/test/data/services/fleet_simulation_service_test.dart: FleetSimulationService addEvent returns TripEvent with correct fields
00:29 +490 -4: C:/Projects/VeraProb/test/data/services/fleet_simulation_service_test.dart: FleetSimulationService addEvent increments event counter
00:29 +491 -4: C:/Projects/VeraProb/test/data/services/fleet_simulation_service_test.dart: FleetSimulationService getEventsForTrip returns empty list for unknown trip
00:29 +492 -4: C:/Projects/VeraProb/test/data/services/fleet_simulation_service_test.dart: FleetSimulationService getEventsForTrip returns events in newest-first order
00:29 +493 -4: C:/Projects/VeraProb/test/data/services/fleet_simulation_service_test.dart: FleetSimulationService triggerSpeedViolation does not throw for valid trip
00:29 +494 -4: C:/Projects/VeraProb/test/data/services/fleet_simulation_service_test.dart: FleetSimulationService tripStream emits initial trips snapshot
00:29 +495 -4: C:/Projects/VeraProb/test/data/services/fleet_simulation_service_test.dart: FleetSimulationService positionStream emits initial positions snapshot
00:29 +496 -4: C:/Projects/VeraProb/test/data/services/fleet_simulation_service_test.dart: FleetSimulationService same seed produces trips with same ids
00:29 +497 -4: C:/Projects/VeraProb/test/domain/admin/invitation_test.dart: Invitation isExpired returns false when expiry is in the future
00:29 +498 -4: C:/Projects/VeraProb/test/domain/admin/invitation_test.dart: Invitation isExpired returns true when expiry is in the past
00:29 +499 -4: C:/Projects/VeraProb/test/domain/admin/invitation_test.dart: Invitation isAccepted returns false when acceptedAtUtc is null
00:29 +500 -4: C:/Projects/VeraProb/test/domain/admin/invitation_test.dart: Invitation isAccepted returns true when acceptedAtUtc is set
00:29 +501 -4: C:/Projects/VeraProb/test/domain/admin/invitation_test.dart: Invitation isRevoked returns false when revokedAtUtc is null
00:29 +502 -4: C:/Projects/VeraProb/test/domain/admin/invitation_test.dart: Invitation isRevoked returns true when revokedAtUtc is set
00:29 +503 -4: C:/Projects/VeraProb/test/domain/admin/invitation_test.dart: Invitation isActive returns true when not expired, not accepted, not revoked
00:29 +504 -4: C:/Projects/VeraProb/test/domain/admin/invitation_test.dart: Invitation isActive returns false when expired
00:29 +505 -4: C:/Projects/VeraProb/test/domain/admin/invitation_test.dart: Invitation isActive returns false when accepted
00:29 +506 -4: C:/Projects/VeraProb/test/domain/admin/invitation_test.dart: Invitation isActive returns false when revoked
00:29 +507 -4: C:/Projects/VeraProb/test/domain/admin/invitation_test.dart: Invitation equality is value-based via Equatable
00:29 +508 -4: C:/Projects/VeraProb/test/domain/authority/commands/authority_commands_test.dart: AcknowledgeAlertCommand targetRef points to the trip entity
00:29 +509 -4: C:/Projects/VeraProb/test/domain/authority/commands/authority_commands_test.dart: AcknowledgeAlertCommand equality is value-based
00:29 +510 -4: C:/Projects/VeraProb/test/domain/authority/commands/authority_commands_test.dart: CreateTripEventCommand targetRef points to the trip entity
00:29 +511 -4: C:/Projects/VeraProb/test/domain/authority/commands/authority_commands_test.dart: CreateTripEventCommand supports optional metadata and notes
00:29 +512 -4: C:/Projects/VeraProb/test/domain/authority/commands/authority_commands_test.dart: OverrideRouteDeviationCommand targetRef points to the trip entity
00:29 +513 -4: C:/Projects/VeraProb/test/domain/authority/commands/authority_commands_test.dart: UpdateTripStatusCommand targetRef points to the trip entity
00:29 +514 -4: C:/Projects/VeraProb/test/domain/authority/commands/authority_commands_test.dart: UpdateTripStatusCommand stores newStatus
00:29 +515 -4: C:/Projects/VeraProb/test/domain/authority/commands/authority_commands_test.dart: ReassignVehicleCommand targetRef points to the trip entity
00:29 +516 -4: C:/Projects/VeraProb/test/domain/authority/commands/authority_commands_test.dart: ReassignVehicleCommand stores vehicle reassignment payload
00:29 +517 -4: C:/Projects/VeraProb/test/domain/authority/commands/authority_commands_test.dart: TargetRef urn getter formats correctly
00:29 +518 -4: C:/Projects/VeraProb/test/domain/authority/commands/authority_commands_test.dart: TargetRef equality is value-based
00:30 +519 -4: C:/Projects/VeraProb/test/domain/authority/hardening/authorizing_command_bus_test.dart: Architecture Guardians: AuthorizingCommandBus 1. The Golden Path (Approved Mutator): Should log APPROVED and call Mutator 1 time
[FORENSIC LEDGER] APPROVED | Action: resolve_alert | Actor: test-actor | Target: urn:veraprob:trip:t-123
00:30 +520 -4: C:/Projects/VeraProb/test/domain/authority/hardening/authorizing_command_bus_test.dart: Architecture Guardians: AuthorizingCommandBus 2. The Iron Gate (Denied Mutator): Should log DENIED and call Mutator 0 times
[FORENSIC LEDGER] DENIED | Action: resolve_alert | Actor: test-actor | Target: urn:veraprob:trip:t-999
00:30 +521 -4: C:/Projects/VeraProb/test/domain/authority/hardening/authorizing_command_bus_test.dart: Architecture Guardians: AuthorizingCommandBus 3. The Unmapped Rogue Command: Should fail mapping, skipping Evaluator and Mutator
00:30 +522 -4: C:/Projects/VeraProb/test/domain/authority/hardening/authorizing_command_bus_test.dart: Architecture Guardians: AuthorizingCommandBus 4. Atomic Mutator Failure: Should still retain the APPROVED forensic log even if system crashes downstream
[FORENSIC LEDGER] APPROVED | Action: resolve_alert | Actor: test-actor | Target: urn:veraprob:trip:t-crash
00:30 +523 -4: C:/Projects/VeraProb/test/domain/authority/hardening/forensic_concurrency_test.dart: Architecture Guardians: Forensic Concurrency Test 5. Mass Concurrent Dispatches: Should maintain ledger consistency without dropping decisions
[FORENSIC LEDGER] APPROVED | Action: resolve_alert | Actor: stress-actor | Target: urn:veraprob:trip:concurrent_trip_0
[FORENSIC LEDGER] APPROVED | Action: resolve_alert | Actor: stress-actor | Target: urn:veraprob:trip:concurrent_trip_1
[FORENSIC LEDGER] APPROVED | Action: resolve_alert | Actor: stress-actor | Target: urn:veraprob:trip:concurrent_trip_2
[FORENSIC LEDGER] APPROVED | Action: resolve_alert | Actor: stress-actor | Target: urn:veraprob:trip:concurrent_trip_3
[FORENSIC LEDGER] APPROVED | Action: resolve_alert | Actor: stress-actor | Target: urn:veraprob:trip:concurrent_trip_4
[FORENSIC LEDGER] APPROVED | Action: resolve_alert | Actor: stress-actor | Target: urn:veraprob:trip:concurrent_trip_5
[FORENSIC LEDGER] APPROVED | Action: resolve_alert | Actor: stress-actor | Target: urn:veraprob:trip:concurrent_trip_6
[FORENSIC LEDGER] APPROVED | Action: resolve_alert | Actor: stress-actor | Target: urn:veraprob:trip:concurrent_trip_7
[FORENSIC LEDGER] APPROVED | Action: resolve_alert | Actor: stress-actor | Target: urn:veraprob:trip:concurrent_trip_8
[FORENSIC LEDGER] APPROVED | Action: resolve_alert | Actor: stress-actor | Target: urn:veraprob:trip:concurrent_trip_9
[FORENSIC LEDGER] APPROVED | Action: resolve_alert | Actor: stress-actor | Target: urn:veraprob:trip:concurrent_trip_10
[FORENSIC LEDGER] APPROVED | Action: resolve_alert | Actor: stress-actor | Target: urn:veraprob:trip:concurrent_trip_11
[FORENSIC LEDGER] APPROVED | Action: resolve_alert | Actor: stress-actor | Target: urn:veraprob:trip:concurrent_trip_12
[FORENSIC LEDGER] APPROVED | Action: resolve_alert | Actor: stress-actor | Target: urn:veraprob:trip:concurrent_trip_13
[FORENSIC LEDGER] APPROVED | Action: resolve_alert | Actor: stress-actor | Target: urn:veraprob:trip:concurrent_trip_14
[FORENSIC LEDGER] APPROVED | Action: resolve_alert | Actor: stress-actor | Target: urn:veraprob:trip:concurrent_trip_15
[FORENSIC LEDGER] APPROVED | Action: resolve_alert | Actor: stress-actor | Target: urn:veraprob:trip:concurrent_trip_16
[FORENSIC LEDGER] APPROVED | Action: resolve_alert | Actor: stress-actor | Target: urn:veraprob:trip:concurrent_trip_17
[FORENSIC LEDGER] APPROVED | Action: resolve_alert | Actor: stress-actor | Target: urn:veraprob:trip:concurrent_trip_18
[FORENSIC LEDGER] APPROVED | Action: resolve_alert | Actor: stress-actor | Target: urn:veraprob:trip:concurrent_trip_19
[FORENSIC LEDGER] APPROVED | Action: resolve_alert | Actor: stress-actor | Target: urn:veraprob:trip:concurrent_trip_20
[FORENSIC LEDGER] APPROVED | Action: resolve_alert | Actor: stress-actor | Target: urn:veraprob:trip:concurrent_trip_21
[FORENSIC LEDGER] APPROVED | Action: resolve_alert | Actor: stress-actor | Target: urn:veraprob:trip:concurrent_trip_22
[FORENSIC LEDGER] APPROVED | Action: resolve_alert | Actor: stress-actor | Target: urn:veraprob:trip:concurrent_trip_23
[FORENSIC LEDGER] APPROVED | Action: resolve_alert | Actor: stress-actor | Target: urn:veraprob:trip:concurrent_trip_24
[FORENSIC LEDGER] APPROVED | Action: resolve_alert | Actor: stress-actor | Target: urn:veraprob:trip:concurrent_trip_25
[FORENSIC LEDGER] APPROVED | Action: resolve_alert | Actor: stress-actor | Target: urn:veraprob:trip:concurrent_trip_26
[FORENSIC LEDGER] APPROVED | Action: resolve_alert | Actor: stress-actor | Target: urn:veraprob:trip:concurrent_trip_27
[FORENSIC LEDGER] APPROVED | Action: resolve_alert | Actor: stress-actor | Target: urn:veraprob:trip:concurrent_trip_28
[FORENSIC LEDGER] APPROVED | Action: resolve_alert | Actor: stress-actor | Target: urn:veraprob:trip:concurrent_trip_29
[FORENSIC LEDGER] APPROVED | Action: resolve_alert | Actor: stress-actor | Target: urn:veraprob:trip:concurrent_trip_30
[FORENSIC LEDGER] APPROVED | Action: resolve_alert | Actor: stress-actor | Target: urn:veraprob:trip:concurrent_trip_31
[FORENSIC LEDGER] APPROVED | Action: resolve_alert | Actor: stress-actor | Target: urn:veraprob:trip:concurrent_trip_32
[FORENSIC LEDGER] APPROVED | Action: resolve_alert | Actor: stress-actor | Target: urn:veraprob:trip:concurrent_trip_33
[FORENSIC LEDGER] APPROVED | Action: resolve_alert | Actor: stress-actor | Target: urn:veraprob:trip:concurrent_trip_34
[FORENSIC LEDGER] APPROVED | Action: resolve_alert | Actor: stress-actor | Target: urn:veraprob:trip:concurrent_trip_35
[FORENSIC LEDGER] APPROVED | Action: resolve_alert | Actor: stress-actor | Target: urn:veraprob:trip:concurrent_trip_36
[FORENSIC LEDGER] APPROVED | Action: resolve_alert | Actor: stress-actor | Target: urn:veraprob:trip:concurrent_trip_37
[FORENSIC LEDGER] APPROVED | Action: resolve_alert | Actor: stress-actor | Target: urn:veraprob:trip:concurrent_trip_38
[FORENSIC LEDGER] APPROVED | Action: resolve_alert | Actor: stress-actor | Target: urn:veraprob:trip:concurrent_trip_39
[FORENSIC LEDGER] APPROVED | Action: resolve_alert | Actor: stress-actor | Target: urn:veraprob:trip:concurrent_trip_40
[FORENSIC LEDGER] APPROVED | Action: resolve_alert | Actor: stress-actor | Target: urn:veraprob:trip:concurrent_trip_41
[FORENSIC LEDGER] APPROVED | Action: resolve_alert | Actor: stress-actor | Target: urn:veraprob:trip:concurrent_trip_42
[FORENSIC LEDGER] APPROVED | Action: resolve_alert | Actor: stress-actor | Target: urn:veraprob:trip:concurrent_trip_43
[FORENSIC LEDGER] APPROVED | Action: resolve_alert | Actor: stress-actor | Target: urn:veraprob:trip:concurrent_trip_44
[FORENSIC LEDGER] APPROVED | Action: resolve_alert | Actor: stress-actor | Target: urn:veraprob:trip:concurrent_trip_45
[FORENSIC LEDGER] APPROVED | Action: resolve_alert | Actor: stress-actor | Target: urn:veraprob:trip:concurrent_trip_46
[FORENSIC LEDGER] APPROVED | Action: resolve_alert | Actor: stress-actor | Target: urn:veraprob:trip:concurrent_trip_47
[FORENSIC LEDGER] APPROVED | Action: resolve_alert | Actor: stress-actor | Target: urn:veraprob:trip:concurrent_trip_48
[FORENSIC LEDGER] APPROVED | Action: resolve_alert | Actor: stress-actor | Target: urn:veraprob:trip:concurrent_trip_49
[FORENSIC LEDGER] APPROVED | Action: resolve_alert | Actor: stress-actor | Target: urn:veraprob:trip:concurrent_trip_50
[FORENSIC LEDGER] APPROVED | Action: resolve_alert | Actor: stress-actor | Target: urn:veraprob:trip:concurrent_trip_51
[FORENSIC LEDGER] APPROVED | Action: resolve_alert | Actor: stress-actor | Target: urn:veraprob:trip:concurrent_trip_52
[FORENSIC LEDGER] APPROVED | Action: resolve_alert | Actor: stress-actor | Target: urn:veraprob:trip:concurrent_trip_53
[FORENSIC LEDGER] APPROVED | Action: resolve_alert | Actor: stress-actor | Target: urn:veraprob:trip:concurrent_trip_54
[FORENSIC LEDGER] APPROVED | Action: resolve_alert | Actor: stress-actor | Target: urn:veraprob:trip:concurrent_trip_55
[FORENSIC LEDGER] APPROVED | Action: resolve_alert | Actor: stress-actor | Target: urn:veraprob:trip:concurrent_trip_56
[FORENSIC LEDGER] APPROVED | Action: resolve_alert | Actor: stress-actor | Target: urn:veraprob:trip:concurrent_trip_57
[FORENSIC LEDGER] APPROVED | Action: resolve_alert | Actor: stress-actor | Target: urn:veraprob:trip:concurrent_trip_58
[FORENSIC LEDGER] APPROVED | Action: resolve_alert | Actor: stress-actor | Target: urn:veraprob:trip:concurrent_trip_59
[FORENSIC LEDGER] APPROVED | Action: resolve_alert | Actor: stress-actor | Target: urn:veraprob:trip:concurrent_trip_60
[FORENSIC LEDGER] APPROVED | Action: resolve_alert | Actor: stress-actor | Target: urn:veraprob:trip:concurrent_trip_61
[FORENSIC LEDGER] APPROVED | Action: resolve_alert | Actor: stress-actor | Target: urn:veraprob:trip:concurrent_trip_62
[FORENSIC LEDGER] APPROVED | Action: resolve_alert | Actor: stress-actor | Target: urn:veraprob:trip:concurrent_trip_63
[FORENSIC LEDGER] APPROVED | Action: resolve_alert | Actor: stress-actor | Target: urn:veraprob:trip:concurrent_trip_64
[FORENSIC LEDGER] APPROVED | Action: resolve_alert | Actor: stress-actor | Target: urn:veraprob:trip:concurrent_trip_65
[FORENSIC LEDGER] APPROVED | Action: resolve_alert | Actor: stress-actor | Target: urn:veraprob:trip:concurrent_trip_66
[FORENSIC LEDGER] APPROVED | Action: resolve_alert | Actor: stress-actor | Target: urn:veraprob:trip:concurrent_trip_67
[FORENSIC LEDGER] APPROVED | Action: resolve_alert | Actor: stress-actor | Target: urn:veraprob:trip:concurrent_trip_68
[FORENSIC LEDGER] APPROVED | Action: resolve_alert | Actor: stress-actor | Target: urn:veraprob:trip:concurrent_trip_69
[FORENSIC LEDGER] APPROVED | Action: resolve_alert | Actor: stress-actor | Target: urn:veraprob:trip:concurrent_trip_70
[FORENSIC LEDGER] APPROVED | Action: resolve_alert | Actor: stress-actor | Target: urn:veraprob:trip:concurrent_trip_71
[FORENSIC LEDGER] APPROVED | Action: resolve_alert | Actor: stress-actor | Target: urn:veraprob:trip:concurrent_trip_72
[FORENSIC LEDGER] APPROVED | Action: resolve_alert | Actor: stress-actor | Target: urn:veraprob:trip:concurrent_trip_73
[FORENSIC LEDGER] APPROVED | Action: resolve_alert | Actor: stress-actor | Target: urn:veraprob:trip:concurrent_trip_74
[FORENSIC LEDGER] APPROVED | Action: resolve_alert | Actor: stress-actor | Target: urn:veraprob:trip:concurrent_trip_75
[FORENSIC LEDGER] APPROVED | Action: resolve_alert | Actor: stress-actor | Target: urn:veraprob:trip:concurrent_trip_76
[FORENSIC LEDGER] APPROVED | Action: resolve_alert | Actor: stress-actor | Target: urn:veraprob:trip:concurrent_trip_77
[FORENSIC LEDGER] APPROVED | Action: resolve_alert | Actor: stress-actor | Target: urn:veraprob:trip:concurrent_trip_78
[FORENSIC LEDGER] APPROVED | Action: resolve_alert | Actor: stress-actor | Target: urn:veraprob:trip:concurrent_trip_79
[FORENSIC LEDGER] APPROVED | Action: resolve_alert | Actor: stress-actor | Target: urn:veraprob:trip:concurrent_trip_80
[FORENSIC LEDGER] APPROVED | Action: resolve_alert | Actor: stress-actor | Target: urn:veraprob:trip:concurrent_trip_81
[FORENSIC LEDGER] APPROVED | Action: resolve_alert | Actor: stress-actor | Target: urn:veraprob:trip:concurrent_trip_82
[FORENSIC LEDGER] APPROVED | Action: resolve_alert | Actor: stress-actor | Target: urn:veraprob:trip:concurrent_trip_83
[FORENSIC LEDGER] APPROVED | Action: resolve_alert | Actor: stress-actor | Target: urn:veraprob:trip:concurrent_trip_84
[FORENSIC LEDGER] APPROVED | Action: resolve_alert | Actor: stress-actor | Target: urn:veraprob:trip:concurrent_trip_85
[FORENSIC LEDGER] APPROVED | Action: resolve_alert | Actor: stress-actor | Target: urn:veraprob:trip:concurrent_trip_86
[FORENSIC LEDGER] APPROVED | Action: resolve_alert | Actor: stress-actor | Target: urn:veraprob:trip:concurrent_trip_87
[FORENSIC LEDGER] APPROVED | Action: resolve_alert | Actor: stress-actor | Target: urn:veraprob:trip:concurrent_trip_88
[FORENSIC LEDGER] APPROVED | Action: resolve_alert | Actor: stress-actor | Target: urn:veraprob:trip:concurrent_trip_89
[FORENSIC LEDGER] APPROVED | Action: resolve_alert | Actor: stress-actor | Target: urn:veraprob:trip:concurrent_trip_90
[FORENSIC LEDGER] APPROVED | Action: resolve_alert | Actor: stress-actor | Target: urn:veraprob:trip:concurrent_trip_91
[FORENSIC LEDGER] APPROVED | Action: resolve_alert | Actor: stress-actor | Target: urn:veraprob:trip:concurrent_trip_92
[FORENSIC LEDGER] APPROVED | Action: resolve_alert | Actor: stress-actor | Target: urn:veraprob:trip:concurrent_trip_93
[FORENSIC LEDGER] APPROVED | Action: resolve_alert | Actor: stress-actor | Target: urn:veraprob:trip:concurrent_trip_94
[FORENSIC LEDGER] APPROVED | Action: resolve_alert | Actor: stress-actor | Target: urn:veraprob:trip:concurrent_trip_95
[FORENSIC LEDGER] APPROVED | Action: resolve_alert | Actor: stress-actor | Target: urn:veraprob:trip:concurrent_trip_96
[FORENSIC LEDGER] APPROVED | Action: resolve_alert | Actor: stress-actor | Target: urn:veraprob:trip:concurrent_trip_97
[FORENSIC LEDGER] APPROVED | Action: resolve_alert | Actor: stress-actor | Target: urn:veraprob:trip:concurrent_trip_98
[FORENSIC LEDGER] APPROVED | Action: resolve_alert | Actor: stress-actor | Target: urn:veraprob:trip:concurrent_trip_99
00:30 +524 -4: C:/Projects/VeraProb/test/domain/authority/policies/in_memory_policy_evaluator_test.dart: InMemoryPolicyEvaluator approves resolveAlert for a non-restricted role
00:30 +525 -4: C:/Projects/VeraProb/test/domain/authority/policies/in_memory_policy_evaluator_test.dart: InMemoryPolicyEvaluator denies resolveAlert for level1_operator
00:30 +526 -4: C:/Projects/VeraProb/test/domain/authority/policies/in_memory_policy_evaluator_test.dart: InMemoryPolicyEvaluator approves all other action types for level1_operator
00:30 +527 -4: C:/Projects/VeraProb/test/domain/authority/policies/in_memory_policy_evaluator_test.dart: InMemoryPolicyEvaluator decision carries actor and role context
00:31 +528 -4: C:/Projects/VeraProb/test/domain/entities/audit_log_test.dart: AuditLog fromJson parses all fields
00:31 +529 -4: C:/Projects/VeraProb/test/domain/entities/audit_log_test.dart: AuditLog fromJson handles null optional fields
00:31 +530 -4: C:/Projects/VeraProb/test/domain/entities/audit_log_test.dart: AuditLog toJson serializes all fields
00:31 +531 -4: C:/Projects/VeraProb/test/domain/entities/audit_log_test.dart: AuditLog equality is based on props
00:31 +532 -4: C:/Projects/VeraProb/test/domain/entities/audit_log_test.dart: AuditLog props differ when actionType differs
00:31 +533 -4: C:/Projects/VeraProb/test/domain/entities/operational_trip_test.dart: OperationalTrip isActive derives from status correctly
00:31 +534 -4: C:/Projects/VeraProb/test/domain/entities/operational_trip_test.dart: OperationalTrip isTerminal derives from status correctly
00:31 +535 -4: C:/Projects/VeraProb/test/domain/entities/operational_trip_test.dart: OperationalTrip requiresAttention triggers on severity or status
00:31 +536 -4: C:/Projects/VeraProb/test/domain/entities/operational_trip_test.dart: OperationalTrip isFullyAssigned checks driver and vehicle
00:31 +537 -4: C:/Projects/VeraProb/test/domain/entities/operational_trip_test.dart: OperationalTrip delayDisplay formats strings correctly
00:31 +538 -4: C:/Projects/VeraProb/test/domain/entities/operational_trip_test.dart: OperationalTrip routeDisplay combines short and long names gracefully
00:31 +539 -4: C:/Projects/VeraProb/test/domain/entities/operational_trip_test.dart: OperationalTrip fromJson & toJson map structural fields correctly
00:31 +540 -4: C:/Projects/VeraProb/test/domain/entities/raw_telemetry_ping_test.dart: RawTelemetryPing fromJson parses all fields
00:31 +541 -4: C:/Projects/VeraProb/test/domain/entities/raw_telemetry_ping_test.dart: RawTelemetryPing toJson serializes all fields
00:31 +542 -4: C:/Projects/VeraProb/test/domain/entities/raw_telemetry_ping_test.dart: RawTelemetryPing equality is based on props
00:31 +543 -4: C:/Projects/VeraProb/test/domain/entities/raw_telemetry_ping_test.dart: RawTelemetryPing props differ when speed differs
00:32 +544 -4: C:/Projects/VeraProb/test/domain/entities/transit_route_test.dart: TransitRoute displayName combines shortName and longName
00:32 +545 -4: C:/Projects/VeraProb/test/domain/entities/transit_route_test.dart: TransitRoute copyWith overrides specified fields
00:32 +546 -4: C:/Projects/VeraProb/test/domain/entities/transit_route_test.dart: TransitRoute copyWith preserves nullable fields
00:32 +547 -4: C:/Projects/VeraProb/test/domain/entities/transit_route_test.dart: TransitRoute fromJson parses all fields
00:32 +548 -4: C:/Projects/VeraProb/test/domain/entities/transit_route_test.dart: TransitRoute fromJson falls back to name field when short_name is absent
00:32 +549 -4: C:/Projects/VeraProb/test/domain/entities/transit_route_test.dart: TransitRoute fromJson returns empty strings when no name fields provided
00:32 +550 -4: C:/Projects/VeraProb/test/domain/entities/transit_route_test.dart: TransitRoute toJson produces correct map
00:32 +551 -4: C:/Projects/VeraProb/test/domain/entities/transit_route_test.dart: TransitRoute equality based on props
00:32 +552 -4: C:/Projects/VeraProb/test/domain/entities/transit_route_test.dart: TransitRoute props differ when shortName differs
00:32 +553 -4: C:/Projects/VeraProb/test/domain/entities/trip_event_test.dart: TripEvent Domain Rules summary describes status change accurately
00:32 +554 -4: C:/Projects/VeraProb/test/domain/entities/trip_event_test.dart: TripEvent Domain Rules summary describes delay deviation accurately
00:32 +555 -4: C:/Projects/VeraProb/test/domain/entities/trip_event_test.dart: TripEvent Domain Rules summary defaults to event type label when no specifics apply
00:32 +556 -4: C:/Projects/VeraProb/test/domain/entities/trip_event_test.dart: TripEvent Domain Rules TripEvent retains immutability properties
00:32 +557 -4: C:/Projects/VeraProb/test/domain/entities/vehicle_position_test.dart: VehiclePosition isStale returns false for recent position
00:32 +558 -4: C:/Projects/VeraProb/test/domain/entities/vehicle_position_test.dart: VehiclePosition isStale returns true for position older than threshold
00:32 +559 -4: C:/Projects/VeraProb/test/domain/entities/vehicle_position_test.dart: VehiclePosition isStale respects custom threshold
00:32 +560 -4: C:/Projects/VeraProb/test/domain/entities/vehicle_position_test.dart: VehiclePosition fromJson parses all fields
00:32 +561 -4: C:/Projects/VeraProb/test/domain/entities/vehicle_position_test.dart: VehiclePosition fromJson handles null optional fields
00:32 +562 -4: C:/Projects/VeraProb/test/domain/entities/vehicle_position_test.dart: VehiclePosition toJson serializes required fields
00:32 +563 -4: C:/Projects/VeraProb/test/domain/entities/vehicle_position_test.dart: VehiclePosition equality is based on props
00:32 +564 -4: C:/Projects/VeraProb/test/domain/entities/vehicle_position_test.dart: VehiclePosition props differ when latitude differs
00:33 +565 -4: C:/Projects/VeraProb/test/domain/entities/vehicle_test.dart: Vehicle isAvailable is true when status is available
00:33 +566 -4: C:/Projects/VeraProb/test/domain/entities/vehicle_test.dart: Vehicle isAvailable is false when status is inService
00:33 +567 -4: C:/Projects/VeraProb/test/domain/entities/vehicle_test.dart: Vehicle isInService is true when status is inService
00:33 +568 -4: C:/Projects/VeraProb/test/domain/entities/vehicle_test.dart: Vehicle isInService is false when status is available
00:33 +569 -4: C:/Projects/VeraProb/test/domain/entities/vehicle_test.dart: Vehicle displayName includes model when model is present
00:33 +570 -4: C:/Projects/VeraProb/test/domain/entities/vehicle_test.dart: Vehicle displayName is just plate when model is null
00:33 +571 -4: C:/Projects/VeraProb/test/domain/entities/vehicle_test.dart: Vehicle copyWith overrides specified fields
00:33 +572 -4: C:/Projects/VeraProb/test/domain/entities/vehicle_test.dart: Vehicle copyWith preserves optional nullable fields
00:33 +573 -4: C:/Projects/VeraProb/test/domain/entities/vehicle_test.dart: Vehicle fromJson parses required fields correctly
00:33 +574 -4: C:/Projects/VeraProb/test/domain/entities/vehicle_test.dart: Vehicle fromJson handles null model and created_at
00:33 +575 -4: C:/Projects/VeraProb/test/domain/entities/vehicle_test.dart: Vehicle toJson produces correct map
00:33 +576 -4: C:/Projects/VeraProb/test/domain/entities/vehicle_test.dart: Vehicle equality uses props
00:33 +577 -4: C:/Projects/VeraProb/test/domain/entities/vehicle_test.dart: Vehicle props differ when plate differs
00:33 +578 -4: C:/Projects/VeraProb/test/domain/enums/enums_test.dart: Enums Domain Tests MotionState extension methods
00:33 +579 -4: C:/Projects/VeraProb/test/domain/enums/enums_test.dart: Enums Domain Tests ConnectivityState extension methods
00:33 +580 -4: C:/Projects/VeraProb/test/domain/enums/enums_test.dart: Enums Domain Tests RouteAdherence extension methods
00:33 +581 -4: C:/Projects/VeraProb/test/domain/enums/enums_test.dart: Enums Domain Tests TripStatus parsing and logic
00:33 +582 -4: C:/Projects/VeraProb/test/domain/enums/enums_test.dart: Enums Domain Tests EventType label returns correct Portuguese strings
00:33 +583 -4: C:/Projects/VeraProb/test/domain/enums/enums_test.dart: Enums Domain Tests EventType severity groups warning events correctly
00:33 +584 -4: C:/Projects/VeraProb/test/domain/enums/enums_test.dart: Enums Domain Tests EventType severity groups info events correctly
00:33 +585 -4: C:/Projects/VeraProb/test/domain/enums/enums_test.dart: Enums Domain Tests EventType severity groups neutral events correctly
00:33 +586 -4: C:/Projects/VeraProb/test/domain/enums/enums_test.dart: Enums Domain Tests EventType fromString parses all snake_case values
00:33 +587 -4: C:/Projects/VeraProb/test/domain/enums/enums_test.dart: Enums Domain Tests EventType fromString returns statusChange for unknown value
00:33 +588 -4: C:/Projects/VeraProb/test/domain/enums/enums_test.dart: Enums Domain Tests EventType dbValue converts camelCase to snake_case
00:33 +589 -4: C:/Projects/VeraProb/test/domain/enums/enums_test.dart: Enums Domain Tests VehicleStatus label returns correct Portuguese strings
00:33 +590 -4: C:/Projects/VeraProb/test/domain/enums/enums_test.dart: Enums Domain Tests VehicleStatus fromString parses all values
00:33 +591 -4: C:/Projects/VeraProb/test/domain/enums/enums_test.dart: Enums Domain Tests VehicleStatus dbValue returns correct db values
00:33 +592 -4: C:/Projects/VeraProb/test/domain/services/rbac_service_test.dart: RbacService can() admin has canEditSlaRules
00:33 +593 -4: C:/Projects/VeraProb/test/domain/services/rbac_service_test.dart: RbacService can() operator does NOT have canEditSlaRules
00:33 +594 -4: C:/Projects/VeraProb/test/domain/services/rbac_service_test.dart: RbacService can() superAdmin has canManageTenants
00:33 +595 -4: C:/Projects/VeraProb/test/domain/services/rbac_service_test.dart: RbacService can() admin does NOT have canManageTenants (superAdmin-exclusive)
00:33 +596 -4: C:/Projects/VeraProb/test/domain/services/rbac_service_test.dart: RbacService can() admin and auditor can approve sanctions
00:33 +597 -4: C:/Projects/VeraProb/test/domain/services/rbac_service_test.dart: RbacService can() operator cannot approve sanctions
00:33 +598 -4: C:/Projects/VeraProb/test/domain/services/rbac_service_test.dart: RbacService can() returns false for unknown permission (null allowedRoles)
00:33 +599 -4: C:/Projects/VeraProb/test/domain/services/rbac_service_test.dart: RbacService hasMinimumRole() admin satisfies any minimum role
00:33 +600 -4: C:/Projects/VeraProb/test/domain/services/rbac_service_test.dart: RbacService hasMinimumRole() superAdmin satisfies any minimum role
00:33 +601 -4: C:/Projects/VeraProb/test/domain/services/rbac_service_test.dart: RbacService hasMinimumRole() auditor does NOT satisfy operator minimum
00:33 +602 -4: C:/Projects/VeraProb/test/domain/services/rbac_service_test.dart: RbacService hasMinimumRole() contractorViewer never satisfies any internal minimum role
00:34 +603 -4: C:/Projects/VeraProb/test/domain/services/rbac_service_test.dart: UserRole.hasPermission() operator satisfies auditor requirement
00:34 +604 -4: C:/Projects/VeraProb/test/domain/services/rbac_service_test.dart: UserRole.hasPermission() operator satisfies operator requirement
00:34 +605 -4: C:/Projects/VeraProb/test/domain/services/rbac_service_test.dart: UserRole.hasPermission() operator does NOT satisfy admin requirement
00:34 +606 -4: C:/Projects/VeraProb/test/domain/services/rbac_service_test.dart: UserRole.hasPermission() auditor satisfies only auditor requirement
00:34 +607 -4: C:/Projects/VeraProb/test/domain/shared/money_test.dart: Money Value Object creates from cents
00:34 +608 -4: C:/Projects/VeraProb/test/domain/shared/money_test.dart: Money Value Object creates from double using round()
00:34 +609 -4: C:/Projects/VeraProb/test/domain/shared/money_test.dart: Money Value Object converts to double correctly
00:34 +610 -4: C:/Projects/VeraProb/test/domain/shared/money_test.dart: Money Value Object addition operator works correctly
00:34 +611 -4: C:/Projects/VeraProb/test/domain/shared/money_test.dart: Money Value Object multiplication operator works correctly with rounding
00:34 +612 -4: C:/Projects/VeraProb/test/domain/shared/money_test.dart: Money Value Object equality is based on cents value
00:34 +613 -4: C:/Projects/VeraProb/test/domain/sla_audit/alert_financial_impact_test.dart: AlertSeverityTier fromCents returns low for <R$50 (5000 cents)
00:34 +614 -4: C:/Projects/VeraProb/test/domain/sla_audit/alert_financial_impact_test.dart: AlertSeverityTier fromCents returns medium for R$50..R$199
00:34 +615 -4: C:/Projects/VeraProb/test/domain/sla_audit/alert_financial_impact_test.dart: AlertSeverityTier fromCents returns high for R$200..R$499
00:34 +616 -4: C:/Projects/VeraProb/test/domain/sla_audit/alert_financial_impact_test.dart: AlertSeverityTier fromCents returns critical for >=R$500
00:34 +617 -4: C:/Projects/VeraProb/test/domain/sla_audit/alert_financial_impact_test.dart: AlertFinancialImpact delay factory computes projected penalty from minutes ├ù rate
00:34 +618 -4: C:/Projects/VeraProb/test/domain/sla_audit/alert_financial_impact_test.dart: AlertFinancialImpact delay with zero minutes produces zero penalty
00:34 +619 -4: C:/Projects/VeraProb/test/domain/sla_audit/alert_financial_impact_test.dart: AlertFinancialImpact noShow factory uses baseTripValue ├ù multiplier
00:34 +620 -4: C:/Projects/VeraProb/test/domain/sla_audit/alert_financial_impact_test.dart: AlertFinancialImpact noShow with multiplier 1.0 returns baseTripValue
00:34 +621 -4: C:/Projects/VeraProb/test/domain/sla_audit/alert_financial_impact_test.dart: AlertFinancialImpact kinematicAnomalyRisk uses exposure at risk
00:34 +622 -4: C:/Projects/VeraProb/test/domain/sla_audit/alert_financial_impact_test.dart: AlertFinancialImpact kinematicAnomalyRisk with small value is low tier
00:34 +623 -4: C:/Projects/VeraProb/test/domain/sla_audit/alert_financial_impact_test.dart: AlertFinancialImpact Equatable: same values are equal
00:34 +624 -4: C:/Projects/VeraProb/test/domain/sla_audit/alert_financial_impact_test.dart: AlertFinancialImpact tier thresholds are correct at boundaries
00:35 +625 -4: C:/Projects/VeraProb/test/domain/sla_audit/audit_package_test.dart: AuditPackage.createDraft creates draft with status=draft and no packageHash
00:35 +626 -4: C:/Projects/VeraProb/test/domain/sla_audit/audit_package_test.dart: AuditPackage.createDraft sets reportLedgerBoundary from argument
00:35 +627 -4: C:/Projects/VeraProb/test/domain/sla_audit/audit_package_test.dart: AuditPackage.createDraft derives snapshotIds from report
00:35 +628 -4: C:/Projects/VeraProb/test/domain/sla_audit/audit_package_test.dart: AuditPackage.createDraft denormalizes financial aggregates from report
00:35 +629 -4: C:/Projects/VeraProb/test/domain/sla_audit/audit_package_test.dart: AuditPackage.createDraft throws if organizationId is empty
00:35 +630 -4: C:/Projects/VeraProb/test/domain/sla_audit/audit_package_test.dart: AuditPackage.createDraft throws if periodEnd is before periodStart
00:35 +631 -4: C:/Projects/VeraProb/test/domain/sla_audit/audit_package_test.dart: AuditPackage.createDraft throws if periodStart is not UTC
00:35 +632 -4: C:/Projects/VeraProb/test/domain/sla_audit/audit_package_test.dart: AuditPackage.createDraft schemaVersion is 7.1.0
00:35 +633 -4: C:/Projects/VeraProb/test/domain/sla_audit/audit_package_test.dart: AuditPackage.seal returns NEW instance with status=sealed
00:35 +634 -4: C:/Projects/VeraProb/test/domain/sla_audit/audit_package_test.dart: AuditPackage.seal computes a non-null packageHash
00:35 +635 -4: C:/Projects/VeraProb/test/domain/sla_audit/audit_package_test.dart: AuditPackage.seal same inputs produce byte-identical packageHash (determinism)
00:35 +636 -4: C:/Projects/VeraProb/test/domain/sla_audit/audit_package_test.dart: AuditPackage.seal different reportLedgerBoundary produces different hash
00:35 +637 -4: C:/Projects/VeraProb/test/domain/sla_audit/audit_package_test.dart: AuditPackage.seal preserves all financial fields from draft
00:35 +638 -4: C:/Projects/VeraProb/test/domain/sla_audit/audit_package_test.dart: AuditPackage.seal draft instance is not mutated by seal()
00:35 +639 -4: C:/Projects/VeraProb/test/domain/sla_audit/audit_package_test.dart: AuditPackage.seal throws DomainException if already sealed
00:35 +640 -4: C:/Projects/VeraProb/test/domain/sla_audit/audit_package_test.dart: AuditPackage.seal throws DomainException if superseded
00:35 +641 -4: C:/Projects/VeraProb/test/domain/sla_audit/audit_package_test.dart: AuditPackage.verifyIntegrity returns true for freshly sealed package
00:35 +642 -4: C:/Projects/VeraProb/test/domain/sla_audit/audit_package_test.dart: AuditPackage.verifyIntegrity returns false on draft (no packageHash)
00:35 +643 -4: C:/Projects/VeraProb/test/domain/sla_audit/audit_package_test.dart: AuditPackage.verifyIntegrity returns false when reconstituted with tampered hash
00:35 +644 -4: C:/Projects/VeraProb/test/domain/sla_audit/audit_package_test.dart: AuditPackage.supersede returns new instance with status=superseded
00:35 +645 -4: C:/Projects/VeraProb/test/domain/sla_audit/audit_package_test.dart: AuditPackage.supersede links previousPackageId to the original package
00:35 +646 -4: C:/Projects/VeraProb/test/domain/sla_audit/audit_package_test.dart: AuditPackage.supersede carries the supersession reason
00:35 +647 -4: C:/Projects/VeraProb/test/domain/sla_audit/audit_package_test.dart: AuditPackage.supersede throws DomainException if reason is empty
00:35 +648 -4: C:/Projects/VeraProb/test/domain/sla_audit/audit_package_test.dart: AuditPackage.supersede throws DomainException if already superseded
00:35 +649 -4: C:/Projects/VeraProb/test/domain/sla_audit/audit_package_test.dart: AttestationHeader creates with all required fields
00:35 +650 -4: C:/Projects/VeraProb/test/domain/sla_audit/audit_package_test.dart: AttestationHeader throws if tenantName is empty
00:35 +651 -4: C:/Projects/VeraProb/test/domain/sla_audit/audit_package_test.dart: AttestationHeader throws if reportGeneratedAtUtc is not UTC
00:35 +652 -4: C:/Projects/VeraProb/test/domain/sla_audit/audit_package_test.dart: AttestationHeader legalNotice references CPC Art. 369
00:35 +653 -4: C:/Projects/VeraProb/test/domain/sla_audit/audit_package_test.dart: AttestationHeader evidenceQualityAttribution mentions hardware when rate < 80
00:35 +654 -4: C:/Projects/VeraProb/test/domain/sla_audit/audit_package_test.dart: reportLedgerBoundary semantics max across snapshots is the correct boundary
00:35 +655 -4: C:/Projects/VeraProb/test/domain/sla_audit/canonical_fact_test.dart: CanonicalFact.create() creates valid fact with all fields
00:35 +656 -4: C:/Projects/VeraProb/test/domain/sla_audit/canonical_fact_test.dart: CanonicalFact.create() two create() calls produce different ids (no singleton)
00:35 +657 -4: C:/Projects/VeraProb/test/domain/sla_audit/canonical_fact_test.dart: CanonicalFact.create() assetId may be null (device not yet mapped)
00:35 +658 -4: C:/Projects/VeraProb/test/domain/sla_audit/canonical_fact_test.dart: CanonicalFact.create() optional fields may be null
00:35 +659 -4: C:/Projects/VeraProb/test/domain/sla_audit/canonical_fact_test.dart: UTC invariant (INV-3) throws if receivedAtUtc is not UTC
00:35 +660 -4: C:/Projects/VeraProb/test/domain/sla_audit/canonical_fact_test.dart: UTC invariant (INV-3) throws if gpsTimestamp is not UTC
00:35 +661 -4: C:/Projects/VeraProb/test/domain/sla_audit/canonical_fact_test.dart: Field validation throws on empty organizationId
00:35 +662 -4: C:/Projects/VeraProb/test/domain/sla_audit/canonical_fact_test.dart: Field validation throws on empty rawPayloadId
00:35 +663 -4: C:/Projects/VeraProb/test/domain/sla_audit/canonical_fact_test.dart: Field validation throws on empty deviceId
00:35 +664 -4: C:/Projects/VeraProb/test/domain/sla_audit/canonical_fact_test.dart: Field validation throws on empty sourceAdapter
00:35 +665 -4: C:/Projects/VeraProb/test/domain/sla_audit/canonical_fact_test.dart: Field validation throws on lat < -90
00:35 +666 -4: C:/Projects/VeraProb/test/domain/sla_audit/canonical_fact_test.dart: Field validation throws on lat > 90
00:35 +667 -4: C:/Projects/VeraProb/test/domain/sla_audit/canonical_fact_test.dart: Field validation throws on lng < -180
00:35 +668 -4: C:/Projects/VeraProb/test/domain/sla_audit/canonical_fact_test.dart: Field validation throws on lng > 180
00:35 +669 -4: C:/Projects/VeraProb/test/domain/sla_audit/canonical_fact_test.dart: Field validation throws on negative speedCms
00:35 +670 -4: C:/Projects/VeraProb/test/domain/sla_audit/canonical_fact_test.dart: Field validation throws on headingDegrees < 0
00:35 +671 -4: C:/Projects/VeraProb/test/domain/sla_audit/canonical_fact_test.dart: Field validation throws on headingDegrees > 359
00:35 +672 -4: C:/Projects/VeraProb/test/domain/sla_audit/canonical_fact_test.dart: Field validation throws on negative accuracyMeters
00:35 +673 -4: C:/Projects/VeraProb/test/domain/sla_audit/canonical_fact_test.dart: IoT Chaos Scenarios C1: lateArrival flag ÔÇö fact is eligible for evaluation
00:35 +674 -4: C:/Projects/VeraProb/test/domain/sla_audit/canonical_fact_test.dart: IoT Chaos Scenarios C2: futureTimestamp flag ÔÇö fact is NOT eligible for evaluation
00:35 +675 -4: C:/Projects/VeraProb/test/domain/sla_audit/canonical_fact_test.dart: IoT Chaos Scenarios C5: kinematicAnomaly flag ÔÇö fact is NOT eligible for evaluation
00:35 +676 -4: C:/Projects/VeraProb/test/domain/sla_audit/canonical_fact_test.dart: IoT Chaos Scenarios C6: nullIsland flag ÔÇö (0.0, 0.0) stored, excluded from evaluation
00:35 +677 -4: C:/Projects/VeraProb/test/domain/sla_audit/canonical_fact_test.dart: IoT Chaos Scenarios lowAccuracy flag ÔÇö fact is NOT eligible for evaluation
00:35 +678 -4: C:/Projects/VeraProb/test/domain/sla_audit/canonical_fact_test.dart: Derived properties telemetryLatency is positive for late arrival
00:35 +679 -4: C:/Projects/VeraProb/test/domain/sla_audit/canonical_fact_test.dart: Derived properties isEligibleForEvaluation is true only for ok and lateArrival
00:35 +680 -4: C:/Projects/VeraProb/test/domain/sla_audit/canonical_fact_test.dart: CanonicalFact.reconstitute() preserves all fields including provided id
00:35 +681 -4: C:/Projects/VeraProb/test/domain/sla_audit/canonical_fact_test.dart: Equality two facts with same id are equal
00:35 +682 -4: C:/Projects/VeraProb/test/domain/sla_audit/canonical_fact_test.dart: Equality two create() facts with different ids are not equal
00:36 +683 -4: C:/Projects/VeraProb/test/domain/sla_audit/contractual_execution_state_test.dart: ContractualExecutionState create() initializes with pending status
00:36 +684 -4: C:/Projects/VeraProb/test/domain/sla_audit/contractual_execution_state_test.dart: ContractualExecutionState throws on invalid time window (end <= start)
00:36 +685 -4: C:/Projects/VeraProb/test/domain/sla_audit/contractual_execution_state_test.dart: ContractualExecutionState bindExecution transitions to executed with evidence
00:36 +686 -4: C:/Projects/VeraProb/test/domain/sla_audit/contractual_execution_state_test.dart: ContractualExecutionState bindExecution emits ExecutionBoundEvent
00:36 +687 -4: C:/Projects/VeraProb/test/domain/sla_audit/contractual_execution_state_test.dart: ContractualExecutionState cannot bindExecution after already executed
00:36 +688 -4: C:/Projects/VeraProb/test/domain/sla_audit/contractual_execution_state_test.dart: ContractualExecutionState markNoShow works when window has expired
00:36 +689 -4: C:/Projects/VeraProb/test/domain/sla_audit/contractual_execution_state_test.dart: ContractualExecutionState markNoShow emits NoShowDeclaredEvent
00:36 +690 -4: C:/Projects/VeraProb/test/domain/sla_audit/contractual_execution_state_test.dart: ContractualExecutionState markNoShow rejected before window expires
00:36 +691 -4: C:/Projects/VeraProb/test/domain/sla_audit/contractual_execution_state_test.dart: ContractualExecutionState markEvidenceGap works correctly
00:36 +692 -4: C:/Projects/VeraProb/test/domain/sla_audit/contractual_execution_state_test.dart: ContractualExecutionState markEvidenceGap emits EvidenceGapDeclaredEvent
00:36 +693 -4: C:/Projects/VeraProb/test/domain/sla_audit/contractual_execution_state_test.dart: ContractualExecutionState no transitions allowed after finalization (executed)
00:36 +694 -4: C:/Projects/VeraProb/test/domain/sla_audit/contractual_execution_state_test.dart: ContractualExecutionState no transitions allowed after finalization (noShow)
00:36 +695 -4: C:/Projects/VeraProb/test/domain/sla_audit/contractual_execution_state_test.dart: ContractualExecutionState updateEvaluationTimestamp updates without state change
00:36 +696 -4: C:/Projects/VeraProb/test/domain/sla_audit/contractual_execution_state_test.dart: ContractualExecutionState domainEvents list is unmodifiable
00:36 +697 -4: C:/Projects/VeraProb/test/domain/sla_audit/contractual_execution_state_test.dart: ContractualExecutionState equality based on id only
00:36 +698 -4: C:/Projects/VeraProb/test/domain/sla_audit/contractual_execution_state_test.dart: InMemoryContractualExecutionStateRepository save and findBySetId
00:36 +699 -4: C:/Projects/VeraProb/test/domain/sla_audit/contractual_execution_state_test.dart: InMemoryContractualExecutionStateRepository findBySetId returns null when not found
00:36 +700 -4: C:/Projects/VeraProb/test/domain/sla_audit/contractual_execution_state_test.dart: InMemoryContractualExecutionStateRepository save overwrites existing entry
00:36 +701 -4: C:/Projects/VeraProb/test/domain/sla_audit/contractual_execution_state_test.dart: InMemoryContractualExecutionStateRepository findPendingByContractAndTime filters correctly
00:36 +702 -4: C:/Projects/VeraProb/test/domain/sla_audit/contractual_financial_daily_snapshot_test.dart: ContractualFinancialDailySnapshot creates with correct fields and auto-calculated percentages
00:36 +703 -4: C:/Projects/VeraProb/test/domain/sla_audit/contractual_financial_daily_snapshot_test.dart: ContractualFinancialDailySnapshot normalizes operationalDateUtc to midnight UTC
00:36 +704 -4: C:/Projects/VeraProb/test/domain/sla_audit/contractual_financial_daily_snapshot_test.dart: ContractualFinancialDailySnapshot calculates percentages correctly
00:36 +705 -4: C:/Projects/VeraProb/test/domain/sla_audit/contractual_financial_daily_snapshot_test.dart: ContractualFinancialDailySnapshot handles zero total revenue (no division by zero)
00:36 +706 -4: C:/Projects/VeraProb/test/domain/sla_audit/contractual_financial_daily_snapshot_test.dart: ContractualFinancialDailySnapshot is immutable (Equatable)
00:36 +707 -4: C:/Projects/VeraProb/test/domain/sla_audit/contractual_financial_daily_snapshot_test.dart: ContractualFinancialDailySnapshot riskPercentage calculation
00:36 +708 -4: C:/Projects/VeraProb/test/domain/sla_audit/contract_test.dart: Contract.create creates aggregate in draft status
00:36 +709 -4: C:/Projects/VeraProb/test/domain/sla_audit/contract_test.dart: Contract.create generates non-empty UUID id
00:36 +710 -4: C:/Projects/VeraProb/test/domain/sla_audit/contract_test.dart: Contract.create preserves all supplied fields
00:37 +711 -4: C:/Projects/VeraProb/test/domain/sla_audit/contract_test.dart: Contract.create sets nullable timestamps to null on creation
00:37 +712 -4: C:/Projects/VeraProb/test/domain/sla_audit/contract_test.dart: Contract.create emits exactly one ContractCreatedEvent
00:37 +713 -4: C:/Projects/VeraProb/test/domain/sla_audit/contract_test.dart: Contract.create throws DomainException for empty organizationId
00:37 +714 -4: C:/Projects/VeraProb/test/domain/sla_audit/contract_test.dart: Contract.create throws DomainException for blank name
00:37 +715 -4: C:/Projects/VeraProb/test/domain/sla_audit/contract_test.dart: Contract.create throws DomainException for blank contractorName
00:37 +716 -4: C:/Projects/VeraProb/test/domain/sla_audit/contract_test.dart: Contract.create throws DomainException when validUntil is not after validFrom
00:37 +717 -4: C:/Projects/VeraProb/test/domain/sla_audit/contract_test.dart: Contract.reconstitute does NOT emit domain events
00:37 +718 -4: C:/Projects/VeraProb/test/domain/sla_audit/contract_test.dart: Contract.reconstitute restores all fields including lifecycle timestamps
00:37 +719 -4: C:/Projects/VeraProb/test/domain/sla_audit/contract_test.dart: activate() draft ÔåÆ active transition returns new instance
00:37 +720 -4: C:/Projects/VeraProb/test/domain/sla_audit/contract_test.dart: activate() original draft instance is not mutated
00:37 +721 -4: C:/Projects/VeraProb/test/domain/sla_audit/contract_test.dart: activate() emits ContractActivatedEvent
00:37 +722 -4: C:/Projects/VeraProb/test/domain/sla_audit/contract_test.dart: activate() throws DomainException if already active
00:37 +723 -4: C:/Projects/VeraProb/test/domain/sla_audit/contract_test.dart: activate() throws DomainException if closed
00:37 +724 -4: C:/Projects/VeraProb/test/domain/sla_audit/contract_test.dart: close() active ÔåÆ closed transition
00:37 +725 -4: C:/Projects/VeraProb/test/domain/sla_audit/contract_test.dart: close() draft ÔåÆ closed transition is allowed
00:37 +726 -4: C:/Projects/VeraProb/test/domain/sla_audit/contract_test.dart: close() original instance is not mutated
00:37 +727 -4: C:/Projects/VeraProb/test/domain/sla_audit/contract_test.dart: close() emits ContractClosedEvent
00:37 +728 -4: C:/Projects/VeraProb/test/domain/sla_audit/contract_test.dart: close() throws DomainException if already closed
00:37 +729 -4: C:/Projects/VeraProb/test/domain/sla_audit/contract_test.dart: close() throws DomainException for empty closedByUserId
00:37 +730 -4: C:/Projects/VeraProb/test/domain/sla_audit/contract_test.dart: close() throws DomainException for blank reason
00:37 +731 -4: C:/Projects/VeraProb/test/domain/sla_audit/contract_test.dart: assertCanReceivePlan() does not throw for draft
00:37 +732 -4: C:/Projects/VeraProb/test/domain/sla_audit/contract_test.dart: assertCanReceivePlan() does not throw for active
00:37 +733 -4: C:/Projects/VeraProb/test/domain/sla_audit/contract_test.dart: assertCanReceivePlan() throws DomainException for closed
00:37 +734 -4: C:/Projects/VeraProb/test/domain/sla_audit/contract_test.dart: Equatable two reconstituted contracts with same data are equal
00:37 +735 -4: C:/Projects/VeraProb/test/domain/sla_audit/contract_test.dart: Equatable two different contracts are not equal
00:37 +736 -4: C:/Projects/VeraProb/test/domain/sla_audit/evidence_payload_test.dart: EvidencePayload sealed class DwellRequirementEvidence toJson emits _type discriminator and fields
00:37 +737 -4: C:/Projects/VeraProb/test/domain/sla_audit/evidence_payload_test.dart: EvidencePayload sealed class DwellRequirementEvidence fromJson restores instance from json
00:37 +738 -4: C:/Projects/VeraProb/test/domain/sla_audit/evidence_payload_test.dart: EvidencePayload sealed class DwellRequirementEvidence round-trip preserves all fields
00:37 +739 -4: C:/Projects/VeraProb/test/domain/sla_audit/evidence_payload_test.dart: EvidencePayload sealed class SpeedViolationEvidence toJson emits _type discriminator and fields
00:37 +740 -4: C:/Projects/VeraProb/test/domain/sla_audit/evidence_payload_test.dart: EvidencePayload sealed class SpeedViolationEvidence fromJson restores instance with num cast to double
00:37 +741 -4: C:/Projects/VeraProb/test/domain/sla_audit/evidence_payload_test.dart: EvidencePayload sealed class SpeedViolationEvidence round-trip preserves all fields
00:37 +742 -4: C:/Projects/VeraProb/test/domain/sla_audit/evidence_payload_test.dart: EvidencePayload sealed class GeofenceBindingEvidence toJson emits _type discriminator and fields
00:37 +743 -4: C:/Projects/VeraProb/test/domain/sla_audit/evidence_payload_test.dart: EvidencePayload sealed class GeofenceBindingEvidence round-trip preserves all fields
00:37 +744 -4: C:/Projects/VeraProb/test/domain/sla_audit/evidence_payload_test.dart: EvidencePayload sealed class PenaltyAssessedEvidence toJson emits _type and penalty_amount_cents
00:37 +745 -4: C:/Projects/VeraProb/test/domain/sla_audit/evidence_payload_test.dart: EvidencePayload sealed class PenaltyAssessedEvidence toJson handles null penalty
00:37 +746 -4: C:/Projects/VeraProb/test/domain/sla_audit/evidence_payload_test.dart: EvidencePayload sealed class PenaltyAssessedEvidence round-trip preserves non-null penalty
00:37 +747 -4: C:/Projects/VeraProb/test/domain/sla_audit/evidence_payload_test.dart: EvidencePayload sealed class ExpirationSweepEvidence toJson emits _type discriminator and all fields
00:37 +748 -4: C:/Projects/VeraProb/test/domain/sla_audit/evidence_payload_test.dart: EvidencePayload sealed class ExpirationSweepEvidence round-trip preserves all fields
00:37 +749 -4: C:/Projects/VeraProb/test/domain/sla_audit/evidence_payload_test.dart: EvidencePayload sealed class GenericEvidencePayload ÔÇö legacy fallback fromJson falls back to GenericEvidencePayload when _type is absent
00:37 +750 -4: C:/Projects/VeraProb/test/domain/sla_audit/evidence_payload_test.dart: EvidencePayload sealed class GenericEvidencePayload ÔÇö legacy fallback fromJson falls back when _type is an unknown string
00:37 +751 -4: C:/Projects/VeraProb/test/domain/sla_audit/evidence_payload_test.dart: EvidencePayload sealed class GenericEvidencePayload ÔÇö legacy fallback GenericEvidencePayload.toJson returns rawData unchanged
00:37 +752 -4: C:/Projects/VeraProb/test/domain/sla_audit/kinematic_guard_test.dart: KinematicGuard.validate normal speed (60 km/h) returns ok
00:37 +753 -4: C:/Projects/VeraProb/test/domain/sla_audit/kinematic_guard_test.dart: KinematicGuard.validate GPS teleport (500 km in 30 seconds) returns violation
00:37 +754 -4: C:/Projects/VeraProb/test/domain/sla_audit/kinematic_guard_test.dart: KinematicGuard.validate same timestamp, >5m apart returns sameTimestampPositionJump
00:37 +755 -4: C:/Projects/VeraProb/test/domain/sla_audit/kinematic_guard_test.dart: KinematicGuard.validate same timestamp, <5m apart returns ok
00:37 +756 -4: C:/Projects/VeraProb/test/domain/sla_audit/kinematic_guard_test.dart: KinematicGuard.validate exactly at 200 km/h threshold returns ok
00:37 +757 -4: C:/Projects/VeraProb/test/domain/sla_audit/kinematic_guard_test.dart: KinematicGuard.validate just under 200 km/h returns ok
00:37 +758 -4: C:/Projects/VeraProb/test/domain/sla_audit/kinematic_guard_test.dart: KinematicGuard.validate configurable max speed for freight (120 km/h)
00:37 +759 -4: C:/Projects/VeraProb/test/domain/sla_audit/kinematic_guard_test.dart: KinematicGuard.validate stationary vehicle returns ok
00:38 +760 -4: C:/Projects/VeraProb/test/domain/sla_audit/kinematic_validation_result_test.dart: KinematicValidationResult ok factory produces non-violation
00:38 +761 -4: C:/Projects/VeraProb/test/domain/sla_audit/kinematic_validation_result_test.dart: KinematicValidationResult violation factory produces a violation
00:38 +762 -4: C:/Projects/VeraProb/test/domain/sla_audit/kinematic_validation_result_test.dart: KinematicValidationResult sameTimestampPositionJump type
00:38 +763 -4: C:/Projects/VeraProb/test/domain/sla_audit/kinematic_validation_result_test.dart: KinematicValidationResult Equatable: same values are equal
00:38 +764 -4: C:/Projects/VeraProb/test/domain/sla_audit/operational_zone_test.dart: OperationalZone.create gera UUID v4
00:38 +765 -4: C:/Projects/VeraProb/test/domain/sla_audit/operational_zone_test.dart: OperationalZone.create preserva campos incluindo contractorLabel
00:38 +766 -4: C:/Projects/VeraProb/test/domain/sla_audit/operational_zone_test.dart: OperationalZone.create trim e null de contractorLabel vazio
00:38 +767 -4: C:/Projects/VeraProb/test/domain/sla_audit/operational_zone_test.dart: OperationalZone.create lan├ºa DomainException se name vazio
00:38 +768 -4: C:/Projects/VeraProb/test/domain/sla_audit/operational_zone_test.dart: OperationalZone.create lan├ºa DomainException se name > 100 chars
00:38 +769 -4: C:/Projects/VeraProb/test/domain/sla_audit/operational_zone_test.dart: OperationalZone.create lan├ºa DomainException se lat fora de [-90, 90]
00:38 +770 -4: C:/Projects/VeraProb/test/domain/sla_audit/operational_zone_test.dart: OperationalZone.create lan├ºa DomainException se lng fora de [-180, 180]
00:38 +771 -4: C:/Projects/VeraProb/test/domain/sla_audit/operational_zone_test.dart: OperationalZone.create lan├ºa DomainException se radius <= 0 ou > 50000
00:38 +772 -4: C:/Projects/VeraProb/test/domain/sla_audit/operational_zone_test.dart: OperationalZone.create aceita geofence null (sem bloco)
00:38 +773 -4: C:/Projects/VeraProb/test/domain/sla_audit/operational_zone_test.dart: ZoneScope getter zona sem contractorLabel tem scope global
00:38 +774 -4: C:/Projects/VeraProb/test/domain/sla_audit/operational_zone_test.dart: ZoneScope getter zona com contractorLabel tem scope exclusive
00:38 +775 -4: C:/Projects/VeraProb/test/domain/sla_audit/operational_zone_test.dart: ZoneScope getter contractorLabel vazio (normalizado para null) ÔåÆ scope global
00:38 +776 -4: C:/Projects/VeraProb/test/domain/sla_audit/operational_zone_test.dart: OperationalZone.reconstitute n├úo revalida
00:38 +777 -4: C:/Projects/VeraProb/test/domain/sla_audit/plan_declaration_test.dart: ContractualServiceExecution create() produces entity with deterministic SET
00:38 +778 -4: C:/Projects/VeraProb/test/domain/sla_audit/plan_declaration_test.dart: ContractualServiceExecution different inputs produce different SETs
00:38 +779 -4: C:/Projects/VeraProb/test/domain/sla_audit/plan_declaration_test.dart: ContractualServiceExecution equality is based exclusively on setId
00:38 +780 -4: C:/Projects/VeraProb/test/domain/sla_audit/plan_declaration_test.dart: ContractualServiceExecution throws on scheduledEndTimeUtc <= scheduledStartTimeUtc
00:38 +781 -4: C:/Projects/VeraProb/test/domain/sla_audit/plan_declaration_test.dart: ContractualServiceExecution throws on invalid startLatitude
00:38 +782 -4: C:/Projects/VeraProb/test/domain/sla_audit/plan_declaration_test.dart: ContractualServiceExecution throws on invalid endLatitude
00:38 +783 -4: C:/Projects/VeraProb/test/domain/sla_audit/plan_declaration_test.dart: ContractualServiceExecution throws on invalid startLongitude
00:38 +784 -4: C:/Projects/VeraProb/test/domain/sla_audit/plan_declaration_test.dart: ContractualServiceExecution throws on invalid endLongitude
00:38 +785 -4: C:/Projects/VeraProb/test/domain/sla_audit/plan_declaration_test.dart: ContractualServiceExecution throws on startRadiusMeters <= 0
00:38 +786 -4: C:/Projects/VeraProb/test/domain/sla_audit/plan_declaration_test.dart: ContractualServiceExecution throws on endRadiusMeters <= 0
00:38 +787 -4: C:/Projects/VeraProb/test/domain/sla_audit/plan_declaration_test.dart: PlanDeclaration create() produces aggregate with correct fields
00:38 +788 -4: C:/Projects/VeraProb/test/domain/sla_audit/plan_declaration_test.dart: PlanDeclaration create() emits exactly one ContractualPlanDeclaredEvent
00:38 +789 -4: C:/Projects/VeraProb/test/domain/sla_audit/plan_declaration_test.dart: PlanDeclaration emitted event contains correct fields
00:38 +790 -4: C:/Projects/VeraProb/test/domain/sla_audit/plan_declaration_test.dart: PlanDeclaration throws on empty contractId
00:38 +791 -4: C:/Projects/VeraProb/test/domain/sla_audit/plan_declaration_test.dart: PlanDeclaration throws on empty declaredByUserId
00:38 +792 -4: C:/Projects/VeraProb/test/domain/sla_audit/plan_declaration_test.dart: PlanDeclaration throws on empty originalFileHash
00:38 +793 -4: C:/Projects/VeraProb/test/domain/sla_audit/plan_declaration_test.dart: PlanDeclaration throws on empty services list
00:39 +794 -4: C:/Projects/VeraProb/test/domain/sla_audit/plan_declaration_test.dart: PlanDeclaration throws on duplicate SET in services
00:39 +795 -4: C:/Projects/VeraProb/test/domain/sla_audit/plan_declaration_test.dart: PlanDeclaration throws on future declaredAtUtc
00:39 +796 -4: C:/Projects/VeraProb/test/domain/sla_audit/plan_declaration_test.dart: PlanDeclaration services list is unmodifiable externally
00:39 +797 -4: C:/Projects/VeraProb/test/domain/sla_audit/plan_declaration_test.dart: PlanDeclaration domainEvents list is unmodifiable externally
00:39 +798 -4: C:/Projects/VeraProb/test/domain/sla_audit/plan_declaration_test.dart: PlanDeclaration accepts multiple unique services
00:39 +799 -4: C:/Projects/VeraProb/test/domain/sla_audit/rule_snapshot_test.dart: RuleSnapshotItem fromJson reconstructs item correctly
00:39 +800 -4: C:/Projects/VeraProb/test/domain/sla_audit/rule_snapshot_test.dart: RuleSnapshotItem toJson serializes item correctly
00:39 +801 -4: C:/Projects/VeraProb/test/domain/sla_audit/rule_snapshot_test.dart: RuleSnapshotItem equality based on props
00:39 +802 -4: C:/Projects/VeraProb/test/domain/sla_audit/rule_snapshot_test.dart: RuleSnapshotItem props differ when ruleId differs
00:39 +803 -4: C:/Projects/VeraProb/test/domain/sla_audit/rule_snapshot_test.dart: RuleSnapshot orderedRules returns items sorted by evaluationOrder ascending
00:39 +804 -4: C:/Projects/VeraProb/test/domain/sla_audit/rule_snapshot_test.dart: RuleSnapshot fromJson builds snapshot from list
00:39 +805 -4: C:/Projects/VeraProb/test/domain/sla_audit/rule_snapshot_test.dart: RuleSnapshot toJson serializes rules list
00:39 +806 -4: C:/Projects/VeraProb/test/domain/sla_audit/rule_snapshot_test.dart: RuleSnapshot equality based on rules
00:39 +807 -4: C:/Projects/VeraProb/test/domain/sla_audit/rule_snapshot_test.dart: RuleSnapshot empty snapshot orderedRules returns empty list
00:39 +808 -4: C:/Projects/VeraProb/test/domain/sla_audit/sanction_review_queue_entry_test.dart: SanctionReviewQueueEntry creates with pending status by default
00:39 +809 -4: C:/Projects/VeraProb/test/domain/sla_audit/sanction_review_queue_entry_test.dart: SanctionReviewQueueEntry copyWith transitions to applied
00:39 +810 -4: C:/Projects/VeraProb/test/domain/sla_audit/sanction_review_queue_entry_test.dart: SanctionReviewQueueEntry copyWith transitions to rejected with reason
00:39 +811 -4: C:/Projects/VeraProb/test/domain/sla_audit/sanction_review_queue_entry_test.dart: SanctionReviewQueueEntry copyWith does not mutate original entry
00:39 +812 -4: C:/Projects/VeraProb/test/domain/sla_audit/sanction_review_queue_entry_test.dart: SanctionReviewQueueEntry equality is based on id only
00:40 +813 -4: C:/Projects/VeraProb/test/domain/sla_audit/service_manifest_test.dart: ServiceManifest.create gera UUID e preserva campos
00:40 +814 -4: C:/Projects/VeraProb/test/domain/sla_audit/service_manifest_test.dart: ServiceManifest.create gera IDs ├║nicos
00:40 +815 -4: C:/Projects/VeraProb/test/domain/sla_audit/service_manifest_test.dart: ServiceManifest.create description e slaTemplateId s├úo opcionais
00:40 +816 -4: C:/Projects/VeraProb/test/domain/sla_audit/service_manifest_test.dart: ServiceManifest.create lan├ºa DomainException se organizationId vazio
00:40 +817 -4: C:/Projects/VeraProb/test/domain/sla_audit/service_manifest_test.dart: ServiceManifest.create lan├ºa DomainException se contractId vazio
00:40 +818 -4: C:/Projects/VeraProb/test/domain/sla_audit/service_manifest_test.dart: ServiceManifest.create lan├ºa DomainException se name vazio
00:40 +819 -4: C:/Projects/VeraProb/test/domain/sla_audit/service_manifest_test.dart: ServiceManifest.create lan├ºa DomainException se name > 150 chars
00:40 +820 -4: C:/Projects/VeraProb/test/domain/sla_audit/service_manifest_test.dart: ServiceManifest.reconstitute reconstitui sem revalidar
00:40 +821 -4: C:/Projects/VeraProb/test/domain/sla_audit/service_manifest_test.dart: ServiceManifest.reconstitute preserva slaTemplateId na reconstitui├º├úo
00:40 +822 -4: C:/Projects/VeraProb/test/domain/sla_audit/service_manifest_test.dart: ServiceManifest equality igualdade por id
00:40 +823 -4: C:/Projects/VeraProb/test/domain/sla_audit/shadow_mode_simulation_test.dart: ShadowModeSimulation.compute ÔÇö ROI calculation simulatedLostRevenue = actualLost ├ù (1 ÔêÆ disputeRate/100)
00:40 +824 -4: C:/Projects/VeraProb/test/domain/sla_audit/shadow_mode_simulation_test.dart: ShadowModeSimulation.compute ÔÇö ROI calculation revenueProtectedByPlatform includes manual enforcement savings
00:40 +825 -4: C:/Projects/VeraProb/test/domain/sla_audit/shadow_mode_simulation_test.dart: ShadowModeSimulation.compute ÔÇö ROI calculation roiPercentage = (protected / subscriptionCost) ├ù 100
00:40 +826 -4: C:/Projects/VeraProb/test/domain/sla_audit/shadow_mode_simulation_test.dart: ShadowModeSimulation.compute ÔÇö ROI calculation roiPercentage is 0 when subscription cost is 0
00:40 +827 -4: C:/Projects/VeraProb/test/domain/sla_audit/shadow_mode_simulation_test.dart: ShadowModeSimulation.compute ÔÇö ROI calculation same inputs produce same results (idempotency)
00:40 +828 -4: C:/Projects/VeraProb/test/domain/sla_audit/shadow_mode_simulation_test.dart: ShadowModeSimulation.compute ÔÇö ROI calculation zero dispute rate means operator recovers nothing without platform
00:40 +829 -4: C:/Projects/VeraProb/test/domain/sla_audit/shadow_mode_simulation_test.dart: ShadowModeSimulation.compute ÔÇö ROI calculation 100% dispute rate means without platform zero recovery (full exposure)
00:40 +830 -4: C:/Projects/VeraProb/test/domain/sla_audit/shadow_mode_simulation_test.dart: ShadowModeSimulation.compute ÔÇö validation throws if organizationId is empty
00:40 +831 -4: C:/Projects/VeraProb/test/domain/sla_audit/shadow_mode_simulation_test.dart: ShadowModeSimulation.compute ÔÇö validation throws if baselineDisputeRate > 100
00:40 +832 -4: C:/Projects/VeraProb/test/domain/sla_audit/shadow_mode_simulation_test.dart: ShadowModeSimulation.compute ÔÇö validation throws if evidenceQualityRate < 0
00:40 +833 -4: C:/Projects/VeraProb/test/domain/sla_audit/shadow_mode_simulation_test.dart: ShadowModeSimulation.compute ÔÇö validation throws if any DateTime is not UTC
00:40 +834 -4: C:/Projects/VeraProb/test/domain/sla_audit/shadow_mode_simulation_test.dart: ShadowModeSimulation.evidenceQualityAttribution excellent text when evidenceQualityRate >= 95
00:40 +835 -4: C:/Projects/VeraProb/test/domain/sla_audit/shadow_mode_simulation_test.dart: ShadowModeSimulation.evidenceQualityAttribution adequate text when 80 <= evidenceQualityRate < 95
00:40 +836 -4: C:/Projects/VeraProb/test/domain/sla_audit/shadow_mode_simulation_test.dart: ShadowModeSimulation.evidenceQualityAttribution warning text when evidenceQualityRate < 80 ÔÇö attributes to hardware
00:40 +837 -4: C:/Projects/VeraProb/test/domain/sla_audit/shadow_mode_simulation_test.dart: ShadowModeSimulation.evidenceQualityAttribution attribution text never blames veraprob for hardware issues
00:40 +838 -4: C:/Projects/VeraProb/test/domain/sla_audit/shift_pattern_test.dart: (setUpAll)
00:40 +838 -4: C:/Projects/VeraProb/test/domain/sla_audit/shift_pattern_test.dart: ShiftPattern.create ÔÇö invariant validation throws DomainException for negative index
00:40 +839 -4: C:/Projects/VeraProb/test/domain/sla_audit/shift_pattern_test.dart: ShiftPattern.create ÔÇö invariant validation throws DomainException for empty daysOfWeek
00:40 +840 -4: C:/Projects/VeraProb/test/domain/sla_audit/shift_pattern_test.dart: ShiftPattern.create ÔÇö invariant validation throws DomainException for invalid time format (no colon)
00:40 +841 -4: C:/Projects/VeraProb/test/domain/sla_audit/shift_pattern_test.dart: ShiftPattern.create ÔÇö invariant validation throws DomainException for invalid hour value
00:40 +842 -4: C:/Projects/VeraProb/test/domain/sla_audit/shift_pattern_test.dart: ShiftPattern.create ÔÇö invariant validation throws DomainException for invalid minute value
00:40 +843 -4: C:/Projects/VeraProb/test/domain/sla_audit/shift_pattern_test.dart: ShiftPattern.create ÔÇö invariant validation throws DomainException for unknown timezone
00:40 +844 -4: C:/Projects/VeraProb/test/domain/sla_audit/shift_pattern_test.dart: ShiftPattern.create ÔÇö invariant validation throws DomainException when departure equals arrival
00:40 +845 -4: C:/Projects/VeraProb/test/domain/sla_audit/shift_pattern_test.dart: ShiftPattern.reconstitute creates pattern without re-validating invariants
00:40 +846 -4: C:/Projects/VeraProb/test/domain/sla_audit/shift_pattern_test.dart: isOvernight returns false when departure is before arrival
00:40 +847 -4: C:/Projects/VeraProb/test/domain/sla_audit/shift_pattern_test.dart: isOvernight returns true when departure is after arrival (overnight shift)
00:40 +848 -4: C:/Projects/VeraProb/test/domain/sla_audit/shift_pattern_test.dart: runsOn returns true for a weekday in daysOfWeek
00:40 +849 -4: C:/Projects/VeraProb/test/domain/sla_audit/shift_pattern_test.dart: runsOn returns false for a weekday not in daysOfWeek
00:40 +850 -4: C:/Projects/VeraProb/test/domain/sla_audit/shift_pattern_test.dart: toJson / fromJson round-trip preserves all fields
00:40 +851 -4: C:/Projects/VeraProb/test/domain/sla_audit/shift_pattern_test.dart: (tearDownAll)
00:41 +851 -4: C:/Projects/VeraProb/test/domain/sla_audit/sla_penalties_test.dart: SLAPenalties should create with valid parameters (including gracePeriodMinutes)
00:41 +852 -4: C:/Projects/VeraProb/test/domain/sla_audit/sla_penalties_test.dart: SLAPenalties should default gracePeriodMinutes to 0
00:41 +853 -4: C:/Projects/VeraProb/test/domain/sla_audit/sla_penalties_test.dart: SLAPenalties should throw DomainException for negative gracePeriodMinutes
00:41 +854 -4: C:/Projects/VeraProb/test/domain/sla_audit/sla_penalties_test.dart: SLAPenalties serialization round-trip serialization keeps gracePeriodMinutes
00:41 +855 -4: C:/Projects/VeraProb/test/domain/sla_audit/sla_penalties_test.dart: SLAPenalties serialization fromJson should support missing gracePeriodMinutes (backward compat)
00:41 +856 -4: C:/Projects/VeraProb/test/domain/sla_audit/sla_template_test.dart: SlaTemplate.create gera UUID v4
00:41 +857 -4: C:/Projects/VeraProb/test/domain/sla_audit/sla_template_test.dart: SlaTemplate.create preserva campos
00:41 +858 -4: C:/Projects/VeraProb/test/domain/sla_audit/sla_template_test.dart: SlaTemplate.create lan├ºa DomainException se name vazio
00:41 +859 -4: C:/Projects/VeraProb/test/domain/sla_audit/sla_template_test.dart: SlaTemplate.create lan├ºa DomainException se name > 100 chars
00:41 +860 -4: C:/Projects/VeraProb/test/domain/sla_audit/sla_template_test.dart: SlaTemplate.create lan├ºa DomainException se organizationId vazio
00:41 +861 -4: C:/Projects/VeraProb/test/domain/sla_audit/sla_template_test.dart: SlaTemplate.create preserva vertical quando informado
00:41 +862 -4: C:/Projects/VeraProb/test/domain/sla_audit/sla_template_test.dart: SlaTemplate.create vertical ├® null por padr├úo (backward compat)
00:41 +863 -4: C:/Projects/VeraProb/test/domain/sla_audit/sla_template_test.dart: SlaTemplate.reconstitute n├úo revalida (aceita name vazio)
00:41 +864 -4: C:/Projects/VeraProb/test/domain/sla_audit/sla_template_test.dart: SlaTemplate.reconstitute preserva vertical na reconstitui├º├úo
00:41 +865 -4: C:/Projects/VeraProb/test/domain/sla_audit/sla_template_test.dart: SlaTemplate.reconstitute vertical null na reconstitui├º├úo (backward compat)
00:41 +866 -4: C:/Projects/VeraProb/test/domain/sla_audit/smart_defaults_test.dart: SmartDefaults retorna SLAPenalties v├ílido para todas as verticals
00:41 +867 -4: C:/Projects/VeraProb/test/domain/sla_audit/smart_defaults_test.dart: SmartDefaults fretamento tem toler├óncia de 15min e multiplier 2.0
00:41 +868 -4: C:/Projects/VeraProb/test/domain/sla_audit/smart_defaults_test.dart: SmartDefaults cargaSeca tem toler├óncia de 30min e multiplier 1.5
00:41 +869 -4: C:/Projects/VeraProb/test/domain/sla_audit/smart_defaults_test.dart: SmartDefaults cargaRefrigerada tem multiplier alto (2.5) e toler├óncia curta
00:41 +870 -4: C:/Projects/VeraProb/test/domain/sla_audit/smart_defaults_test.dart: SmartDefaults escolar tem multiplier mais severo (3.0)
00:41 +871 -4: C:/Projects/VeraProb/test/domain/sla_audit/smart_defaults_test.dart: SmartDefaults transferenciaFuncionarios tem noShowThreshold de 30min
00:41 +872 -4: C:/Projects/VeraProb/test/domain/sla_audit/smart_defaults_test.dart: SmartDefaults custom tem baseTripValue zero (operador deve preencher)
00:41 +873 -4: C:/Projects/VeraProb/test/domain/sla_audit/smart_defaults_test.dart: SmartDefaults cada vertical retorna inst├óncia distinta
00:42 +874 -4: C:/Projects/VeraProb/test/domain/sla_audit/spoofing_audit_entry_test.dart: SpoofingAuditEntry.create generates a non-empty id and contentHash
00:42 +875 -4: C:/Projects/VeraProb/test/domain/sla_audit/spoofing_audit_entry_test.dart: SpoofingAuditEntry.create sets organizationId, deviceId, riskScore, and factsAnalyzed
00:42 +876 -4: C:/Projects/VeraProb/test/domain/sla_audit/spoofing_audit_entry_test.dart: SpoofingAuditEntry.create accepts optional assetId
00:42 +877 -4: C:/Projects/VeraProb/test/domain/sla_audit/spoofing_audit_entry_test.dart: SpoofingAuditEntry.create produces deterministic contentHash for same inputs
00:42 +878 -4: C:/Projects/VeraProb/test/domain/sla_audit/spoofing_audit_entry_test.dart: SpoofingAuditEntry.reconstitute restores all fields including review status
00:42 +879 -4: C:/Projects/VeraProb/test/domain/sla_audit/spoofing_audit_entry_test.dart: SpoofingRiskScore zero() produces score of 0.0 with no signals
00:42 +880 -4: C:/Projects/VeraProb/test/domain/sla_audit/spoofing_audit_entry_test.dart: SpoofingRiskScore isSuspected returns true when score >= threshold
00:42 +881 -4: C:/Projects/VeraProb/test/domain/sla_audit/spoofing_audit_entry_test.dart: SpoofingRiskScore isSuspected returns false when score < threshold
00:42 +882 -4: C:/Projects/VeraProb/test/domain/sla_audit/spoofing_audit_entry_test.dart: SpoofingRiskScore isSuspected respects custom threshold
00:42 +883 -4: C:/Projects/VeraProb/test/domain/sla_audit/spoofing_audit_entry_test.dart: SpoofingRiskScore toJson serializes score and signal names
00:42 +884 -4: C:/Projects/VeraProb/test/domain/sla_audit/spoofing_detector_test.dart: SpoofingDetector legitimate movement returns zero risk
00:42 +885 -4: C:/Projects/VeraProb/test/domain/sla_audit/spoofing_detector_test.dart: SpoofingDetector static position while moving (speed > 0) triggers signal
00:42 +886 -4: C:/Projects/VeraProb/test/domain/sla_audit/spoofing_detector_test.dart: SpoofingDetector zero entropy accuracy triggers signal
00:42 +887 -4: C:/Projects/VeraProb/test/domain/sla_audit/spoofing_detector_test.dart: SpoofingDetector perfect linear trajectory (constant heading) triggers signal
00:42 +888 -4: C:/Projects/VeraProb/test/domain/sla_audit/spoofing_detector_test.dart: SpoofingDetector multiple signals combine to exceed threshold
00:42 +889 -4: C:/Projects/VeraProb/test/domain/sla_audit/spoofing_detector_test.dart: SpoofingDetector insufficient data returns zero risk
00:42 +890 -4: C:/Projects/VeraProb/test/domain/sla_audit/transport_vertical_test.dart: TransportVertical todos os valores t├¬m label PT-BR n├úo vazio
00:42 +891 -4: C:/Projects/VeraProb/test/domain/sla_audit/transport_vertical_test.dart: TransportVertical toJson retorna name do enum
00:42 +892 -4: C:/Projects/VeraProb/test/domain/sla_audit/transport_vertical_test.dart: TransportVertical fromJson round-trip para todos os valores
00:42 +893 -4: C:/Projects/VeraProb/test/domain/sla_audit/transport_vertical_test.dart: TransportVertical fromJson com valor desconhecido retorna custom
00:42 +894 -4: C:/Projects/VeraProb/test/domain/sla_audit/transport_vertical_test.dart: TransportVertical fromJson com null retorna custom
00:42 +895 -4: C:/Projects/VeraProb/test/domain/sla_audit/transport_vertical_test.dart: TransportVertical labels esperados por vertical
00:42 +896 -4: C:/Projects/VeraProb/test/domain/sla_audit/verdict_evidence_test.dart: VerdictEvidence.create ÔÇö validations rejects empty clauseRef
00:42 +897 -4: C:/Projects/VeraProb/test/domain/sla_audit/verdict_evidence_test.dart: VerdictEvidence.create ÔÇö validations rejects empty ruleId
00:42 +898 -4: C:/Projects/VeraProb/test/domain/sla_audit/verdict_evidence_test.dart: VerdictEvidence.create ÔÇö validations rejects lat < -90
00:42 +899 -4: C:/Projects/VeraProb/test/domain/sla_audit/verdict_evidence_test.dart: VerdictEvidence.create ÔÇö validations rejects lat > 90
00:42 +900 -4: C:/Projects/VeraProb/test/domain/sla_audit/verdict_evidence_test.dart: VerdictEvidence.create ÔÇö validations rejects lng < -180
00:42 +901 -4: C:/Projects/VeraProb/test/domain/sla_audit/verdict_evidence_test.dart: VerdictEvidence.create ÔÇö validations rejects lng > 180
00:42 +902 -4: C:/Projects/VeraProb/test/domain/sla_audit/verdict_evidence_test.dart: VerdictEvidence.create ÔÇö validations rejects non-UTC timestamp
00:42 +903 -4: C:/Projects/VeraProb/test/domain/sla_audit/verdict_evidence_test.dart: VerdictEvidence.create ÔÇö validations rejects fineCents <= 0
00:42 +904 -4: C:/Projects/VeraProb/test/domain/sla_audit/verdict_evidence_test.dart: VerdictEvidence.create ÔÇö validations rejects confidenceScore < 0
00:42 +905 -4: C:/Projects/VeraProb/test/domain/sla_audit/verdict_evidence_test.dart: VerdictEvidence.create ÔÇö validations rejects confidenceScore > 100
00:42 +906 -4: C:/Projects/VeraProb/test/domain/sla_audit/verdict_evidence_test.dart: VerdictEvidence.create ÔÇö validations creates valid instance
00:42 +907 -4: C:/Projects/VeraProb/test/domain/sla_audit/verdict_evidence_test.dart: evidenceHash ÔÇö determinism (INV-7) same inputs produce same hash
00:42 +908 -4: C:/Projects/VeraProb/test/domain/sla_audit/verdict_evidence_test.dart: evidenceHash ÔÇö determinism (INV-7) different fineCents produce different hash
00:42 +909 -4: C:/Projects/VeraProb/test/domain/sla_audit/verdict_evidence_test.dart: evidenceHash ÔÇö determinism (INV-7) different ruleVersion produces different hash
00:43 +910 -4: C:/Projects/VeraProb/test/domain/sla_audit/verdict_evidence_test.dart: tamper detection round-trip via JSON preserves evidenceHash
00:43 +911 -4: C:/Projects/VeraProb/test/domain/sla_audit/verdict_evidence_test.dart: tamper detection round-trip preserves equality
00:43 +912 -4: C:/Projects/VeraProb/test/domain/sla_audit/verdict_evidence_test.dart: JSON round-trip toJson/fromJson preserves all fields
00:43 +913 -4: C:/Projects/VeraProb/test/domain/sla_audit/verdict_evidence_test.dart: geofence fields (Visual Evidence Snapshots ÔÇö 9.7.A) create without geofence fields defaults to null
00:43 +914 -4: C:/Projects/VeraProb/test/domain/sla_audit/verdict_evidence_test.dart: geofence fields (Visual Evidence Snapshots ÔÇö 9.7.A) create with geofence fields stores values
00:43 +915 -4: C:/Projects/VeraProb/test/domain/sla_audit/verdict_evidence_test.dart: geofence fields (Visual Evidence Snapshots ÔÇö 9.7.A) evidenceHash differs when geofence coords differ
00:43 +916 -4: C:/Projects/VeraProb/test/domain/sla_audit/verdict_evidence_test.dart: geofence fields (Visual Evidence Snapshots ÔÇö 9.7.A) evidenceHash unchanged when no geofence ÔÇö backwards compat (INV-7)
00:43 +917 -4: C:/Projects/VeraProb/test/domain/sla_audit/verdict_evidence_test.dart: geofence fields (Visual Evidence Snapshots ÔÇö 9.7.A) toJson/fromJson round-trips geofence fields
00:43 +918 -4: C:/Projects/VeraProb/test/domain/sla_audit/verdict_evidence_test.dart: geofence fields (Visual Evidence Snapshots ÔÇö 9.7.A) fromJson with old records missing geofence fields deserializes as null
00:43 +919 -4: C:/Projects/VeraProb/test/domain/sla_audit/week_cycle_test.dart: WeekCycle toJson / fromJson round-trip all values serialize and deserialize correctly
00:43 +920 -4: C:/Projects/VeraProb/test/domain/sla_audit/week_cycle_test.dart: WeekCycle toJson / fromJson round-trip null input defaults to everyWeek (backward compat)
00:43 +921 -4: C:/Projects/VeraProb/test/domain/sla_audit/week_cycle_test.dart: WeekCycle toJson / fromJson round-trip unknown string defaults to everyWeek (backward compat)
00:43 +922 -4: C:/Projects/VeraProb/test/domain/sla_audit/week_cycle_test.dart: WeekCycle enum index for modular arithmetic everyWeek.index is 0
00:43 +923 -4: C:/Projects/VeraProb/test/domain/sla_audit/week_cycle_test.dart: WeekCycle enum index for modular arithmetic weekA.index - 1 == 0
00:43 +924 -4: C:/Projects/VeraProb/test/domain/sla_audit/week_cycle_test.dart: WeekCycle enum index for modular arithmetic weekB.index - 1 == 1
00:43 +925 -4: C:/Projects/VeraProb/test/domain/sla_audit/week_cycle_test.dart: WeekCycle enum index for modular arithmetic weekC.index - 1 == 2
00:43 +926 -4: C:/Projects/VeraProb/test/domain/sla_audit/week_cycle_test.dart: WeekCycle enum index for modular arithmetic weekD.index - 1 == 3
00:43 +927 -4: C:/Projects/VeraProb/test/domain/super_admin/mfa_status_test.dart: MfaStatus needsEnrollment returns true when no factor is enrolled
00:43 +928 -4: C:/Projects/VeraProb/test/domain/super_admin/mfa_status_test.dart: MfaStatus needsEnrollment returns false when factor is enrolled
00:43 +929 -4: C:/Projects/VeraProb/test/domain/super_admin/mfa_status_test.dart: MfaStatus needsChallenge returns true when enrolled but AAL1
00:43 +930 -4: C:/Projects/VeraProb/test/domain/super_admin/mfa_status_test.dart: MfaStatus needsChallenge returns false when AAL2
00:43 +931 -4: C:/Projects/VeraProb/test/domain/super_admin/mfa_status_test.dart: MfaStatus needsChallenge returns false when not enrolled
00:43 +932 -4: C:/Projects/VeraProb/test/domain/super_admin/mfa_status_test.dart: MfaStatus isFullyAuthenticated returns true when enrolled and AAL2
00:43 +933 -4: C:/Projects/VeraProb/test/domain/super_admin/mfa_status_test.dart: MfaStatus isFullyAuthenticated returns false when AAL2 but not enrolled (edge case)
00:43 +934 -4: C:/Projects/VeraProb/test/domain/super_admin/mfa_status_test.dart: MfaStatus lockout state carries lockout information
00:43 +935 -4: C:/Projects/VeraProb/test/domain/super_admin/mfa_status_test.dart: MfaStatus equality equal when all fields match
00:43 +936 -4: C:/Projects/VeraProb/test/domain/super_admin/mfa_status_test.dart: MfaStatus equality not equal when fields differ
00:43 +937 -4: C:/Projects/VeraProb/test/domain/super_admin/mfa_verification_result_test.dart: MfaVerificationResult MfaVerificationSuccess is a MfaVerificationResult
00:43 +938 -4: C:/Projects/VeraProb/test/domain/super_admin/mfa_verification_result_test.dart: MfaVerificationResult MfaVerificationFailure is a MfaVerificationResult
00:43 +939 -4: C:/Projects/VeraProb/test/domain/super_admin/mfa_verification_result_test.dart: MfaVerificationResult pattern matching covers all subtypes
00:43 +940 -4: C:/Projects/VeraProb/test/domain/super_admin/mfa_verification_result_test.dart: MfaVerificationResult MfaVerificationFailure carries lockout details
00:44 +941 -4: C:/Projects/VeraProb/test/domain/super_admin/tenant_health_snapshot_test.dart: TenantHealthSnapshot fromJson maps all fields correctly from complete JSON
00:44 +942 -4: C:/Projects/VeraProb/test/domain/super_admin/tenant_health_snapshot_test.dart: TenantHealthSnapshot fromJson handles null nullable fields gracefully
00:44 +943 -4: C:/Projects/VeraProb/test/domain/super_admin/tenant_health_snapshot_test.dart: TenantHealthSnapshot fromJson defaults numeric fields to 0 when absent
00:44 +944 -4: C:/Projects/VeraProb/test/domain/super_admin/tenant_health_snapshot_test.dart: TenantHealthSnapshot fromJson handles numeric fields as double (PostgreSQL aggregates)
00:44 +945 -4: C:/Projects/VeraProb/test/domain/super_admin/tenant_health_snapshot_test.dart: TenantHealthSnapshot hasCriticalAlerts returns true when openCriticalAlertCount > 0
00:44 +946 -4: C:/Projects/VeraProb/test/domain/super_admin/tenant_health_snapshot_test.dart: TenantHealthSnapshot hasCriticalAlerts returns false when openCriticalAlertCount == 0
00:44 +947 -4: C:/Projects/VeraProb/test/domain/super_admin/tenant_health_snapshot_test.dart: TenantHealthSnapshot Equatable two snapshots with same fields are equal
00:44 +948 -4: C:/Projects/VeraProb/test/e2e/multi_tenant_validation_test.dart: Multi-Tenant Validation Scenarios (setUpAll)
00:44 +948 -4: C:/Projects/VeraProb/test/e2e/multi_tenant_validation_test.dart: Multi-Tenant Validation Scenarios 1. Dual Organization Simulation & 4. Ledger Event Integrity
00:44 +949 -4: C:/Projects/VeraProb/test/e2e/multi_tenant_validation_test.dart: Multi-Tenant Validation Scenarios (tearDownAll)
00:45 +949 -4: C:/Projects/VeraProb/test/e2e/sla_audit_e2e_postgres_test.dart: SLA Audit E2E (skipped ÔÇö no Supabase credentials)
  Skip: Set SUPABASE_URL and SUPABASE_KEY via --dart-define to run E2E tests.
00:45 +949 ~1 -4: C:/Projects/VeraProb/test/e2e/super_admin_onboarding_e2e_test.dart: SuperAdmin Onboarding E2E (setUpAll)
supabase.supabase_flutter: INFO: ***** Supabase init completed ***** 
00:46 +949 ~1 -4: C:/Projects/VeraProb/test/e2e/super_admin_onboarding_e2e_test.dart: SuperAdmin Onboarding E2E cria org + billing event + convida admin em < 5 minutos (crit├®rio de aceite)
[E2E] Onboarding conclu├¡do em 0s ÔÇö orgId: 212cce62-a2de-4273-803a-07529280c87c
00:46 +950 ~1 -4: C:/Projects/VeraProb/test/features/admin/presentation/dashboard_screen_test.dart: DashboardScreen renders all sections
00:47 +951 ~1 -4: C:/Projects/VeraProb/test/features/admin/presentation/drivers_screen_test.dart: DriversScreen renders Empty State when no drivers
00:47 +952 ~1 -4: C:/Projects/VeraProb/test/features/admin/presentation/drivers_screen_test.dart: DriversScreen renders Empty State when no drivers
00:47 +953 ~1 -4: C:/Projects/VeraProb/test/features/admin/presentation/screens/auditor_queue_screen_test.dart: AuditorQueueScreen renders header title
00:48 +954 ~1 -4: C:/Projects/VeraProb/test/features/admin/presentation/screens/sla_audit_screen_test.dart: SlaAuditScreen renders screen title
00:48 +955 ~1 -4: C:/Projects/VeraProb/test/features/admin/presentation/screens/sla_audit_screen_test.dart: SlaAuditScreen renders screen title
00:48 +956 ~1 -4: C:/Projects/VeraProb/test/features/admin/presentation/screens/sla_audit_screen_test.dart: SlaAuditScreen renders screen title
00:48 +957 ~1 -4: C:/Projects/VeraProb/test/features/admin/presentation/timecard_reports_screen_test.dart: TimecardReportsScreen renders empty table when no data
00:48 +958 ~1 -4: C:/Projects/VeraProb/test/features/admin/presentation/timecard_reports_screen_test.dart: TimecardReportsScreen renders empty table when no data
00:48 +959 ~1 -4: C:/Projects/VeraProb/test/features/admin/presentation/timecard_reports_screen_test.dart: TimecardReportsScreen renders empty table when no data
00:48 +960 ~1 -4: C:/Projects/VeraProb/test/features/admin/presentation/widgets/sanction_verdict_card_test.dart: SanctionVerdictCard renders fine amount and clause badge
00:49 +961 ~1 -4: C:/Projects/VeraProb/test/features/admin/presentation/widgets/sanction_verdict_card_test.dart: SanctionVerdictCard renders fine amount and clause badge
00:49 +962 ~1 -4: C:/Projects/VeraProb/test/features/admin/presentation/widgets/sanction_verdict_card_test.dart: SanctionVerdictCard renders fine amount and clause badge
00:49 +963 ~1 -4: C:/Projects/VeraProb/test/features/admin/presentation/widgets/sanction_verdict_card_test.dart: SanctionVerdictCard renders fine amount and clause badge
00:49 +964 ~1 -4: C:/Projects/VeraProb/test/features/admin/presentation/widgets/sanction_verdict_card_test.dart: SanctionVerdictCard renders fine amount and clause badge
00:49 +965 ~1 -4: C:/Projects/VeraProb/test/features/admin/presentation/widgets/sanction_verdict_card_test.dart: SanctionVerdictCard renders fine amount and clause badge
00:49 +966 ~1 -4: C:/Projects/VeraProb/test/features/admin/presentation/widgets/sanction_verdict_card_test.dart: SanctionVerdictCard renders fine amount and clause badge
00:49 +967 ~1 -4: C:/Projects/VeraProb/test/features/admin/presentation/widgets/sanction_verdict_card_test.dart: SanctionVerdictCard renders fine amount and clause badge
00:49 +968 ~1 -4: C:/Projects/VeraProb/test/features/admin/presentation/widgets/sanction_verdict_card_test.dart: SanctionVerdictCard renders fine amount and clause badge
00:49 +969 ~1 -4: C:/Projects/VeraProb/test/features/admin/presentation/widgets/sanction_verdict_card_test.dart: SanctionVerdictCard renders fine amount and clause badge
00:49 +970 ~1 -4: C:/Projects/VeraProb/test/features/admin/presentation/widgets/sanction_verdict_card_test.dart: SanctionVerdictCard renders fine amount and clause badge
00:49 +971 ~1 -4: C:/Projects/VeraProb/test/features/admin/presentation/widgets/sanction_verdict_card_test.dart: SanctionVerdictCard renders fine amount and clause badge
00:49 +972 ~1 -4: C:/Projects/VeraProb/test/features/admin/presentation/widgets/sanction_verdict_card_test.dart: SanctionVerdictCard renders fine amount and clause badge
00:49 +973 ~1 -4: C:/Projects/VeraProb/test/features/admin/presentation/widgets/sanction_verdict_card_test.dart: SanctionVerdictCard renders fine amount and clause badge
00:49 +974 ~1 -4: C:/Projects/VeraProb/test/features/admin/presentation/widgets/sanction_verdict_card_test.dart: SanctionVerdictCard renders fine amount and clause badge
00:49 +974 ~1 -4: C:/Projects/VeraProb/test/features/shared/data/repositories/vehicle_repository_test.dart: VehicleRepository sendVehiclePosition completes without throwing
­ƒÜÇ UPLOAD [driver_app_gps] Trip trip_send: -23.55, -46.63
00:49 +975 ~1 -4: C:/Projects/VeraProb/test/features/admin/presentation/widgets/sanction_verdict_card_test.dart: SanctionVerdictCard renders fine amount and clause badge
00:49 +975 ~1 -4: C:/Projects/VeraProb/test/features/shared/data/repositories/vehicle_repository_test.dart: VehicleRepository sendVehiclePosition handles null optional fields
­ƒÜÇ UPLOAD [driver_app_gps] Trip trip_nulls: -23.55, -46.63
00:49 +976 ~1 -4: C:/Projects/VeraProb/test/features/admin/presentation/widgets/sanction_verdict_card_test.dart: SanctionVerdictCard renders fine amount and clause badge
00:49 +977 ~1 -4: C:/Projects/VeraProb/test/features/admin/presentation/widgets/sanction_verdict_card_test.dart: SanctionVerdictCard renders fine amount and clause badge
[38;5;12mÔöîÔöÇÔöÇÔöÇÔöÇÔöÇÔöÇÔöÇÔöÇÔöÇÔöÇÔöÇÔöÇÔöÇÔöÇÔöÇÔöÇÔöÇÔöÇÔöÇÔöÇÔöÇÔöÇÔöÇÔöÇÔöÇÔöÇÔöÇÔöÇÔöÇÔöÇÔöÇÔöÇÔöÇÔöÇÔöÇÔöÇÔöÇÔöÇÔöÇÔöÇÔöÇÔöÇÔöÇÔöÇÔöÇÔöÇÔöÇÔöÇÔöÇÔöÇÔöÇÔöÇÔöÇÔöÇÔöÇÔöÇÔöÇÔöÇÔöÇÔöÇÔöÇÔöÇÔöÇÔöÇÔöÇÔöÇÔöÇÔöÇÔöÇÔöÇÔöÇÔöÇÔöÇÔöÇÔöÇÔöÇÔöÇÔöÇÔöÇÔöÇÔöÇÔöÇÔöÇÔöÇÔöÇÔöÇÔöÇÔöÇÔöÇÔöÇÔöÇÔöÇÔöÇÔöÇÔöÇÔöÇÔöÇÔöÇÔöÇÔöÇÔöÇÔöÇÔöÇÔöÇÔöÇÔöÇÔöÇÔöÇÔöÇÔöÇÔöÇÔöÇÔöÇÔöÇÔöÇÔöÇÔöÇÔöÇÔöÇ[0m
[38;5;12mÔöé ­ƒÆí [1m[3mflutter_map[0m[0m
[38;5;12mÔöé ­ƒÆí flutter_map wants to help keep map data available for everyone.[0m
[38;5;12mÔöé ­ƒÆí We use the OpenStreetMap public tile servers in our code examples & demo app,[0m
[38;5;12mÔöé ­ƒÆí but they are NOT free to use by everyone. Please review whether OSM's tile[0m
[38;5;12mÔöé ­ƒÆí servers are appropriate and the best choice for your app.[0m
[38;5;12mÔöé ­ƒÆí See:[0m
[38;5;12mÔöé ­ƒÆí  * https://operations.osmfoundation.org/policies/tiles (OSM Tile Usage Policy)[0m
[38;5;12mÔöé ­ƒÆí  * https://docs.fleaflet.dev/osm-warn for more information about this warning[0m
[38;5;12mÔööÔöÇÔöÇÔöÇÔöÇÔöÇÔöÇÔöÇÔöÇÔöÇÔöÇÔöÇÔöÇÔöÇÔöÇÔöÇÔöÇÔöÇÔöÇÔöÇÔöÇÔöÇÔöÇÔöÇÔöÇÔöÇÔöÇÔöÇÔöÇÔöÇÔöÇÔöÇÔöÇÔöÇÔöÇÔöÇÔöÇÔöÇÔöÇÔöÇÔöÇÔöÇÔöÇÔöÇÔöÇÔöÇÔöÇÔöÇÔöÇÔöÇÔöÇÔöÇÔöÇÔöÇÔöÇÔöÇÔöÇÔöÇÔöÇÔöÇÔöÇÔöÇÔöÇÔöÇÔöÇÔöÇÔöÇÔöÇÔöÇÔöÇÔöÇÔöÇÔöÇÔöÇÔöÇÔöÇÔöÇÔöÇÔöÇÔöÇÔöÇÔöÇÔöÇÔöÇÔöÇÔöÇÔöÇÔöÇÔöÇÔöÇÔöÇÔöÇÔöÇÔöÇÔöÇÔöÇÔöÇÔöÇÔöÇÔöÇÔöÇÔöÇÔöÇÔöÇÔöÇÔöÇÔöÇÔöÇÔöÇÔöÇÔöÇÔöÇÔöÇÔöÇÔöÇÔöÇÔöÇÔöÇÔöÇÔöÇ[0m
00:49 +978 ~1 -4: C:/Projects/VeraProb/test/features/admin/presentation/widgets/zone_type_ahead_field_test.dart: ZoneTypeAheadField widget renderiza com o label correto
00:49 +979 ~1 -4: C:/Projects/VeraProb/test/features/admin/presentation/widgets/zone_type_ahead_field_test.dart: ZoneTypeAheadField widget renderiza com o label correto
00:49 +980 ~1 -4: C:/Projects/VeraProb/test/features/admin/presentation/widgets/zone_type_ahead_field_test.dart: ZoneTypeAheadField widget renderiza com o label correto
00:49 +981 ~1 -4: C:/Projects/VeraProb/test/features/admin/presentation/widgets/zone_type_ahead_field_test.dart: ZoneTypeAheadField widget renderiza com o label correto
00:49 +982 ~1 -4: C:/Projects/VeraProb/test/features/admin/presentation/widgets/zone_type_ahead_field_test.dart: ZoneTypeAheadField widget renderiza com o label correto
00:49 +983 ~1 -4: C:/Projects/VeraProb/test/features/admin/presentation/widgets/zone_type_ahead_field_test.dart: ZoneTypeAheadField widget renderiza com o label correto
00:49 +984 ~1 -4: C:/Projects/VeraProb/test/features/admin/presentation/widgets/zone_type_ahead_field_test.dart: ZoneTypeAheadField widget renderiza com o label correto
00:50 +984 ~1 -4: C:/Projects/VeraProb/test/features/admin/presentation/widgets/sanction_verdict_card_test.dart: SanctionVerdictCard shows VALIDAR and REJEITAR buttons
[38;5;12mÔöîÔöÇÔöÇÔöÇÔöÇÔöÇÔöÇÔöÇÔöÇÔöÇÔöÇÔöÇÔöÇÔöÇÔöÇÔöÇÔöÇÔöÇÔöÇÔöÇÔöÇÔöÇÔöÇÔöÇÔöÇÔöÇÔöÇÔöÇÔöÇÔöÇÔöÇÔöÇÔöÇÔöÇÔöÇÔöÇÔöÇÔöÇÔöÇÔöÇÔöÇÔöÇÔöÇÔöÇÔöÇÔöÇÔöÇÔöÇÔöÇÔöÇÔöÇÔöÇÔöÇÔöÇÔöÇÔöÇÔöÇÔöÇÔöÇÔöÇÔöÇÔöÇÔöÇÔöÇÔöÇÔöÇÔöÇÔöÇÔöÇÔöÇÔöÇÔöÇÔöÇÔöÇÔöÇÔöÇÔöÇÔöÇÔöÇÔöÇÔöÇÔöÇÔöÇÔöÇÔöÇÔöÇÔöÇÔöÇÔöÇÔöÇÔöÇÔöÇÔöÇÔöÇÔöÇÔöÇÔöÇÔöÇÔöÇÔöÇÔöÇÔöÇÔöÇÔöÇÔöÇÔöÇÔöÇÔöÇÔöÇÔöÇÔöÇÔöÇÔöÇÔöÇÔöÇÔöÇÔöÇÔöÇÔöÇÔöÇ[0m
[38;5;12mÔöé ­ƒÆí [1m[3mflutter_map[0m[0m
[38;5;12mÔöé ­ƒÆí flutter_map wants to help keep map data available for everyone.[0m
[38;5;12mÔöé ­ƒÆí We use the OpenStreetMap public tile servers in our code examples & demo app,[0m
[38;5;12mÔöé ­ƒÆí but they are NOT free to use by everyone. Please review whether OSM's tile[0m
[38;5;12mÔöé ­ƒÆí servers are appropriate and the best choice for your app.[0m
[38;5;12mÔöé ­ƒÆí See:[0m
[38;5;12mÔöé ­ƒÆí  * https://operations.osmfoundation.org/policies/tiles (OSM Tile Usage Policy)[0m
[38;5;12mÔöé ­ƒÆí  * https://docs.fleaflet.dev/osm-warn for more information about this warning[0m
[38;5;12mÔööÔöÇÔöÇÔöÇÔöÇÔöÇÔöÇÔöÇÔöÇÔöÇÔöÇÔöÇÔöÇÔöÇÔöÇÔöÇÔöÇÔöÇÔöÇÔöÇÔöÇÔöÇÔöÇÔöÇÔöÇÔöÇÔöÇÔöÇÔöÇÔöÇÔöÇÔöÇÔöÇÔöÇÔöÇÔöÇÔöÇÔöÇÔöÇÔöÇÔöÇÔöÇÔöÇÔöÇÔöÇÔöÇÔöÇÔöÇÔöÇÔöÇÔöÇÔöÇÔöÇÔöÇÔöÇÔöÇÔöÇÔöÇÔöÇÔöÇÔöÇÔöÇÔöÇÔöÇÔöÇÔöÇÔöÇÔöÇÔöÇÔöÇÔöÇÔöÇÔöÇÔöÇÔöÇÔöÇÔöÇÔöÇÔöÇÔöÇÔöÇÔöÇÔöÇÔöÇÔöÇÔöÇÔöÇÔöÇÔöÇÔöÇÔöÇÔöÇÔöÇÔöÇÔöÇÔöÇÔöÇÔöÇÔöÇÔöÇÔöÇÔöÇÔöÇÔöÇÔöÇÔöÇÔöÇÔöÇÔöÇÔöÇÔöÇÔöÇÔöÇÔöÇÔöÇÔöÇÔöÇÔöÇÔöÇÔöÇ[0m
00:50 +985 ~1 -4: C:/Projects/VeraProb/test/features/admin/presentation/widgets/zone_type_ahead_field_test.dart: ZoneTypeAheadField widget renderiza com o label correto
00:50 +986 ~1 -4: C:/Projects/VeraProb/test/features/admin/presentation/widgets/sanction_verdict_card_test.dart: SanctionVerdictCard tapping REJEITAR reveals rejection reason field
00:50 +987 ~1 -4: C:/Projects/VeraProb/test/features/admin/presentation/widgets/sanction_verdict_card_test.dart: SanctionVerdictCard tapping REJEITAR reveals rejection reason field
00:50 +988 ~1 -4: C:/Projects/VeraProb/test/features/admin/presentation/widgets/sanction_verdict_card_test.dart: SanctionVerdictCard tapping REJEITAR reveals rejection reason field
00:50 +989 ~1 -4: C:/Projects/VeraProb/test/features/admin/presentation/widgets/sanction_verdict_card_test.dart: SanctionVerdictCard tapping REJEITAR reveals rejection reason field
00:50 +990 ~1 -4: C:/Projects/VeraProb/test/features/admin/presentation/widgets/sanction_verdict_card_test.dart: SanctionVerdictCard tapping REJEITAR reveals rejection reason field
00:50 +991 ~1 -4: C:/Projects/VeraProb/test/features/admin/presentation/widgets/sanction_verdict_card_test.dart: SanctionVerdictCard tapping REJEITAR reveals rejection reason field
[38;5;12mÔöîÔöÇÔöÇÔöÇÔöÇÔöÇÔöÇÔöÇÔöÇÔöÇÔöÇÔöÇÔöÇÔöÇÔöÇÔöÇÔöÇÔöÇÔöÇÔöÇÔöÇÔöÇÔöÇÔöÇÔöÇÔöÇÔöÇÔöÇÔöÇÔöÇÔöÇÔöÇÔöÇÔöÇÔöÇÔöÇÔöÇÔöÇÔöÇÔöÇÔöÇÔöÇÔöÇÔöÇÔöÇÔöÇÔöÇÔöÇÔöÇÔöÇÔöÇÔöÇÔöÇÔöÇÔöÇÔöÇÔöÇÔöÇÔöÇÔöÇÔöÇÔöÇÔöÇÔöÇÔöÇÔöÇÔöÇÔöÇÔöÇÔöÇÔöÇÔöÇÔöÇÔöÇÔöÇÔöÇÔöÇÔöÇÔöÇÔöÇÔöÇÔöÇÔöÇÔöÇÔöÇÔöÇÔöÇÔöÇÔöÇÔöÇÔöÇÔöÇÔöÇÔöÇÔöÇÔöÇÔöÇÔöÇÔöÇÔöÇÔöÇÔöÇÔöÇÔöÇÔöÇÔöÇÔöÇÔöÇÔöÇÔöÇÔöÇÔöÇÔöÇÔöÇÔöÇÔöÇÔöÇÔöÇÔöÇÔöÇ[0m
[38;5;12mÔöé ­ƒÆí [1m[3mflutter_map[0m[0m
[38;5;12mÔöé ­ƒÆí flutter_map wants to help keep map data available for everyone.[0m
[38;5;12mÔöé ­ƒÆí We use the OpenStreetMap public tile servers in our code examples & demo app,[0m
[38;5;12mÔöé ­ƒÆí but they are NOT free to use by everyone. Please review whether OSM's tile[0m
[38;5;12mÔöé ­ƒÆí servers are appropriate and the best choice for your app.[0m
[38;5;12mÔöé ­ƒÆí See:[0m
[38;5;12mÔöé ­ƒÆí  * https://operations.osmfoundation.org/policies/tiles (OSM Tile Usage Policy)[0m
[38;5;12mÔöé ­ƒÆí  * https://docs.fleaflet.dev/osm-warn for more information about this warning[0m
[38;5;12mÔööÔöÇÔöÇÔöÇÔöÇÔöÇÔöÇÔöÇÔöÇÔöÇÔöÇÔöÇÔöÇÔöÇÔöÇÔöÇÔöÇÔöÇÔöÇÔöÇÔöÇÔöÇÔöÇÔöÇÔöÇÔöÇÔöÇÔöÇÔöÇÔöÇÔöÇÔöÇÔöÇÔöÇÔöÇÔöÇÔöÇÔöÇÔöÇÔöÇÔöÇÔöÇÔöÇÔöÇÔöÇÔöÇÔöÇÔöÇÔöÇÔöÇÔöÇÔöÇÔöÇÔöÇÔöÇÔöÇÔöÇÔöÇÔöÇÔöÇÔöÇÔöÇÔöÇÔöÇÔöÇÔöÇÔöÇÔöÇÔöÇÔöÇÔöÇÔöÇÔöÇÔöÇÔöÇÔöÇÔöÇÔöÇÔöÇÔöÇÔöÇÔöÇÔöÇÔöÇÔöÇÔöÇÔöÇÔöÇÔöÇÔöÇÔöÇÔöÇÔöÇÔöÇÔöÇÔöÇÔöÇÔöÇÔöÇÔöÇÔöÇÔöÇÔöÇÔöÇÔöÇÔöÇÔöÇÔöÇÔöÇÔöÇÔöÇÔöÇÔöÇÔöÇÔöÇÔöÇÔöÇÔöÇÔöÇÔöÇ[0m
00:50 +992 ~1 -4: C:/Projects/VeraProb/test/features/admin/presentation/widgets/zone_type_ahead_field_test.dart: ZoneTypeAheadField widget bot├úo "+ Criar nova zona" aparece quando campo est├í vazio e lista vazia
00:50 +993 ~1 -4: C:/Projects/VeraProb/test/features/admin/presentation/widgets/zone_type_ahead_field_test.dart: ZoneTypeAheadField widget bot├úo "+ Criar zona X" aparece ap├│s digitar nome inexistente
00:50 +994 ~1 -4: C:/Projects/VeraProb/test/features/admin/presentation/widgets/zone_type_ahead_field_test.dart: ZoneTypeAheadField widget bot├úo "+ Criar" n├úo aparece quando texto corresponde exatamente a zona existente
00:50 +995 ~1 -4: C:/Projects/VeraProb/test/features/admin/presentation/widgets/zone_type_ahead_field_test.dart: ZoneTypeAheadField widget bot├úo "+ Criar" n├úo aparece quando texto corresponde exatamente a zona existente
00:50 +996 ~1 -4: C:/Projects/VeraProb/test/features/admin/presentation/widgets/zone_type_ahead_field_test.dart: ZoneTypeAheadField widget bot├úo "+ Criar" n├úo aparece quando texto corresponde exatamente a zona existente
00:50 +997 ~1 -4: C:/Projects/VeraProb/test/features/admin/presentation/widgets/zone_type_ahead_field_test.dart: ZoneTypeAheadField widget bot├úo "+ Criar" n├úo aparece quando texto corresponde exatamente a zona existente
00:50 +998 ~1 -4: C:/Projects/VeraProb/test/features/admin/presentation/widgets/zone_type_ahead_field_test.dart: ZoneTypeAheadField widget bot├úo "+ Criar" n├úo aparece quando texto corresponde exatamente a zona existente
00:50 +999 ~1 -4: C:/Projects/VeraProb/test/features/admin/presentation/widgets/zone_type_ahead_field_test.dart: ZoneTypeAheadField widget bot├úo "+ Criar" n├úo aparece quando texto corresponde exatamente a zona existente
00:50 +1000 ~1 -4: C:/Projects/VeraProb/test/features/admin/presentation/widgets/zone_type_ahead_field_test.dart: ZoneTypeAheadField widget bot├úo "+ Criar" n├úo aparece quando texto corresponde exatamente a zona existente
00:50 +1001 ~1 -4: C:/Projects/VeraProb/test/features/shared/providers_test.dart: Provider Definitions vehiclePositionsStreamProvider returns a Stream
00:50 +1002 ~1 -4: C:/Projects/VeraProb/test/features/admin/presentation/widgets/zone_type_ahead_field_test.dart: ZoneTypeAheadField widget zona com contractorLabel igual a contractorName exibe badge no overlay
00:50 +1003 ~1 -4: C:/Projects/VeraProb/test/features/admin/presentation/widgets/zone_type_ahead_field_test.dart: ZoneTypeAheadField widget zona com contractorLabel igual a contractorName exibe badge no overlay
00:51 +1004 ~1 -4: C:/Projects/VeraProb/test/features/stops/data/repositories/bus_stop_repository_test.dart: BusStopRepository getNearbyStops should return a non-empty list
00:51 +1005 ~1 -4: C:/Projects/VeraProb/test/features/stops/data/repositories/bus_stop_repository_test.dart: BusStopRepository getNearbyStops should return a non-empty list
00:51 +1006 ~1 -4: C:/Projects/VeraProb/test/features/stops/data/repositories/bus_stop_repository_test.dart: BusStopRepository getNearbyStops should return a non-empty list
00:51 +1007 ~1 -4: C:/Projects/VeraProb/test/features/stops/data/repositories/bus_stop_repository_test.dart: BusStopRepository getNearbyStops should return a non-empty list
00:51 +1008 ~1 -4: C:/Projects/VeraProb/test/features/stops/data/repositories/bus_stop_repository_test.dart: BusStopRepository getNearbyStops should return a non-empty list
00:51 +1009 ~1 -4: C:/Projects/VeraProb/test/features/stops/data/repositories/bus_stop_repository_test.dart: BusStopRepository getNearbyStops should return a non-empty list
00:51 +1010 ~1 -4: C:/Projects/VeraProb/test/features/admin/presentation/widgets/zone_type_ahead_field_test.dart: ZoneTypeAheadField widget exibe bot├úo de limpar (X) quando zona est├í selecionada e limpa ao clicar
00:51 +1011 ~1 -4: C:/Projects/VeraProb/test/features/stops/data/repositories/bus_stop_repository_test.dart: BusStopRepository getNearbyStops should return BusStop instances
00:52 +1012 ~1 -4: C:/Projects/VeraProb/test/features/super_admin/presentation/screens/super_admin_audit_log_screen_test.dart: SuperAdminAuditLogScreen renders screen without crashing
00:52 +1013 ~1 -4: C:/Projects/VeraProb/test/features/super_admin/presentation/screens/super_admin_audit_log_screen_test.dart: SuperAdminAuditLogScreen renders screen without crashing
00:52 +1014 ~1 -4: C:/Projects/VeraProb/test/features/super_admin/presentation/screens/super_admin_audit_log_screen_test.dart: SuperAdminAuditLogScreen renders screen without crashing
00:52 +1015 ~1 -4: C:/Projects/VeraProb/test/features/super_admin/presentation/screens/super_admin_audit_log_screen_test.dart: SuperAdminAuditLogScreen renders screen without crashing
00:52 +1016 ~1 -4: C:/Projects/VeraProb/test/features/super_admin/presentation/screens/super_admin_audit_log_screen_test.dart: SuperAdminAuditLogScreen renders screen without crashing
00:52 +1017 ~1 -4: C:/Projects/VeraProb/test/features/super_admin/presentation/screens/super_admin_audit_log_screen_test.dart: SuperAdminAuditLogScreen renders screen without crashing
00:52 +1018 ~1 -4: C:/Projects/VeraProb/test/features/stops/data/repositories/bus_stop_repository_test.dart: BusStopRepository all stops should have non-empty names
00:53 +1019 ~1 -4: C:/Projects/VeraProb/test/features/stops/data/repositories/bus_stop_repository_test.dart: BusStopRepository all stops should have non-empty names
00:53 +1020 ~1 -4: C:/Projects/VeraProb/test/infrastructure/persistence/write_model_governance_test.dart: FASE 2 - Write-Model Governance Tests Default mode should return InMemory implementations
00:53 +1021 ~1 -4: C:/Projects/VeraProb/test/features/stops/data/repositories/bus_stop_repository_test.dart: BusStopRepository all stops should have valid coordinates
00:53 +1022 ~1 -4: C:/Projects/VeraProb/test/features/stops/data/repositories/bus_stop_repository_test.dart: BusStopRepository all stops should have valid coordinates
00:53 +1023 ~1 -4: C:/Projects/VeraProb/test/infrastructure/postgres/contract_query_service_postgres_test.dart: PostgresContractQueryService Integration Tests (setUpAll)
supabase.supabase_flutter: INFO: ***** Supabase init completed ***** 
00:54 +1023 ~1 -4: C:/Projects/VeraProb/test/infrastructure/postgres/execution_state_repository_postgres_test.dart: FASE 5 - Execution State Repository Postgres Tests (execution_states) (setUpAll)
00:55 +1023 ~1 -4: C:/Projects/VeraProb/test/infrastructure/postgres/financial_snapshot_repository_postgres_test.dart: FASE 5 - Financial Snapshot Repository Postgres Tests (contractual_financial_snapshot) (setUpAll)
supabase.supabase_flutter: INFO: ***** Supabase init completed ***** 
00:55 +1023 ~1 -4: C:/Projects/VeraProb/test/infrastructure/postgres/execution_state_repository_postgres_test.dart: FASE 5 - Execution State Repository Postgres Tests (execution_states) (setUpAll)
00:56 +1024 ~1 -4: C:/Projects/VeraProb/test/infrastructure/postgres/execution_state_repository_postgres_test.dart: FASE 5 - Execution State Repository Postgres Tests (execution_states) (setUpAll)
00:56 +1025 ~1 -4: C:/Projects/VeraProb/test/infrastructure/postgres/execution_state_repository_postgres_test.dart: FASE 5 - Execution State Repository Postgres Tests (execution_states) (setUpAll)
00:56 +1025 ~1 -4: C:/Projects/VeraProb/test/infrastructure/postgres/ledger_repository_postgres_test.dart: FASE 5 - Ledger Repository Postgres Tests (sla_audit_ledger) (setUpAll)
supabase.supabase_flutter: INFO: ***** Supabase init completed ***** 
00:56 +1025 ~1 -4: C:/Projects/VeraProb/test/infrastructure/postgres/execution_state_repository_postgres_test.dart: FASE 5 - Execution State Repository Postgres Tests (execution_states) (setUpAll)
00:57 +1026 ~1 -4: C:/Projects/VeraProb/test/infrastructure/postgres/execution_state_repository_postgres_test.dart: FASE 5 - Execution State Repository Postgres Tests (execution_states) (setUpAll)
00:57 +1027 ~1 -4: C:/Projects/VeraProb/test/infrastructure/postgres/execution_state_repository_postgres_test.dart: FASE 5 - Execution State Repository Postgres Tests (execution_states) (setUpAll)
00:57 +1028 ~1 -4: C:/Projects/VeraProb/test/infrastructure/postgres/execution_state_repository_postgres_test.dart: FASE 5 - Execution State Repository Postgres Tests (execution_states) (setUpAll)
00:57 +1029 ~1 -4: C:/Projects/VeraProb/test/infrastructure/postgres/execution_state_repository_postgres_test.dart: FASE 5 - Execution State Repository Postgres Tests (execution_states) (setUpAll)
00:57 +1030 ~1 -4: C:/Projects/VeraProb/test/infrastructure/postgres/execution_state_repository_postgres_test.dart: FASE 5 - Execution State Repository Postgres Tests (execution_states) (setUpAll)
00:57 +1031 ~1 -4: C:/Projects/VeraProb/test/infrastructure/postgres/execution_state_repository_postgres_test.dart: FASE 5 - Execution State Repository Postgres Tests (execution_states) (setUpAll)
00:57 +1031 ~1 -4: C:/Projects/VeraProb/test/infrastructure/postgres/super_admin_repository_postgres_test.dart: SupabaseSuperAdminRepository ÔÇö Integra├º├úo Postgres (setUpAll)
supabase.supabase_flutter: INFO: ***** Supabase init completed ***** 
00:57 +1031 ~1 -4: C:/Projects/VeraProb/test/infrastructure/postgres/execution_state_repository_postgres_test.dart: FASE 5 - Execution State Repository Postgres Tests (execution_states) (setUpAll)
00:57 +1032 ~1 -4: C:/Projects/VeraProb/test/infrastructure/postgres/execution_state_repository_postgres_test.dart: FASE 5 - Execution State Repository Postgres Tests (execution_states) (setUpAll)
00:58 +1033 ~1 -4: C:/Projects/VeraProb/test/infrastructure/postgres/execution_state_repository_postgres_test.dart: FASE 5 - Execution State Repository Postgres Tests (execution_states) (setUpAll)
00:58 +1034 ~1 -4: C:/Projects/VeraProb/test/infrastructure/postgres/execution_state_repository_postgres_test.dart: FASE 5 - Execution State Repository Postgres Tests (execution_states) (setUpAll)
00:58 +1035 ~1 -4: C:/Projects/VeraProb/test/infrastructure/postgres/execution_state_repository_postgres_test.dart: FASE 5 - Execution State Repository Postgres Tests (execution_states) (setUpAll)
00:58 +1036 ~1 -4: C:/Projects/VeraProb/test/infrastructure/postgres/execution_state_repository_postgres_test.dart: FASE 5 - Execution State Repository Postgres Tests (execution_states) (setUpAll)
00:58 +1036 ~1 -4: C:/Projects/VeraProb/test/infrastructure/postgres/super_admin_repository_postgres_test.dart: SupabaseSuperAdminRepository ÔÇö Integra├º├úo Postgres getAllTenantHealth retorna lista de TenantHealthSnapshot
  Skip: Requires super-admin-proxy Edge Function deployed (supabase functions serve)
00:58 +1036 ~2 -4: C:/Projects/VeraProb/test/infrastructure/postgres/execution_state_repository_postgres_test.dart: FASE 5 - Execution State Repository Postgres Tests (execution_states) (setUpAll)
00:58 +1036 ~2 -4: C:/Projects/VeraProb/test/infrastructure/postgres/super_admin_repository_postgres_test.dart: SupabaseSuperAdminRepository ÔÇö Integra├º├úo Postgres getAllTenantHealth org rec├®m-criada aparece na view com active_contract_count = 0
  Skip: Requires super-admin-proxy Edge Function deployed (supabase functions serve)
00:58 +1036 ~3 -4: C:/Projects/VeraProb/test/infrastructure/postgres/execution_state_repository_postgres_test.dart: FASE 5 - Execution State Repository Postgres Tests (execution_states) (setUpAll)
00:58 +1036 ~3 -4: C:/Projects/VeraProb/test/infrastructure/postgres/super_admin_repository_postgres_test.dart: SupabaseSuperAdminRepository ÔÇö Integra├º├úo Postgres getSystemAuditLog retorna lista sem filtro
  Skip: Requires super-admin-proxy Edge Function deployed (supabase functions serve)
00:58 +1036 ~4 -4: C:/Projects/VeraProb/test/infrastructure/postgres/execution_state_repository_postgres_test.dart: FASE 5 - Execution State Repository Postgres Tests (execution_states) (setUpAll)
00:58 +1036 ~4 -4: C:/Projects/VeraProb/test/infrastructure/postgres/super_admin_repository_postgres_test.dart: SupabaseSuperAdminRepository ÔÇö Integra├º├úo Postgres getSystemAuditLog filtra por organization_id corretamente
  Skip: Requires super-admin-proxy Edge Function deployed (supabase functions serve)
00:58 +1036 ~5 -4: C:/Projects/VeraProb/test/infrastructure/postgres/execution_state_repository_postgres_test.dart: FASE 5 - Execution State Repository Postgres Tests (execution_states) (setUpAll)
00:58 +1036 ~5 -4: C:/Projects/VeraProb/test/infrastructure/postgres/super_admin_repository_postgres_test.dart: SupabaseSuperAdminRepository ÔÇö Integra├º├úo Postgres getSystemAuditLog filtra por severity corretamente
  Skip: Requires super-admin-proxy Edge Function deployed (supabase functions serve)
00:58 +1036 ~6 -4: C:/Projects/VeraProb/test/infrastructure/postgres/execution_state_repository_postgres_test.dart: FASE 5 - Execution State Repository Postgres Tests (execution_states) (setUpAll)
00:58 +1037 ~6 -4: C:/Projects/VeraProb/test/infrastructure/postgres/execution_state_repository_postgres_test.dart: FASE 5 - Execution State Repository Postgres Tests (execution_states) (setUpAll)
00:58 +1038 ~6 -4: C:/Projects/VeraProb/test/infrastructure/postgres/execution_state_repository_postgres_test.dart: FASE 5 - Execution State Repository Postgres Tests (execution_states) (setUpAll)
00:58 +1039 ~6 -4: C:/Projects/VeraProb/test/infrastructure/postgres/execution_state_repository_postgres_test.dart: FASE 5 - Execution State Repository Postgres Tests (execution_states) (setUpAll)
00:58 +1040 ~6 -4: C:/Projects/VeraProb/test/infrastructure/postgres/execution_state_repository_postgres_test.dart: FASE 5 - Execution State Repository Postgres Tests (execution_states) (setUpAll)
00:58 +1040 ~6 -4: C:/Projects/VeraProb/test/infrastructure/postgres/plan_declaration_repository_postgres_test.dart: PostgresPlanDeclarationRepository (setUpAll)
supabase.supabase_flutter: INFO: ***** Supabase init completed ***** 
00:58 +1040 ~6 -4: C:/Projects/VeraProb/test/infrastructure/postgres/execution_state_repository_postgres_test.dart: FASE 5 - Execution State Repository Postgres Tests (execution_states) (setUpAll)
00:58 +1041 ~6 -4: C:/Projects/VeraProb/test/infrastructure/postgres/execution_state_repository_postgres_test.dart: FASE 5 - Execution State Repository Postgres Tests (execution_states) (setUpAll)
00:58 +1042 ~6 -4: C:/Projects/VeraProb/test/infrastructure/postgres/execution_state_repository_postgres_test.dart: FASE 5 - Execution State Repository Postgres Tests (execution_states) (setUpAll)
00:58 +1043 ~6 -4: C:/Projects/VeraProb/test/infrastructure/postgres/execution_state_repository_postgres_test.dart: FASE 5 - Execution State Repository Postgres Tests (execution_states) (setUpAll)
00:58 +1044 ~6 -4: C:/Projects/VeraProb/test/infrastructure/postgres/execution_state_repository_postgres_test.dart: FASE 5 - Execution State Repository Postgres Tests (execution_states) (setUpAll)
supabase.supabase_flutter: INFO: ***** Supabase init completed ***** 
00:58 +1044 ~6 -4: C:/Projects/VeraProb/test/infrastructure/postgres/plan_declaration_repository_postgres_test.dart: PostgresPlanDeclarationRepository save and findById - Manual Plan
00:58 +1045 ~6 -4: C:/Projects/VeraProb/test/infrastructure/postgres/execution_state_repository_postgres_test.dart: FASE 5 - Execution State Repository Postgres Tests (execution_states) 1. Insert and full domain reconstitution cycle works
00:59 +1046 ~6 -4: C:/Projects/VeraProb/test/infrastructure/postgres/plan_declaration_repository_postgres_test.dart: PostgresPlanDeclarationRepository save and findByContract - B2B Plan (Shift Patterns)
00:59 +1047 ~6 -4: C:/Projects/VeraProb/test/infrastructure/postgres/execution_state_repository_postgres_test.dart: FASE 5 - Execution State Repository Postgres Tests (execution_states) 2. Finding Active By Contract returns properly saved aggregate
00:59 +1048 ~6 -4: C:/Projects/VeraProb/test/infrastructure/postgres/execution_state_repository_postgres_test.dart: FASE 5 - Execution State Repository Postgres Tests (execution_states) 2. Finding Active By Contract returns properly saved aggregate
00:59 +1049 ~6 -4: C:/Projects/VeraProb/test/infrastructure/postgres/execution_state_repository_postgres_test.dart: FASE 5 - Execution State Repository Postgres Tests (execution_states) 2. Finding Active By Contract returns properly saved aggregate
00:59 +1050 ~6 -4: C:/Projects/VeraProb/test/infrastructure/postgres/execution_state_repository_postgres_test.dart: FASE 5 - Execution State Repository Postgres Tests (execution_states) 2. Finding Active By Contract returns properly saved aggregate
00:59 +1051 ~6 -4: C:/Projects/VeraProb/test/infrastructure/postgres/execution_state_repository_postgres_test.dart: FASE 5 - Execution State Repository Postgres Tests (execution_states) 2. Finding Active By Contract returns properly saved aggregate
00:59 +1052 ~6 -4: C:/Projects/VeraProb/test/infrastructure/postgres/execution_state_repository_postgres_test.dart: FASE 5 - Execution State Repository Postgres Tests (execution_states) 2. Finding Active By Contract returns properly saved aggregate
00:59 +1053 ~6 -4: C:/Projects/VeraProb/test/infrastructure/postgres/execution_state_repository_postgres_test.dart: FASE 5 - Execution State Repository Postgres Tests (execution_states) 2. Finding Active By Contract returns properly saved aggregate
00:59 +1054 ~6 -4: C:/Projects/VeraProb/test/infrastructure/postgres/execution_state_repository_postgres_test.dart: FASE 5 - Execution State Repository Postgres Tests (execution_states) 2. Finding Active By Contract returns properly saved aggregate
00:59 +1055 ~6 -4: C:/Projects/VeraProb/test/infrastructure/postgres/execution_state_repository_postgres_test.dart: FASE 5 - Execution State Repository Postgres Tests (execution_states) 2. Finding Active By Contract returns properly saved aggregate
00:59 +1056 ~6 -4: C:/Projects/VeraProb/test/infrastructure/postgres/execution_state_repository_postgres_test.dart: FASE 5 - Execution State Repository Postgres Tests (execution_states) 2. Finding Active By Contract returns properly saved aggregate
00:59 +1057 ~6 -4: C:/Projects/VeraProb/test/infrastructure/postgres/execution_state_repository_postgres_test.dart: FASE 5 - Execution State Repository Postgres Tests (execution_states) 2. Finding Active By Contract returns properly saved aggregate
00:59 +1058 ~6 -4: C:/Projects/VeraProb/test/infrastructure/postgres/execution_state_repository_postgres_test.dart: FASE 5 - Execution State Repository Postgres Tests (execution_states) 2. Finding Active By Contract returns properly saved aggregate
00:59 +1059 ~6 -4: C:/Projects/VeraProb/test/infrastructure/postgres/execution_state_repository_postgres_test.dart: FASE 5 - Execution State Repository Postgres Tests (execution_states) 2. Finding Active By Contract returns properly saved aggregate
00:59 +1060 ~6 -4: C:/Projects/VeraProb/test/infrastructure/postgres/execution_state_repository_postgres_test.dart: FASE 5 - Execution State Repository Postgres Tests (execution_states) 2. Finding Active By Contract returns properly saved aggregate
00:59 +1061 ~6 -4: C:/Projects/VeraProb/test/infrastructure/postgres/execution_state_repository_postgres_test.dart: FASE 5 - Execution State Repository Postgres Tests (execution_states) 2. Finding Active By Contract returns properly saved aggregate
00:59 +1062 ~6 -4: C:/Projects/VeraProb/test/infrastructure/postgres/execution_state_repository_postgres_test.dart: FASE 5 - Execution State Repository Postgres Tests (execution_states) 2. Finding Active By Contract returns properly saved aggregate
00:59 +1063 ~6 -4: C:/Projects/VeraProb/test/infrastructure/postgres/execution_state_repository_postgres_test.dart: FASE 5 - Execution State Repository Postgres Tests (execution_states) 2. Finding Active By Contract returns properly saved aggregate
00:59 +1064 ~6 -4: C:/Projects/VeraProb/test/infrastructure/postgres/execution_state_repository_postgres_test.dart: FASE 5 - Execution State Repository Postgres Tests (execution_states) 2. Finding Active By Contract returns properly saved aggregate
00:59 +1065 ~6 -4: C:/Projects/VeraProb/test/infrastructure/postgres/execution_state_repository_postgres_test.dart: FASE 5 - Execution State Repository Postgres Tests (execution_states) 2. Finding Active By Contract returns properly saved aggregate
00:59 +1066 ~6 -4: C:/Projects/VeraProb/test/infrastructure/postgres/execution_state_repository_postgres_test.dart: FASE 5 - Execution State Repository Postgres Tests (execution_states) 2. Finding Active By Contract returns properly saved aggregate
00:59 +1067 ~6 -4: C:/Projects/VeraProb/test/infrastructure/postgres/plan_declaration_repository_postgres_test.dart: PostgresPlanDeclarationRepository saveProjectedSets - Idempotency vs Update
00:59 +1068 ~6 -4: C:/Projects/VeraProb/test/infrastructure/postgres/plan_declaration_repository_postgres_test.dart: PostgresPlanDeclarationRepository saveProjectedSets - Idempotency vs Update
00:59 +1069 ~6 -4: C:/Projects/VeraProb/test/infrastructure/postgres/plan_declaration_repository_postgres_test.dart: PostgresPlanDeclarationRepository saveProjectedSets - Idempotency vs Update
00:59 +1070 ~6 -4: C:/Projects/VeraProb/test/infrastructure/postgres/plan_declaration_repository_postgres_test.dart: PostgresPlanDeclarationRepository saveProjectedSets - Idempotency vs Update
00:59 +1071 ~6 -4: C:/Projects/VeraProb/test/infrastructure/postgres/plan_declaration_repository_postgres_test.dart: PostgresPlanDeclarationRepository saveProjectedSets - Idempotency vs Update
00:59 +1071 ~6 -5: C:/Projects/VeraProb/test/infrastructure/postgres/plan_declaration_repository_postgres_test.dart: PostgresPlanDeclarationRepository saveProjectedSets - Idempotency vs Update [E]
  PostgrestException(message: invalid input syntax for type uuid: "z2", code: 22P02, details: Bad Request, hint: null)
  package:postgrest/src/postgrest_builder.dart 299:7   PostgrestBuilder._parseResponse
  package:postgrest/src/postgrest_builder.dart 174:14  PostgrestBuilder._execute
  
00:59 +1071 ~6 -5: C:/Projects/VeraProb/test/infrastructure/postgres/plan_declaration_repository_postgres_test.dart: PostgresPlanDeclarationRepository save - Duplicate Version throws Exception
00:59 +1072 ~6 -5: C:/Projects/VeraProb/test/infrastructure/postgres/plan_declaration_repository_postgres_test.dart: PostgresPlanDeclarationRepository (tearDownAll)
00:59 +1072 ~6 -5: C:/Projects/VeraProb/test/infrastructure/super_admin/supabase_mfa_repository_test.dart: SupabaseMfaRepository constructor accepts a single SupabaseClient
00:59 +1073 ~6 -5: C:/Projects/VeraProb/test/infrastructure/super_admin/supabase_mfa_repository_test.dart: SupabaseMfaRepository getMfaStatus returns needsEnrollment when no TOTP factors exist
00:59 +1074 ~6 -5: C:/Projects/VeraProb/test/infrastructure/super_admin/supabase_mfa_repository_test.dart: SupabaseMfaRepository getMfaStatus returns needsChallenge when TOTP enrolled but AAL1
00:59 +1075 ~6 -5: C:/Projects/VeraProb/test/infrastructure/super_admin/supabase_mfa_repository_test.dart: SupabaseMfaRepository verifyChallenge returns failure immediately when locked out
00:59 +1076 ~6 -5: C:/Projects/VeraProb/test/infrastructure/super_admin/supabase_mfa_repository_test.dart: SupabaseMfaRepository verifyChallenge returns success and resets lockout on valid code
00:59 +1077 ~6 -5: C:/Projects/VeraProb/test/infrastructure/super_admin/supabase_mfa_repository_test.dart: SupabaseMfaRepository verifyChallenge records failure and returns failure on invalid code
01:00 +1078 ~6 -5: C:/Projects/VeraProb/test/infrastructure/super_admin/supabase_super_admin_repository_test.dart: (setUpAll)
01:00 +1078 ~6 -5: C:/Projects/VeraProb/test/infrastructure/super_admin/supabase_super_admin_repository_test.dart: SupabaseSuperAdminRepository ÔÇö Edge Proxy constructor accepts exactly one SupabaseClient (no service_role field)
01:00 +1079 ~6 -5: C:/Projects/VeraProb/test/infrastructure/super_admin/supabase_super_admin_repository_test.dart: SupabaseSuperAdminRepository ÔÇö Edge Proxy getAllTenantHealth invokes super-admin-proxy with action=list_tenant_health
01:00 +1080 ~6 -5: C:/Projects/VeraProb/test/infrastructure/super_admin/supabase_super_admin_repository_test.dart: SupabaseSuperAdminRepository ÔÇö Edge Proxy getAllTenantHealth returns empty list when proxy returns empty data
01:00 +1081 ~6 -5: C:/Projects/VeraProb/test/infrastructure/super_admin/supabase_super_admin_repository_test.dart: SupabaseSuperAdminRepository ÔÇö Edge Proxy getSystemAuditLog invokes super-admin-proxy with action=get_audit_log
01:00 +1082 ~6 -5: C:/Projects/VeraProb/test/infrastructure/super_admin/supabase_super_admin_repository_test.dart: SupabaseSuperAdminRepository ÔÇö Edge Proxy getSystemAuditLog passes limit in params
01:00 +1083 ~6 -5: C:/Projects/VeraProb/test/infrastructure/super_admin/supabase_super_admin_repository_test.dart: SupabaseSuperAdminRepository ÔÇö Edge Proxy getSystemAuditLog passes organizationId filter in params when provided
01:00 +1084 ~6 -5: C:/Projects/VeraProb/test/infrastructure/super_admin/supabase_super_admin_repository_test.dart: SupabaseSuperAdminRepository ÔÇö Edge Proxy getSystemAuditLog passes severity filter in params when provided
01:00 +1085 ~6 -5: C:/Projects/VeraProb/test/infrastructure/super_admin/supabase_super_admin_repository_test.dart: SupabaseSuperAdminRepository ÔÇö Edge Proxy getSystemAuditLog omits null filters from params
01:00 +1086 ~6 -5: C:/Projects/VeraProb/test/infrastructure/super_admin/supabase_super_admin_repository_test.dart: (tearDownAll)
01:00 +1086 ~6 -5: C:/Projects/VeraProb/test/integration/invariants_mt9_test.dart: MT-9.3 ÔÇö Invariant Integration Tests (setUpAll)
01:01 +1087 ~6 -5: C:/Projects/VeraProb/test/integration/invariants_mt9_test.dart: MT-9.3 ÔÇö Invariant Integration Tests (setUpAll)
01:01 +1087 ~6 -5: C:/Projects/VeraProb/test/integration/jwt_hook_e2e_test.dart: JWT Hook E2E ÔÇö Phase 9.4.3 (setUpAll)
01:02 +1088 ~6 -5: C:/Projects/VeraProb/test/integration/jwt_hook_e2e_test.dart: JWT Hook E2E ÔÇö Phase 9.4.3 (setUpAll)
01:02 +1089 ~6 -5: C:/Projects/VeraProb/test/integration/jwt_hook_e2e_test.dart: JWT Hook E2E ÔÇö Phase 9.4.3 (setUpAll)
01:02 +1090 ~6 -5: C:/Projects/VeraProb/test/integration/jwt_hook_e2e_test.dart: JWT Hook E2E ÔÇö Phase 9.4.3 (setUpAll)
01:02 +1091 ~6 -5: C:/Projects/VeraProb/test/integration/jwt_hook_e2e_test.dart: JWT Hook E2E ÔÇö Phase 9.4.3 (setUpAll)
01:02 +1092 ~6 -5: C:/Projects/VeraProb/test/integration/jwt_hook_e2e_test.dart: JWT Hook E2E ÔÇö Phase 9.4.3 (setUpAll)
01:02 +1093 ~6 -5: C:/Projects/VeraProb/test/integration/jwt_hook_e2e_test.dart: JWT Hook E2E ÔÇö Phase 9.4.3 (setUpAll)
01:02 +1094 ~6 -5: C:/Projects/VeraProb/test/integration/jwt_hook_e2e_test.dart: JWT Hook E2E ÔÇö Phase 9.4.3 (setUpAll)
01:02 +1095 ~6 -5: C:/Projects/VeraProb/test/integration/jwt_hook_e2e_test.dart: JWT Hook E2E ÔÇö Phase 9.4.3 (setUpAll)
01:02 +1096 ~6 -5: C:/Projects/VeraProb/test/integration/jwt_hook_e2e_test.dart: JWT Hook E2E ÔÇö Phase 9.4.3 (setUpAll)
01:02 +1097 ~6 -5: C:/Projects/VeraProb/test/integration/jwt_hook_e2e_test.dart: JWT Hook E2E ÔÇö Phase 9.4.3 (setUpAll)
01:02 +1098 ~6 -5: C:/Projects/VeraProb/test/integration/jwt_hook_e2e_test.dart: JWT Hook E2E ÔÇö Phase 9.4.3 (setUpAll)
01:02 +1099 ~6 -5: C:/Projects/VeraProb/test/integration/jwt_hook_e2e_test.dart: JWT Hook E2E ÔÇö Phase 9.4.3 (setUpAll)
01:02 +1099 ~6 -5: C:/Projects/VeraProb/test/integration/sanction_escalation_log_test.dart: sanction_escalation_log ÔÇö DB invariants UPDATE is blocked by trigger (INV-1)
  Skip: SUPABASE_URL not configured ÔÇö skipping integration tests
01:02 +1099 ~7 -5: C:/Projects/VeraProb/test/integration/jwt_hook_e2e_test.dart: JWT Hook E2E ÔÇö Phase 9.4.3 (setUpAll)
01:02 +1099 ~7 -5: C:/Projects/VeraProb/test/integration/sanction_escalation_log_test.dart: sanction_escalation_log ÔÇö DB invariants DELETE is blocked by trigger (INV-1)
  Skip: SUPABASE_URL not configured ÔÇö skipping integration tests
01:02 +1099 ~8 -5: C:/Projects/VeraProb/test/integration/jwt_hook_e2e_test.dart: JWT Hook E2E ÔÇö Phase 9.4.3 (setUpAll)
01:03 +1099 ~8 -5: C:/Projects/VeraProb/test/integration/rls_isolation_test.dart: RLS Isolation ÔÇö Phase 9.4.2 (setUpAll)
01:03 +1099 ~8 -5: C:/Projects/VeraProb/test/integration/sanction_review_queue_test.dart: sanction_review_queue ÔÇö DB invariants trigger auto-populates queue on SANCTION_RECOMMENDED insert
  Skip: SUPABASE_URL not configured ÔÇö skipping integration tests
01:03 +1099 ~9 -5: C:/Projects/VeraProb/test/integration/rls_isolation_test.dart: RLS Isolation ÔÇö Phase 9.4.2 (setUpAll)
01:03 +1099 ~9 -5: C:/Projects/VeraProb/test/integration/sanction_review_queue_test.dart: sanction_review_queue ÔÇö DB invariants duplicate SANCTION_RECOMMENDED insert ÔåÆ only one queue row (INV-24)
  Skip: SUPABASE_URL not configured ÔÇö skipping integration tests
01:03 +1099 ~10 -5: C:/Projects/VeraProb/test/integration/rls_isolation_test.dart: RLS Isolation ÔÇö Phase 9.4.2 (setUpAll)
01:03 +1099 ~10 -5: C:/Projects/VeraProb/test/integration/sanction_review_queue_test.dart: sanction_review_queue ÔÇö DB invariants UPDATE on immutable field ÔåÆ restrict_violation (INV-1)
  Skip: SUPABASE_URL not configured ÔÇö skipping integration tests
01:03 +1099 ~11 -5: C:/Projects/VeraProb/test/integration/rls_isolation_test.dart: RLS Isolation ÔÇö Phase 9.4.2 (setUpAll)
01:03 +1100 ~11 -5: C:/Projects/VeraProb/test/integration/rls_isolation_test.dart: RLS Isolation ÔÇö Phase 9.4.2 (setUpAll)
01:03 +1101 ~11 -5: C:/Projects/VeraProb/test/integration/rls_isolation_test.dart: RLS Isolation ÔÇö Phase 9.4.2 (setUpAll)
01:03 +1101 ~11 -5: C:/Projects/VeraProb/test/presentation/sla_financial_impact_screen_test.dart: SlaFinancialImpactScreen renders 4 KPI cards with correct titles
01:03 +1102 ~11 -5: C:/Projects/VeraProb/test/presentation/sla_financial_impact_screen_test.dart: SlaFinancialImpactScreen renders 4 KPI cards with correct titles
01:03 +1103 ~11 -5: C:/Projects/VeraProb/test/presentation/sla_financial_impact_screen_test.dart: SlaFinancialImpactScreen renders 4 KPI cards with correct titles
01:03 +1104 ~11 -5: C:/Projects/VeraProb/test/presentation/sla_financial_impact_screen_test.dart: SlaFinancialImpactScreen renders 4 KPI cards with correct titles
01:03 +1105 ~11 -5: C:/Projects/VeraProb/test/presentation/sla_financial_impact_screen_test.dart: SlaFinancialImpactScreen renders 4 KPI cards with correct titles
01:03 +1106 ~11 -5: C:/Projects/VeraProb/test/presentation/sla_financial_impact_screen_test.dart: SlaFinancialImpactScreen renders 4 KPI cards with correct titles
01:03 +1107 ~11 -5: C:/Projects/VeraProb/test/presentation/sla_financial_impact_screen_test.dart: SlaFinancialImpactScreen renders 4 KPI cards with correct titles
01:03 +1108 ~11 -5: C:/Projects/VeraProb/test/presentation/sla_financial_impact_screen_test.dart: SlaFinancialImpactScreen renders 4 KPI cards with correct titles
01:03 +1109 ~11 -5: C:/Projects/VeraProb/test/presentation/sla_financial_impact_screen_test.dart: SlaFinancialImpactScreen renders 4 KPI cards with correct titles
01:04 +1110 ~11 -5: C:/Projects/VeraProb/test/presentation/sla_financial_impact_screen_test.dart: SlaFinancialImpactScreen renders 4 KPI cards with correct titles
01:04 +1111 ~11 -5: C:/Projects/VeraProb/test/presentation/sla_financial_impact_screen_test.dart: SlaFinancialImpactScreen renders 4 KPI cards with correct titles
01:04 +1112 ~11 -5: C:/Projects/VeraProb/test/presentation/sla_financial_impact_screen_test.dart: SlaFinancialImpactScreen renders 4 KPI cards with correct titles
01:04 +1113 ~11 -5: C:/Projects/VeraProb/test/presentation/sla_financial_impact_screen_test.dart: SlaFinancialImpactScreen renders 4 KPI cards with correct titles
01:04 +1114 ~11 -5: C:/Projects/VeraProb/test/smoke/navigation_smoke_test.dart: Smoke 4: Regress├úo de Navega├º├úo (Cen├írio 14.11) 4.1 ÔÇö selectedId=null: exibe lista de contratos
01:04 +1114 ~11 -5: C:/Projects/VeraProb/test/smoke/supabase_smoke_test.dart: Smoke 1: Fluxo B2B Completo (3.1ÔÇô3.7, 14.12) 1.1 ÔÇö Contrato criado com status draft
  Skip: Credenciais Supabase ausentes ÔÇö passe --dart-define=SUPABASE_URL=... SUPABASE_KEY=...
01:04 +1114 ~12 -5: C:/Projects/VeraProb/test/smoke/navigation_smoke_test.dart: Smoke 4: Regress├úo de Navega├º├úo (Cen├írio 14.11) 4.1 ÔÇö selectedId=null: exibe lista de contratos
01:04 +1114 ~12 -5: C:/Projects/VeraProb/test/smoke/supabase_smoke_test.dart: Smoke 1: Fluxo B2B Completo (3.1ÔÇô3.7, 14.12) 1.2 ÔÇö Wizard B2B: plano declarado com VehicleCategory + 7 campos SLA
  Skip: Credenciais Supabase ausentes ÔÇö passe --dart-define=SUPABASE_URL=... SUPABASE_KEY=...
01:04 +1114 ~13 -5: C:/Projects/VeraProb/test/smoke/navigation_smoke_test.dart: Smoke 4: Regress├úo de Navega├º├úo (Cen├írio 14.11) 4.1 ÔÇö selectedId=null: exibe lista de contratos
01:04 +1114 ~13 -5: C:/Projects/VeraProb/test/smoke/supabase_smoke_test.dart: Smoke 1: Fluxo B2B Completo (3.1ÔÇô3.7, 14.12) 1.3 ÔÇö Plano persistido no Supabase com vers├úo correta
  Skip: Credenciais Supabase ausentes ÔÇö passe --dart-define=SUPABASE_URL=... SUPABASE_KEY=...
01:04 +1114 ~14 -5: C:/Projects/VeraProb/test/smoke/navigation_smoke_test.dart: Smoke 4: Regress├úo de Navega├º├úo (Cen├írio 14.11) 4.1 ÔÇö selectedId=null: exibe lista de contratos
01:04 +1115 ~14 -5: C:/Projects/VeraProb/test/smoke/navigation_smoke_test.dart: Smoke 4: Regress├úo de Navega├º├úo (Cen├írio 14.11) 4.1 ÔÇö selectedId=null: exibe lista de contratos
01:04 +1116 ~14 -5: C:/Projects/VeraProb/test/smoke/navigation_smoke_test.dart: Smoke 4: Regress├úo de Navega├º├úo (Cen├írio 14.11) 4.1 ÔÇö selectedId=null: exibe lista de contratos
01:04 +1117 ~14 -5: C:/Projects/VeraProb/test/smoke/navigation_smoke_test.dart: Smoke 4: Regress├úo de Navega├º├úo (Cen├írio 14.11) 4.1 ÔÇö selectedId=null: exibe lista de contratos
01:04 +1117 ~14 -5: C:/Projects/VeraProb/test/smoke/supabase_smoke_test.dart: Smoke 2: Integridade JSONB (7.4, 14.4) 2.4 ÔÇö [db] shift_patterns_payload persiste estrutura JSONB correta
  Skip: Credenciais Supabase ausentes.
01:04 +1117 ~15 -5: C:/Projects/VeraProb/test/smoke/navigation_smoke_test.dart: Smoke 4: Regress├úo de Navega├º├úo (Cen├írio 14.11) 4.1 ÔÇö selectedId=null: exibe lista de contratos
01:04 +1117 ~15 -5: C:/Projects/VeraProb/test/smoke/supabase_smoke_test.dart: Smoke 2: Integridade JSONB (7.4, 14.4) 2.5 ÔÇö [db] organization_id em contracts corresponde ao tenant (Cen├írio 7.4)
  Skip: Credenciais Supabase ausentes.
01:04 +1117 ~16 -5: C:/Projects/VeraProb/test/smoke/navigation_smoke_test.dart: Smoke 4: Regress├úo de Navega├º├úo (Cen├írio 14.11) 4.1 ÔÇö selectedId=null: exibe lista de contratos
01:04 +1117 ~16 -5: C:/Projects/VeraProb/test/smoke/supabase_smoke_test.dart: Smoke 3: Simulador de Telemetria (Cen├írio 6.1) 3.1 ÔÇö SET criado com status pending
  Skip: Credenciais Supabase ausentes.
01:04 +1117 ~17 -5: C:/Projects/VeraProb/test/smoke/navigation_smoke_test.dart: Smoke 4: Regress├úo de Navega├º├úo (Cen├írio 14.11) 4.1 ÔÇö selectedId=null: exibe lista de contratos
01:04 +1117 ~17 -5: C:/Projects/VeraProb/test/smoke/supabase_smoke_test.dart: Smoke 3: Simulador de Telemetria (Cen├írio 6.1) 3.2 ÔÇö GPS na geofence ÔåÆ status = executed ap├│s dwell time satisfeito
  Skip: Credenciais Supabase ausentes.
01:04 +1117 ~18 -5: C:/Projects/VeraProb/test/smoke/navigation_smoke_test.dart: Smoke 4: Regress├úo de Navega├º├úo (Cen├írio 14.11) 4.1 ÔÇö selectedId=null: exibe lista de contratos
01:04 +1117 ~18 -5: C:/Projects/VeraProb/test/smoke/supabase_smoke_test.dart: Smoke 5: Clone de Contrato + SLA Templates (5.11) 5.1 ÔÇö Clone cria draft com clonedFromContractId correto
  Skip: Credenciais Supabase ausentes.
01:04 +1117 ~19 -5: C:/Projects/VeraProb/test/smoke/navigation_smoke_test.dart: Smoke 4: Regress├úo de Navega├º├úo (Cen├írio 14.11) 4.1 ÔÇö selectedId=null: exibe lista de contratos
01:04 +1117 ~19 -5: C:/Projects/VeraProb/test/smoke/supabase_smoke_test.dart: Smoke 5: Clone de Contrato + SLA Templates (5.11) 5.2 ÔÇö Clone cross-tenant rejeitado com DomainException
  Skip: Credenciais Supabase ausentes.
01:04 +1117 ~20 -5: C:/Projects/VeraProb/test/smoke/navigation_smoke_test.dart: Smoke 4: Regress├úo de Navega├º├úo (Cen├írio 14.11) 4.1 ÔÇö selectedId=null: exibe lista de contratos
01:04 +1117 ~20 -5: C:/Projects/VeraProb/test/smoke/supabase_smoke_test.dart: Smoke 5: Clone de Contrato + SLA Templates (5.11) 5.3 ÔÇö [db] cloned_from_contract_id persistido no Supabase
  Skip: Credenciais Supabase ausentes.
01:04 +1117 ~21 -5: C:/Projects/VeraProb/test/smoke/navigation_smoke_test.dart: Smoke 4: Regress├úo de Navega├º├úo (Cen├írio 14.11) 4.1 ÔÇö selectedId=null: exibe lista de contratos
01:04 +1117 ~21 -5: C:/Projects/VeraProb/test/smoke/supabase_smoke_test.dart: Smoke 5: Clone de Contrato + SLA Templates (5.11) 5.4 ÔÇö SlaTemplate save + findByOrganization round-trip
  Skip: Credenciais Supabase ausentes.
01:04 +1117 ~22 -5: C:/Projects/VeraProb/test/smoke/navigation_smoke_test.dart: Smoke 4: Regress├úo de Navega├º├úo (Cen├írio 14.11) 4.1 ÔÇö selectedId=null: exibe lista de contratos
01:04 +1117 ~22 -5: C:/Projects/VeraProb/test/smoke/supabase_smoke_test.dart: Smoke 5: Clone de Contrato + SLA Templates (5.11) 5.5 ÔÇö [db] penalties_payload JSONB preserva todos os 7 campos SLA
  Skip: Credenciais Supabase ausentes.
01:04 +1117 ~23 -5: C:/Projects/VeraProb/test/smoke/navigation_smoke_test.dart: Smoke 4: Regress├úo de Navega├º├úo (Cen├írio 14.11) 4.1 ÔÇö selectedId=null: exibe lista de contratos
01:04 +1118 ~23 -5: C:/Projects/VeraProb/test/smoke/navigation_smoke_test.dart: Smoke 4: Regress├úo de Navega├º├úo (Cen├írio 14.11) 4.1 ÔÇö selectedId=null: exibe lista de contratos
01:04 +1119 ~23 -5: C:/Projects/VeraProb/test/smoke/navigation_smoke_test.dart: Smoke 4: Regress├úo de Navega├º├úo (Cen├írio 14.11) 4.1 ÔÇö selectedId=null: exibe lista de contratos
01:04 +1120 ~23 -5: C:/Projects/VeraProb/test/smoke/navigation_smoke_test.dart: Smoke 4: Regress├úo de Navega├º├úo (Cen├írio 14.11) 4.1 ÔÇö selectedId=null: exibe lista de contratos
01:04 +1121 ~23 -5: C:/Projects/VeraProb/test/smoke/navigation_smoke_test.dart: Smoke 4: Regress├úo de Navega├º├úo (Cen├írio 14.11) 4.1 ÔÇö selectedId=null: exibe lista de contratos
01:05 +1122 ~23 -5: C:/Projects/VeraProb/test/smoke/navigation_smoke_test.dart: Smoke 4: Regress├úo de Navega├º├úo (Cen├írio 14.11) 4.1 ÔÇö selectedId=null: exibe lista de contratos
01:05 +1123 ~23 -5: C:/Projects/VeraProb/test/integration/rls_isolation_test.dart: RLS Isolation ÔÇö Phase 9.4.2 Case 11 ÔÇö INV-10: Super admin JWT has null organization_id and super_admin=true
01:05 +1124 ~23 -5: C:/Projects/VeraProb/test/integration/rls_isolation_test.dart: RLS Isolation ÔÇö Phase 9.4.2 Case 11 ÔÇö INV-10: Super admin JWT has null organization_id and super_admin=true
01:05 +1125 ~23 -5: C:/Projects/VeraProb/test/integration/rls_isolation_test.dart: RLS Isolation ÔÇö Phase 9.4.2 Case 11 ÔÇö INV-10: Super admin JWT has null organization_id and super_admin=true
01:05 +1126 ~23 -5: C:/Projects/VeraProb/test/integration/rls_isolation_test.dart: RLS Isolation ÔÇö Phase 9.4.2 Case 11 ÔÇö INV-10: Super admin JWT has null organization_id and super_admin=true
01:05 +1127 ~23 -5: C:/Projects/VeraProb/test/smoke/navigation_smoke_test.dart: Smoke 4: Regress├úo de Navega├º├úo (Cen├írio 14.11) 4.2 ÔÇö selectedIdÔëánull: redireciona imediatamente para ContractDetailScreen
01:05 +1128 ~23 -5: C:/Projects/VeraProb/test/integration/rls_isolation_test.dart: RLS Isolation ÔÇö Phase 9.4.2 Case 12 ÔÇö INV-24: Double-acceptance of invitation token is rejected
01:05 +1129 ~23 -5: C:/Projects/VeraProb/test/integration/rls_isolation_test.dart: RLS Isolation ÔÇö Phase 9.4.2 Case 12 ÔÇö INV-24: Double-acceptance of invitation token is rejected
01:05 +1130 ~23 -5: C:/Projects/VeraProb/test/integration/rls_isolation_test.dart: RLS Isolation ÔÇö Phase 9.4.2 (tearDownAll)
01:05 +1130 ~23 -5: C:/Projects/VeraProb/test/state/providers/investigation_providers_test.dart: ledgerEntriesProvider returns empty list when currentOrganizationIdProvider is null
01:05 +1131 ~23 -5: C:/Projects/VeraProb/test/state/providers/investigation_providers_test.dart: ledgerEntriesProvider calls getEntriesBySetId with correct organizationId
01:05 +1132 ~23 -5: C:/Projects/VeraProb/test/state/providers/investigation_providers_test.dart: ledgerEntriesProvider enforces chronological sort regardless of repository return order
01:05 +1133 ~23 -5: C:/Projects/VeraProb/test/state/providers/investigation_providers_test.dart: ledgerEntriesProvider passes setId as positional argument to repository
01:05 +1134 ~23 -5: C:/Projects/VeraProb/test/state/providers/investigation_providers_test.dart: evaluationTracesProvider calls findByEntityId with the correct entityId parameter
01:05 +1135 ~23 -5: C:/Projects/VeraProb/test/state/providers/investigation_providers_test.dart: evaluationTracesProvider returns empty list when repository returns no traces
01:05 +1136 ~23 -5: C:/Projects/VeraProb/test/state/providers/investigation_providers_test.dart: executionStateProvider calls findBySetId with the correct setId parameter
01:05 +1137 ~23 -5: C:/Projects/VeraProb/test/state/providers/investigation_providers_test.dart: executionStateProvider returns null when execution state does not exist
01:05 +1138 ~23 -5: C:/Projects/VeraProb/test/validation/phase5_4_validation_scenarios_test.dart: (setUpAll)
01:05 +1138 ~23 -5: C:/Projects/VeraProb/test/validation/phase5_4_validation_scenarios_test.dart: Cen├írio 5.1 ÔÇö Plano criado via UI gera PLAN_DECLARED no ledger 5.1.a: handler produz entrada PLAN_DECLARED id├¬ntica ao fluxo de API
01:05 +1139 ~23 -5: C:/Projects/VeraProb/test/validation/phase5_4_validation_scenarios_test.dart: Cen├írio 5.1 ÔÇö Plano criado via UI gera PLAN_DECLARED no ledger 5.1.b: hash do plano ├® preservado sem altera├º├úo pelo handler
01:05 +1140 ~23 -5: C:/Projects/VeraProb/test/validation/phase5_4_validation_scenarios_test.dart: Cen├írio 5.2 ÔÇö Plano publicado n├úo pode ser editado; apenas nova vers├úo 5.2.a: PlanDeclaration exp├Áe services como lista imut├ível
01:05 +1141 ~23 -5: C:/Projects/VeraProb/test/validation/phase5_4_validation_scenarios_test.dart: Cen├írio 5.2 ÔÇö Plano publicado n├úo pode ser editado; apenas nova vers├úo 5.2.b: nova vers├úo do plano cria aggregate distinto (n├úo sobrescreve)
01:05 +1142 ~23 -5: C:/Projects/VeraProb/test/validation/phase5_4_validation_scenarios_test.dart: Cen├írio 5.2 ÔÇö Plano publicado n├úo pode ser editado; apenas nova vers├úo 5.2.c: PlanDeclaration.domainEvents s├úo imut├íveis ap├│s cria├º├úo
01:05 +1143 ~23 -5: C:/Projects/VeraProb/test/validation/phase5_4_validation_scenarios_test.dart: Cen├írio 5.3 ÔÇö Operador de Org A n├úo v├¬ contratos de Org B 5.3.a: ContractRepository.findByOrganization isola por tenant
01:05 +1144 ~23 -5: C:/Projects/VeraProb/test/validation/phase5_4_validation_scenarios_test.dart: Cen├írio 5.3 ÔÇö Operador de Org A n├úo v├¬ contratos de Org B 5.3.b: ContractQueryServiceInMemory.listContracts isola por tenant
01:05 +1145 ~23 -5: C:/Projects/VeraProb/test/validation/phase5_4_validation_scenarios_test.dart: Cen├írio 5.3 ÔÇö Operador de Org A n├úo v├¬ contratos de Org B 5.3.c: findById com org errada retorna null (acesso cross-tenant negado)
01:05 +1146 ~23 -5: C:/Projects/VeraProb/test/validation/phase5_4_validation_scenarios_test.dart: Cen├írio 5.4 ÔÇö Contrato encerrado n├úo aceita novos planos 5.4.a: DeclareContractualPlanHandler lan├ºa DomainException para contrato closed
01:05 +1147 ~23 -5: C:/Projects/VeraProb/test/validation/phase5_4_validation_scenarios_test.dart: Cen├írio 5.4 ÔÇö Contrato encerrado n├úo aceita novos planos 5.4.b: assertCanReceivePlan impede plano mesmo em contrato draft encerrado diretamente
01:05 +1148 ~23 -5: C:/Projects/VeraProb/test/validation/phase5_4_validation_scenarios_test.dart: Cen├írio 5.4 ÔÇö Contrato encerrado n├úo aceita novos planos 5.4.c: contrato active (n├úo closed) aceita plano normalmente
01:05 +1149 ~23 -5: C:/Projects/VeraProb/test/validation/phase5_4_validation_scenarios_test.dart: Cen├írio 5.1-B2B ÔÇö Plano declarado com ShiftPattern gera PLAN_DECLARED 5.1-B2B: handler com ShiftPattern produz PLAN_DECLARED id├¬ntico ao fluxo manual
01:06 +1150 ~23 -5: C:/Projects/VeraProb/test/validation/phase5_4_validation_scenarios_test.dart: (tearDownAll)
01:06 +1150 ~23 -5: Some tests failed.
